
*** Running vivado
    with args -log exam2_A.vdi -applog -m64 -product Vivado -messageDb vivado.pb -mode batch -source exam2_A.tcl -notrace


****** Vivado v2019.2 (64-bit)
  **** SW Build 2708876 on Wed Nov  6 21:40:23 MST 2019
  **** IP Build 2700528 on Thu Nov  7 00:09:20 MST 2019
    ** Copyright 1986-2019 Xilinx, Inc. All Rights Reserved.

source exam2_A.tcl -notrace
Command: link_design -top exam2_A -part xc7a35tcpg236-1
Design is defaulting to srcset: sources_1
Design is defaulting to constrset: constrs_1
INFO: [Device 21-403] Loading part xc7a35tcpg236-1
Netlist sorting complete. Time (s): cpu = 00:00:00 ; elapsed = 00:00:00.002 . Memory (MB): peak = 538.203 ; gain = 0.000
INFO: [Netlist 29-17] Analyzing 4 Unisim elements for replacement
INFO: [Netlist 29-28] Unisim Transformation completed in 0 CPU seconds
INFO: [Project 1-479] Netlist was created with Vivado 2019.2
INFO: [Project 1-570] Preparing netlist for logic optimization
Parsing XDC File [C:/Users/jiang/OneDrive/LabFile/Final/Prac/C/exam2_C.xdc]
Finished Parsing XDC File [C:/Users/jiang/OneDrive/LabFile/Final/Prac/C/exam2_C.xdc]
INFO: [Opt 31-138] Pushed 0 inverter(s) to 0 load pin(s).
Netlist sorting complete. Time (s): cpu = 00:00:00 ; elapsed = 00:00:00 . Memory (MB): peak = 657.207 ; gain = 0.000
INFO: [Project 1-111] Unisim Transformation Summary:
No Unisim elements were transformed.

7 Infos, 0 Warnings, 0 Critical Warnings and 0 Errors encountered.
link_design completed successfully
link_design: Time (s): cpu = 00:00:07 ; elapsed = 00:00:09 . Memory (MB): peak = 661.230 ; gain = 363.086
Command: opt_design
Attempting to get a license for feature 'Implementation' and/or device 'xc7a35t'
INFO: [Common 17-349] Got license for feature 'Implementation' and/or device 'xc7a35t'
Running DRC as a precondition to command opt_design

Starting DRC Task
INFO: [DRC 23-27] Running DRC with 2 threads
INFO: [Project 1-461] DRC finished with 0 Errors
INFO: [Project 1-462] Please refer to the DRC report (report_drc) for more information.

Time (s): cpu = 00:00:01 ; elapsed = 00:00:00.691 . Memory (MB): peak = 681.145 ; gain = 19.914

Starting Cache Timing Information Task
INFO: [Timing 38-35] Done setting XDC timing constraints.
Ending Cache Timing Information Task | Checksum: 15add1cd5

Time (s): cpu = 00:00:10 ; elapsed = 00:00:11 . Memory (MB): peak = 1216.633 ; gain = 535.488

Starting Logic Optimization Task

Phase 1 Retarget
INFO: [Opt 31-138] Pushed 0 inverter(s) to 0 load pin(s).
INFO: [Opt 31-49] Retargeted 0 cell(s).
Phase 1 Retarget | Checksum: 15add1cd5

Time (s): cpu = 00:00:00 ; elapsed = 00:00:00.019 . Memory (MB): peak = 1412.617 ; gain = 0.000
INFO: [Opt 31-389] Phase Retarget created 0 cells and removed 0 cells

Phase 2 Constant propagation
INFO: [Opt 31-138] Pushed 0 inverter(s) to 0 load pin(s).
Phase 2 Constant propagation | Checksum: 15add1cd5

Time (s): cpu = 00:00:00 ; elapsed = 00:00:00.021 . Memory (MB): peak = 1412.617 ; gain = 0.000
INFO: [Opt 31-389] Phase Constant propagation created 0 cells and removed 0 cells

Phase 3 Sweep
Phase 3 Sweep | Checksum: 15493c7d4

Time (s): cpu = 00:00:00 ; elapsed = 00:00:00.025 . Memory (MB): peak = 1412.617 ; gain = 0.000
INFO: [Opt 31-389] Phase Sweep created 0 cells and removed 0 cells

Phase 4 BUFG optimization
INFO: [Opt 31-1112] Starts optimizing BUFG(s) with a common MMCM/DPLL/XPLL driver.
INFO: [Opt 31-1112] Starts optimizing BUFG(s) with a common driver.
INFO: [Opt 31-1092] Phase BUFG optimization transformed 0 BUFG(s) to MBUFG(s).
Phase 4 BUFG optimization | Checksum: 15493c7d4

Time (s): cpu = 00:00:00 ; elapsed = 00:00:00.033 . Memory (MB): peak = 1412.617 ; gain = 0.000
INFO: [Opt 31-662] Phase BUFG optimization created 0 cells of which 0 are BUFGs and removed 0 cells.

Phase 5 Shift Register Optimization
INFO: [Opt 31-1064] SRL Remap converted 0 SRLs to 0 registers and converted 0 registers of register chains to 0 SRLs
Phase 5 Shift Register Optimization | Checksum: 15493c7d4

Time (s): cpu = 00:00:00 ; elapsed = 00:00:00.036 . Memory (MB): peak = 1412.617 ; gain = 0.000
INFO: [Opt 31-389] Phase Shift Register Optimization created 0 cells and removed 0 cells

Phase 6 Post Processing Netlist
Phase 6 Post Processing Netlist | Checksum: 15493c7d4

Time (s): cpu = 00:00:00 ; elapsed = 00:00:00.037 . Memory (MB): peak = 1412.617 ; gain = 0.000
INFO: [Opt 31-389] Phase Post Processing Netlist created 0 cells and removed 0 cells
Opt_design Change Summary
=========================


-------------------------------------------------------------------------------------------------------------------------
|  Phase                        |  #Cells created  |  #Cells Removed  |  #Constrained objects preventing optimizations  |
-------------------------------------------------------------------------------------------------------------------------
|  Retarget                     |               0  |               0  |                                              0  |
|  Constant propagation         |               0  |               0  |                                              0  |
|  Sweep                        |               0  |               0  |                                              0  |
|  BUFG optimization            |               0  |               0  |                                              0  |
|  Shift Register Optimization  |               0  |               0  |                                              0  |
|  Post Processing Netlist      |               0  |               0  |                                              0  |
-------------------------------------------------------------------------------------------------------------------------



Starting Connectivity Check Task

Time (s): cpu = 00:00:00 ; elapsed = 00:00:00.001 . Memory (MB): peak = 1412.617 ; gain = 0.000
Ending Logic Optimization Task | Checksum: 1165d2c91

Time (s): cpu = 00:00:00 ; elapsed = 00:00:00.051 . Memory (MB): peak = 1412.617 ; gain = 0.000

Starting Power Optimization Task
INFO: [Pwropt 34-132] Skipping clock gating for clocks with a period < 2.00 ns.
Ending Power Optimization Task | Checksum: 1165d2c91

Time (s): cpu = 00:00:00 ; elapsed = 00:00:00.012 . Memory (MB): peak = 1412.617 ; gain = 0.000

Starting Final Cleanup Task
Ending Final Cleanup Task | Checksum: 1165d2c91

Time (s): cpu = 00:00:00 ; elapsed = 00:00:00 . Memory (MB): peak = 1412.617 ; gain = 0.000

Starting Netlist Obfuscation Task
Netlist sorting complete. Time (s): cpu = 00:00:00 ; elapsed = 00:00:00 . Memory (MB): peak = 1412.617 ; gain = 0.000
Ending Netlist Obfuscation Task | Checksum: 1165d2c91

Time (s): cpu = 00:00:00 ; elapsed = 00:00:00 . Memory (MB): peak = 1412.617 ; gain = 0.000
INFO: [Common 17-83] Releasing license: Implementation
27 Infos, 0 Warnings, 0 Critical Warnings and 0 Errors encountered.
opt_design completed successfully
opt_design: Time (s): cpu = 00:00:14 ; elapsed = 00:00:15 . Memory (MB): peak = 1412.617 ; gain = 751.387
Netlist sorting complete. Time (s): cpu = 00:00:00 ; elapsed = 00:00:00 . Memory (MB): peak = 1412.617 ; gain = 0.000
INFO: [Timing 38-480] Writing timing data to binary archive.
Writing placer database...
Writing XDEF routing.
Writing XDEF routing logical nets.
Writing XDEF routing special nets.
Write XDEF Complete: Time (s): cpu = 00:00:00 ; elapsed = 00:00:00.049 . Memory (MB): peak = 1412.617 ; gain = 0.000
INFO: [Common 17-1381] The checkpoint 'C:/Users/jiang/OneDrive/Vivado/Final/Prac1/Prac1.runs/impl_1/exam2_A_opt.dcp' has been generated.
INFO: [runtcl-4] Executing : report_drc -file exam2_A_drc_opted.rpt -pb exam2_A_drc_opted.pb -rpx exam2_A_drc_opted.rpx
Command: report_drc -file exam2_A_drc_opted.rpt -pb exam2_A_drc_opted.pb -rpx exam2_A_drc_opted.rpx
INFO: [IP_Flow 19-234] Refreshing IP repositories
INFO: [IP_Flow 19-1704] No user IP repositories specified
INFO: [IP_Flow 19-2313] Loaded Vivado IP repository 'C:/Xilinx/Vivado/2019.2/data/ip'.
INFO: [DRC 23-27] Running DRC with 2 threads
INFO: [Coretcl 2-168] The results of DRC are in file C:/Users/jiang/OneDrive/Vivado/Final/Prac1/Prac1.runs/impl_1/exam2_A_drc_opted.rpt.
report_drc completed successfully
Command: place_design
Attempting to get a license for feature 'Implementation' and/or device 'xc7a35t'
INFO: [Common 17-349] Got license for feature 'Implementation' and/or device 'xc7a35t'
INFO: [DRC 23-27] Running DRC with 2 threads
INFO: [Vivado_Tcl 4-198] DRC finished with 0 Errors
INFO: [Vivado_Tcl 4-199] Please refer to the DRC report (report_drc) for more information.
Running DRC as a precondition to command place_design
INFO: [DRC 23-27] Running DRC with 2 threads
INFO: [Vivado_Tcl 4-198] DRC finished with 0 Errors
INFO: [Vivado_Tcl 4-199] Please refer to the DRC report (report_drc) for more information.

Starting Placer Task
INFO: [Place 30-611] Multithreading enabled for place_design using a maximum of 2 CPUs

Phase 1 Placer Initialization

Phase 1.1 Placer Initialization Netlist Sorting
Netlist sorting complete. Time (s): cpu = 00:00:00 ; elapsed = 00:00:00 . Memory (MB): peak = 1412.617 ; gain = 0.000
Phase 1.1 Placer Initialization Netlist Sorting | Checksum: f6783521

Time (s): cpu = 00:00:00 ; elapsed = 00:00:00.007 . Memory (MB): peak = 1412.617 ; gain = 0.000
Netlist sorting complete. Time (s): cpu = 00:00:00 ; elapsed = 00:00:00 . Memory (MB): peak = 1412.617 ; gain = 0.000

Phase 1.2 IO Placement/ Clock Placement/ Build Placer Device
INFO: [Timing 38-35] Done setting XDC timing constraints.
Phase 1.2 IO Placement/ Clock Placement/ Build Placer Device | Checksum: c61df92e

Time (s): cpu = 00:00:01 ; elapsed = 00:00:00.777 . Memory (MB): peak = 1412.617 ; gain = 0.000

Phase 1.3 Build Placer Netlist Model
Phase 1.3 Build Placer Netlist Model | Checksum: 13893b8af

Time (s): cpu = 00:00:01 ; elapsed = 00:00:00.969 . Memory (MB): peak = 1412.617 ; gain = 0.000

Phase 1.4 Constrain Clocks/Macros
Phase 1.4 Constrain Clocks/Macros | Checksum: 13893b8af

Time (s): cpu = 00:00:01 ; elapsed = 00:00:00.971 . Memory (MB): peak = 1412.617 ; gain = 0.000
Phase 1 Placer Initialization | Checksum: 13893b8af

Time (s): cpu = 00:00:01 ; elapsed = 00:00:00.973 . Memory (MB): peak = 1412.617 ; gain = 0.000

Phase 2 Global Placement

Phase 2.1 Floorplanning
Phase 2.1 Floorplanning | Checksum: 1289ba27f

Time (s): cpu = 00:00:01 ; elapsed = 00:00:01 . Memory (MB): peak = 1412.617 ; gain = 0.000

Phase 2.2 Global Placement Core

Phase 2.2.1 Physical Synthesis In Placer
INFO: [Physopt 32-775] End 1 Pass. Optimized 0 net or cell. Created 0 new cell, deleted 0 existing cell and moved 0 existing cell
INFO: [Physopt 32-65] No nets found for high-fanout optimization.
INFO: [Physopt 32-232] Optimized 0 net. Created 0 new instance.
INFO: [Physopt 32-775] End 1 Pass. Optimized 0 net or cell. Created 0 new cell, deleted 0 existing cell and moved 0 existing cell
INFO: [Physopt 32-670] No setup violation found.  DSP Register Optimization was not performed.
INFO: [Physopt 32-670] No setup violation found.  Shift Register to Pipeline Optimization was not performed.
INFO: [Physopt 32-670] No setup violation found.  Shift Register Optimization was not performed.
INFO: [Physopt 32-670] No setup violation found.  BRAM Register Optimization was not performed.
INFO: [Physopt 32-949] No candidate nets found for HD net replication
INFO: [Physopt 32-775] End 1 Pass. Optimized 0 net or cell. Created 0 new cell, deleted 0 existing cell and moved 0 existing cell
Netlist sorting complete. Time (s): cpu = 00:00:00 ; elapsed = 00:00:00 . Memory (MB): peak = 1412.617 ; gain = 0.000

Summary of Physical Synthesis Optimizations
============================================


-----------------------------------------------------------------------------------------------------------------------------------------------------------
|  Optimization                                     |  Added Cells  |  Removed Cells  |  Optimized Cells/Nets  |  Dont Touch  |  Iterations  |  Elapsed   |
-----------------------------------------------------------------------------------------------------------------------------------------------------------
|  LUT Combining                                    |            0  |              0  |                     0  |           0  |           1  |  00:00:00  |
|  Very High Fanout                                 |            0  |              0  |                     0  |           0  |           1  |  00:00:00  |
|  DSP Register                                     |            0  |              0  |                     0  |           0  |           0  |  00:00:00  |
|  Shift Register to Pipeline                       |            0  |              0  |                     0  |           0  |           0  |  00:00:00  |
|  Shift Register                                   |            0  |              0  |                     0  |           0  |           0  |  00:00:00  |
|  BRAM Register                                    |            0  |              0  |                     0  |           0  |           0  |  00:00:00  |
|  Dynamic/Static Region Interface Net Replication  |            0  |              0  |                     0  |           0  |           1  |  00:00:00  |
|  Total                                            |            0  |              0  |                     0  |           0  |           3  |  00:00:00  |
-----------------------------------------------------------------------------------------------------------------------------------------------------------


Phase 2.2.1 Physical Synthesis In Placer | Checksum: 190671147

Time (s): cpu = 00:00:02 ; elapsed = 00:00:02 . Memory (MB): peak = 1412.617 ; gain = 0.000
Phase 2.2 Global Placement Core | Checksum: fcbf6f1f

Time (s): cpu = 00:00:02 ; elapsed = 00:00:02 . Memory (MB): peak = 1412.617 ; gain = 0.000
Phase 2 Global Placement | Checksum: fcbf6f1f

Time (s): cpu = 00:00:02 ; elapsed = 00:00:02 . Memory (MB): peak = 1412.617 ; gain = 0.000

Phase 3 Detail Placement

Phase 3.1 Commit Multi Column Macros
Phase 3.1 Commit Multi Column Macros | Checksum: 112408f0a

Time (s): cpu = 00:00:02 ; elapsed = 00:00:02 . Memory (MB): peak = 1412.617 ; gain = 0.000

Phase 3.2 Commit Most Macros & LUTRAMs
Phase 3.2 Commit Most Macros & LUTRAMs | Checksum: 11fca5f1f

Time (s): cpu = 00:00:02 ; elapsed = 00:00:02 . Memory (MB): peak = 1412.617 ; gain = 0.000

Phase 3.3 Area Swap Optimization
Phase 3.3 Area Swap Optimization | Checksum: 13664a957

Time (s): cpu = 00:00:02 ; elapsed = 00:00:02 . Memory (MB): peak = 1412.617 ; gain = 0.000

Phase 3.4 Pipeline Register Optimization
Phase 3.4 Pipeline Register Optimization | Checksum: ffdad1b8

Time (s): cpu = 00:00:02 ; elapsed = 00:00:02 . Memory (MB): peak = 1412.617 ; gain = 0.000

Phase 3.5 Small Shape Detail Placement
Phase 3.5 Small Shape Detail Placement | Checksum: 15eea7683

Time (s): cpu = 00:00:03 ; elapsed = 00:00:03 . Memory (MB): peak = 1412.617 ; gain = 0.000

Phase 3.6 Re-assign LUT pins
Phase 3.6 Re-assign LUT pins | Checksum: 1b6d03e40

Time (s): cpu = 00:00:03 ; elapsed = 00:00:03 . Memory (MB): peak = 1412.617 ; gain = 0.000

Phase 3.7 Pipeline Register Optimization
Phase 3.7 Pipeline Register Optimization | Checksum: 16d81e599

Time (s): cpu = 00:00:03 ; elapsed = 00:00:03 . Memory (MB): peak = 1412.617 ; gain = 0.000
Phase 3 Detail Placement | Checksum: 16d81e599

Time (s): cpu = 00:00:03 ; elapsed = 00:00:03 . Memory (MB): peak = 1412.617 ; gain = 0.000

Phase 4 Post Placement Optimization and Clean-Up

Phase 4.1 Post Commit Optimization
INFO: [Timing 38-35] Done setting XDC timing constraints.

Phase 4.1.1 Post Placement Optimization
Post Placement Optimization Initialization | Checksum: 2352b2e12

Phase 4.1.1.1 BUFG Insertion
INFO: [Place 46-56] BUFG insertion identified 0 candidate nets. Inserted BUFG: 0, Replicated BUFG Driver: 0, Skipped due to Placement/Routing Conflicts: 0, Skipped due to Timing Degradation: 0, Skipped due to Illegal Netlist: 0.
Phase 4.1.1.1 BUFG Insertion | Checksum: 2352b2e12

Time (s): cpu = 00:00:03 ; elapsed = 00:00:03 . Memory (MB): peak = 1414.449 ; gain = 1.832
INFO: [Place 30-746] Post Placement Timing Summary WNS=7.848. For the most accurate timing information please run report_timing.
Phase 4.1.1 Post Placement Optimization | Checksum: 1b935d9ce

Time (s): cpu = 00:00:03 ; elapsed = 00:00:03 . Memory (MB): peak = 1414.449 ; gain = 1.832
Phase 4.1 Post Commit Optimization | Checksum: 1b935d9ce

Time (s): cpu = 00:00:03 ; elapsed = 00:00:03 . Memory (MB): peak = 1414.449 ; gain = 1.832

Phase 4.2 Post Placement Cleanup
Phase 4.2 Post Placement Cleanup | Checksum: 1b935d9ce

Time (s): cpu = 00:00:03 ; elapsed = 00:00:03 . Memory (MB): peak = 1414.449 ; gain = 1.832

Phase 4.3 Placer Reporting
Phase 4.3 Placer Reporting | Checksum: 1b935d9ce

Time (s): cpu = 00:00:03 ; elapsed = 00:00:03 . Memory (MB): peak = 1414.449 ; gain = 1.832

Phase 4.4 Final Placement Cleanup
Netlist sorting complete. Time (s): cpu = 00:00:00 ; elapsed = 00:00:00.001 . Memory (MB): peak = 1414.449 ; gain = 0.000
Phase 4.4 Final Placement Cleanup | Checksum: 137376b24

Time (s): cpu = 00:00:03 ; elapsed = 00:00:03 . Memory (MB): peak = 1414.449 ; gain = 1.832
Phase 4 Post Placement Optimization and Clean-Up | Checksum: 137376b24

Time (s): cpu = 00:00:03 ; elapsed = 00:00:03 . Memory (MB): peak = 1414.449 ; gain = 1.832
Ending Placer Task | Checksum: e85a058e

Time (s): cpu = 00:00:03 ; elapsed = 00:00:03 . Memory (MB): peak = 1414.449 ; gain = 1.832
INFO: [Common 17-83] Releasing license: Implementation
58 Infos, 0 Warnings, 0 Critical Warnings and 0 Errors encountered.
place_design completed successfully
Netlist sorting complete. Time (s): cpu = 00:00:00 ; elapsed = 00:00:00 . Memory (MB): peak = 1414.449 ; gain = 0.000
INFO: [Timing 38-480] Writing timing data to binary archive.
Writing placer database...
Writing XDEF routing.
Writing XDEF routing logical nets.
Writing XDEF routing special nets.
Write XDEF Complete: Time (s): cpu = 00:00:00 ; elapsed = 00:00:00.088 . Memory (MB): peak = 1414.516 ; gain = 0.066
INFO: [Common 17-1381] The checkpoint 'C:/Users/jiang/OneDrive/Vivado/Final/Prac1/Prac1.runs/impl_1/exam2_A_placed.dcp' has been generated.
INFO: [runtcl-4] Executing : report_io -file exam2_A_io_placed.rpt
report_io: Time (s): cpu = 00:00:00 ; elapsed = 00:00:00.058 . Memory (MB): peak = 1414.516 ; gain = 0.000
INFO: [runtcl-4] Executing : report_utilization -file exam2_A_utilization_placed.rpt -pb exam2_A_utilization_placed.pb
INFO: [runtcl-4] Executing : report_control_sets -verbose -file exam2_A_control_sets_placed.rpt
report_control_sets: Time (s): cpu = 00:00:00 ; elapsed = 00:00:00.002 . Memory (MB): peak = 1414.516 ; gain = 0.000
Command: phys_opt_design
Attempting to get a license for feature 'Implementation' and/or device 'xc7a35t'
INFO: [Common 17-349] Got license for feature 'Implementation' and/or device 'xc7a35t'
INFO: [Vivado_Tcl 4-383] Design worst setup slack (WNS) is greater than or equal to 0.250 ns. Skipping all physical synthesis optimizations.
INFO: [Vivado_Tcl 4-232] No setup violation found. The netlist was not modified.
INFO: [Common 17-83] Releasing license: Implementation
67 Infos, 0 Warnings, 0 Critical Warnings and 0 Errors encountered.
phys_opt_design completed successfully
Netlist sorting complete. Time (s): cpu = 00:00:00 ; elapsed = 00:00:00 . Memory (MB): peak = 1426.922 ; gain = 0.000
INFO: [Timing 38-480] Writing timing data to binary archive.
Writing placer database...
Writing XDEF routing.
Writing XDEF routing logical nets.
Writing XDEF routing special nets.
Write XDEF Complete: Time (s): cpu = 00:00:01 ; elapsed = 00:00:00.124 . Memory (MB): peak = 1444.859 ; gain = 17.938
INFO: [Common 17-1381] The checkpoint 'C:/Users/jiang/OneDrive/Vivado/Final/Prac1/Prac1.runs/impl_1/exam2_A_physopt.dcp' has been generated.
Command: route_design
Attempting to get a license for feature 'Implementation' and/or device 'xc7a35t'
INFO: [Common 17-349] Got license for feature 'Implementation' and/or device 'xc7a35t'
Running DRC as a precondition to command route_design
INFO: [DRC 23-27] Running DRC with 2 threads
INFO: [Vivado_Tcl 4-198] DRC finished with 0 Errors
INFO: [Vivado_Tcl 4-199] Please refer to the DRC report (report_drc) for more information.


Starting Routing Task
INFO: [Route 35-254] Multithreading enabled for route_design using a maximum of 2 CPUs
Checksum: PlaceDB: ddb88e62 ConstDB: 0 ShapeSum: aa1772c RouteDB: 0

Phase 1 Build RT Design
Phase 1 Build RT Design | Checksum: 190c3cca0

Time (s): cpu = 00:00:24 ; elapsed = 00:00:25 . Memory (MB): peak = 1534.953 ; gain = 78.035
Post Restoration Checksum: NetGraph: dcfb9128 NumContArr: b3c83b78 Constraints: 0 Timing: 0

Phase 2 Router Initialization

Phase 2.1 Create Timer
Phase 2.1 Create Timer | Checksum: 190c3cca0

Time (s): cpu = 00:00:24 ; elapsed = 00:00:25 . Memory (MB): peak = 1534.953 ; gain = 78.035

Phase 2.2 Fix Topology Constraints
Phase 2.2 Fix Topology Constraints | Checksum: 190c3cca0

Time (s): cpu = 00:00:25 ; elapsed = 00:00:25 . Memory (MB): peak = 1540.934 ; gain = 84.016

Phase 2.3 Pre Route Cleanup
Phase 2.3 Pre Route Cleanup | Checksum: 190c3cca0

Time (s): cpu = 00:00:25 ; elapsed = 00:00:25 . Memory (MB): peak = 1540.934 ; gain = 84.016
 Number of Nodes with overlaps = 0

Phase 2.4 Update Timing
Phase 2.4 Update Timing | Checksum: 1068c5bbd

Time (s): cpu = 00:00:25 ; elapsed = 00:00:25 . Memory (MB): peak = 1544.441 ; gain = 87.523
INFO: [Route 35-416] Intermediate Timing Summary | WNS=7.754  | TNS=0.000  | WHS=-0.085 | THS=-0.264 |

Phase 2 Router Initialization | Checksum: 17faab869

Time (s): cpu = 00:00:25 ; elapsed = 00:00:25 . Memory (MB): peak = 1544.441 ; gain = 87.523

Router Utilization Summary
  Global Vertical Routing Utilization    = 7.97257e-05 %
  Global Horizontal Routing Utilization  = 0 %
  Routable Net Status*
  *Does not include unroutable nets such as driverless and loadless.
  Run report_route_status for detailed report.
  Number of Failed Nets               = 114
    (Failed Nets is the sum of unrouted and partially routed nets)
  Number of Unrouted Nets             = 113
  Number of Partially Routed Nets     = 1
  Number of Node Overlaps             = 0


Phase 3 Initial Routing
Phase 3 Initial Routing | Checksum: cb8731f9

Time (s): cpu = 00:00:25 ; elapsed = 00:00:25 . Memory (MB): peak = 1544.598 ; gain = 87.680

Phase 4 Rip-up And Reroute

Phase 4.1 Global Iteration 0
 Number of Nodes with overlaps = 6
 Number of Nodes with overlaps = 0
INFO: [Route 35-416] Intermediate Timing Summary | WNS=7.602  | TNS=0.000  | WHS=N/A    | THS=N/A    |

Phase 4.1 Global Iteration 0 | Checksum: 209807eac

Time (s): cpu = 00:00:25 ; elapsed = 00:00:25 . Memory (MB): peak = 1544.598 ; gain = 87.680

Phase 4.2 Global Iteration 1
 Number of Nodes with overlaps = 0
INFO: [Route 35-416] Intermediate Timing Summary | WNS=7.602  | TNS=0.000  | WHS=N/A    | THS=N/A    |

Phase 4.2 Global Iteration 1 | Checksum: 1cc6cfcfd

Time (s): cpu = 00:00:25 ; elapsed = 00:00:25 . Memory (MB): peak = 1544.598 ; gain = 87.680

Phase 4.3 Global Iteration 2
 Number of Nodes with overlaps = 1
 Number of Nodes with overlaps = 1
 Number of Nodes with overlaps = 1
 Number of Nodes with overlaps = 1
 Number of Nodes with overlaps = 0
INFO: [Route 35-416] Intermediate Timing Summary | WNS=6.920  | TNS=0.000  | WHS=N/A    | THS=N/A    |

Phase 4.3 Global Iteration 2 | Checksum: 1483f9e46

Time (s): cpu = 00:00:25 ; elapsed = 00:00:25 . Memory (MB): peak = 1544.598 ; gain = 87.680
Phase 4 Rip-up And Reroute | Checksum: 1483f9e46

Time (s): cpu = 00:00:25 ; elapsed = 00:00:25 . Memory (MB): peak = 1544.598 ; gain = 87.680

Phase 5 Delay and Skew Optimization

Phase 5.1 Delay CleanUp
Phase 5.1 Delay CleanUp | Checksum: 1483f9e46

Time (s): cpu = 00:00:25 ; elapsed = 00:00:25 . Memory (MB): peak = 1544.598 ; gain = 87.680

Phase 5.2 Clock Skew Optimization
Phase 5.2 Clock Skew Optimization | Checksum: 1483f9e46

Time (s): cpu = 00:00:25 ; elapsed = 00:00:25 . Memory (MB): peak = 1544.598 ; gain = 87.680
Phase 5 Delay and Skew Optimization | Checksum: 1483f9e46

Time (s): cpu = 00:00:25 ; elapsed = 00:00:25 . Memory (MB): peak = 1544.598 ; gain = 87.680

Phase 6 Post Hold Fix

Phase 6.1 Hold Fix Iter

Phase 6.1.1 Update Timing
Phase 6.1.1 Update Timing | Checksum: 14c585200

Time (s): cpu = 00:00:25 ; elapsed = 00:00:25 . Memory (MB): peak = 1544.598 ; gain = 87.680
INFO: [Route 35-416] Intermediate Timing Summary | WNS=7.013  | TNS=0.000  | WHS=0.176  | THS=0.000  |

Phase 6.1 Hold Fix Iter | Checksum: 14c585200

Time (s): cpu = 00:00:25 ; elapsed = 00:00:25 . Memory (MB): peak = 1544.598 ; gain = 87.680
Phase 6 Post Hold Fix | Checksum: 14c585200

Time (s): cpu = 00:00:25 ; elapsed = 00:00:25 . Memory (MB): peak = 1544.598 ; gain = 87.680

Phase 7 Route finalize

Router Utilization Summary
  Global Vertical Routing Utilization    = 0.0705573 %
  Global Horizontal Routing Utilization  = 0.10203 %
  Routable Net Status*
  *Does not include unroutable nets such as driverless and loadless.
  Run report_route_status for detailed report.
  Number of Failed Nets               = 0
    (Failed Nets is the sum of unrouted and partially routed nets)
  Number of Unrouted Nets             = 0
  Number of Partially Routed Nets     = 0
  Number of Node Overlaps             = 0

Phase 7 Route finalize | Checksum: 14c585200

Time (s): cpu = 00:00:25 ; elapsed = 00:00:25 . Memory (MB): peak = 1544.598 ; gain = 87.680

Phase 8 Verifying routed nets

 Verification completed successfully
Phase 8 Verifying routed nets | Checksum: 14c585200

Time (s): cpu = 00:00:25 ; elapsed = 00:00:25 . Memory (MB): peak = 1546.629 ; gain = 89.711

Phase 9 Depositing Routes
Phase 9 Depositing Routes | Checksum: 18e9e4bd0

Time (s): cpu = 00:00:25 ; elapsed = 00:00:25 . Memory (MB): peak = 1546.629 ; gain = 89.711

Phase 10 Post Router Timing
INFO: [Route 35-57] Estimated Timing Summary | WNS=7.013  | TNS=0.000  | WHS=0.176  | THS=0.000  |

INFO: [Route 35-327] The final timing numbers are based on the router estimated timing analysis. For a complete and accurate timing signoff, please run report_timing_summary.
Phase 10 Post Router Timing | Checksum: 18e9e4bd0

Time (s): cpu = 00:00:25 ; elapsed = 00:00:25 . Memory (MB): peak = 1546.629 ; gain = 89.711
INFO: [Route 35-16] Router Completed Successfully

Time (s): cpu = 00:00:25 ; elapsed = 00:00:25 . Memory (MB): peak = 1546.629 ; gain = 89.711

Routing Is Done.
INFO: [Common 17-83] Releasing license: Implementation
83 Infos, 0 Warnings, 0 Critical Warnings and 0 Errors encountered.
route_design completed successfully
route_design: Time (s): cpu = 00:00:27 ; elapsed = 00:00:27 . Memory (MB): peak = 1546.629 ; gain = 101.770
Netlist sorting complete. Time (s): cpu = 00:00:00 ; elapsed = 00:00:00 . Memory (MB): peak = 1546.629 ; gain = 0.000
INFO: [Timing 38-480] Writing timing data to binary archive.
Writing placer database...
Writing XDEF routing.
Writing XDEF routing logical nets.
Writing XDEF routing special nets.
Write XDEF Complete: Time (s): cpu = 00:00:00 ; elapsed = 00:00:00.122 . Memory (MB): peak = 1556.543 ; gain = 9.914
INFO: [Common 17-1381] The checkpoint 'C:/Users/jiang/OneDrive/Vivado/Final/Prac1/Prac1.runs/impl_1/exam2_A_routed.dcp' has been generated.
INFO: [runtcl-4] Executing : report_drc -file exam2_A_drc_routed.rpt -pb exam2_A_drc_routed.pb -rpx exam2_A_drc_routed.rpx
Command: report_drc -file exam2_A_drc_routed.rpt -pb exam2_A_drc_routed.pb -rpx exam2_A_drc_routed.rpx
INFO: [IP_Flow 19-1839] IP Catalog is up to date.
INFO: [DRC 23-27] Running DRC with 2 threads
INFO: [Coretcl 2-168] The results of DRC are in file C:/Users/jiang/OneDrive/Vivado/Final/Prac1/Prac1.runs/impl_1/exam2_A_drc_routed.rpt.
report_drc completed successfully
INFO: [runtcl-4] Executing : report_methodology -file exam2_A_methodology_drc_routed.rpt -pb exam2_A_methodology_drc_routed.pb -rpx exam2_A_methodology_drc_routed.rpx
Command: report_methodology -file exam2_A_methodology_drc_routed.rpt -pb exam2_A_methodology_drc_routed.pb -rpx exam2_A_methodology_drc_routed.rpx
INFO: [Timing 38-35] Done setting XDC timing constraints.
INFO: [DRC 23-133] Running Methodology with 2 threads
INFO: [Coretcl 2-1520] The results of Report Methodology are in file C:/Users/jiang/OneDrive/Vivado/Final/Prac1/Prac1.runs/impl_1/exam2_A_methodology_drc_routed.rpt.
report_methodology completed successfully
INFO: [runtcl-4] Executing : report_power -file exam2_A_power_routed.rpt -pb exam2_A_power_summary_routed.pb -rpx exam2_A_power_routed.rpx
Command: report_power -file exam2_A_power_routed.rpt -pb exam2_A_power_summary_routed.pb -rpx exam2_A_power_routed.rpx
INFO: [Timing 38-35] Done setting XDC timing constraints.
Running Vector-less Activity Propagation...

Finished Running Vector-less Activity Propagation
95 Infos, 0 Warnings, 0 Critical Warnings and 0 Errors encountered.
report_power completed successfully
INFO: [runtcl-4] Executing : report_route_status -file exam2_A_route_status.rpt -pb exam2_A_route_status.pb
INFO: [runtcl-4] Executing : report_timing_summary -max_paths 10 -file exam2_A_timing_summary_routed.rpt -pb exam2_A_timing_summary_routed.pb -rpx exam2_A_timing_summary_routed.rpx -warn_on_violation 
INFO: [Timing 38-91] UpdateTimingParams: Speed grade: -1, Delay Type: min_max.
INFO: [Timing 38-191] Multithreading enabled for timing update using a maximum of 2 CPUs
INFO: [runtcl-4] Executing : report_incremental_reuse -file exam2_A_incremental_reuse_routed.rpt
INFO: [Vivado_Tcl 4-1062] Incremental flow is disabled. No incremental reuse Info to report.
INFO: [runtcl-4] Executing : report_clock_utilization -file exam2_A_clock_utilization_routed.rpt
INFO: [runtcl-4] Executing : report_bus_skew -warn_on_violation -file exam2_A_bus_skew_routed.rpt -pb exam2_A_bus_skew_routed.pb -rpx exam2_A_bus_skew_routed.rpx
INFO: [Timing 38-91] UpdateTimingParams: Speed grade: -1, Delay Type: min_max.
INFO: [Timing 38-191] Multithreading enabled for timing update using a maximum of 2 CPUs
Command: write_bitstream -force exam2_A.bit
Attempting to get a license for feature 'Implementation' and/or device 'xc7a35t'
INFO: [Common 17-349] Got license for feature 'Implementation' and/or device 'xc7a35t'
Running DRC as a precondition to command write_bitstream
INFO: [IP_Flow 19-1839] IP Catalog is up to date.
INFO: [DRC 23-27] Running DRC with 2 threads
INFO: [Vivado 12-3199] DRC finished with 0 Errors
INFO: [Vivado 12-3200] Please refer to the DRC report (report_drc) for more information.
INFO: [Designutils 20-2272] Running write_bitstream with 2 threads.
Loading data files...
Loading site data...
Loading route data...
Processing options...
Creating bitmap...
Creating bitstream...
Writing bitstream ./exam2_A.bit...
INFO: [Vivado 12-1842] Bitgen Completed Successfully.
INFO: [Project 1-120] WebTalk data collection is mandatory when using a WebPACK part without a full Vivado license. To see the specific WebTalk data collected for your design, open the usage_statistics_webtalk.html or usage_statistics_webtalk.xml file in the implementation directory.
INFO: [Common 17-83] Releasing license: Implementation
114 Infos, 0 Warnings, 0 Critical Warnings and 0 Errors encountered.
write_bitstream completed successfully
write_bitstream: Time (s): cpu = 00:00:16 ; elapsed = 00:00:18 . Memory (MB): peak = 1994.668 ; gain = 401.051
INFO: [Common 17-206] Exiting Vivado at Sat Nov 29 16:49:24 2025...
