Copyright 1986-2019 Xilinx, Inc. All Rights Reserved.
------------------------------------------------------------------------------------
| Tool Version : Vivado v.2019.2 (win64) Build 2708876 Wed Nov  6 21:40:23 MST 2019
| Date         : Tue Oct 21 14:20:48 2025
| Host         : LAPTOP-TN84JATT running 64-bit major release  (build 9200)
| Command      : report_control_sets -verbose -file lab4_3_control_sets_placed.rpt
| Design       : lab4_3
| Device       : xc7a35t
------------------------------------------------------------------------------------

Control Set Information

Table of Contents
-----------------
1. Summary
2. Histogram
3. Flip-Flop Distribution
4. Detailed Control Set Information

1. Summary
----------

+----------------------------------------------------------+-------+
|                          Status                          | Count |
+----------------------------------------------------------+-------+
| Total control sets                                       |    17 |
|    Minimum number of control sets                        |    17 |
|    Addition due to synthesis replication                 |     0 |
|    Addition due to physical synthesis replication        |     0 |
| Unused register locations in slices containing registers |    59 |
+----------------------------------------------------------+-------+
* Control sets can be merged at opt_design using control_set_merge or merge_equivalent_drivers
** Run report_qor_suggestions for automated merging and remapping suggestions


2. Histogram
------------

+--------------------+-------+
|       Fanout       | Count |
+--------------------+-------+
| Total control sets |    17 |
| >= 0 to < 4        |     2 |
| >= 4 to < 6        |     3 |
| >= 6 to < 8        |     0 |
| >= 8 to < 10       |     3 |
| >= 10 to < 12      |     2 |
| >= 12 to < 14      |     0 |
| >= 14 to < 16      |     2 |
| >= 16              |     5 |
+--------------------+-------+
* Control sets can be remapped at either synth_design or opt_design


3. Flip-Flop Distribution
-------------------------

+--------------+-----------------------+------------------------+-----------------+--------------+
| Clock Enable | Synchronous Set/Reset | Asynchronous Set/Reset | Total Registers | Total Slices |
+--------------+-----------------------+------------------------+-----------------+--------------+
| No           | No                    | No                     |              33 |           12 |
| No           | No                    | Yes                    |             137 |           44 |
| No           | Yes                   | No                     |              21 |            7 |
| Yes          | No                    | No                     |              11 |            2 |
| Yes          | No                    | Yes                    |             561 |          192 |
| Yes          | Yes                   | No                     |              18 |            7 |
+--------------+-----------------------+------------------------+-----------------+--------------+


4. Detailed Control Set Information
-----------------------------------

+------------------------+---------------------------------------------------+-------------------------+------------------+----------------+
|      Clock Signal      |                   Enable Signal                   |     Set/Reset Signal    | Slice Load Count | Bel Load Count |
+------------------------+---------------------------------------------------+-------------------------+------------------+----------------+
|  volume_reg[1]_i_1_n_0 |                                                   |                         |                1 |              2 |
|  display0__0           |                                                   | display0_reg[2]_i_2_n_0 |                1 |              3 |
|  m3/m1/out[0]          |                                                   | m3/index[3]_i_1_n_0     |                1 |              4 |
|  clk_IBUF_BUFG         | key_de/inst/inst/Ps2Interface_i/bits_count        | m2/AR[0]                |                2 |              4 |
|  clk_IBUF_BUFG         | key_de/input_state_reg[1][0]                      | m2/AR[0]                |                2 |              4 |
|  clk_IBUF_BUFG         | key_de/inst/inst/Ps2Interface_i/rx_valid          | m2/AR[0]                |                3 |              8 |
|  clk_IBUF_BUFG         | key_de/inst/inst/Ps2Interface_i/rx_finish         | m2/AR[0]                |                1 |              8 |
|  sc/out[1]             |                                                   | rst_IBUF                |                2 |              9 |
|  m3/m1/out[0]          | m3/display_[6]_i_1_n_0                            |                         |                2 |             11 |
|  clk_IBUF_BUFG         | key_de/inst/inst/Ps2Interface_i/frame[10]_i_1_n_0 | m2/AR[0]                |                3 |             11 |
|  clk_IBUF_BUFG         | key_de/key                                        | m2/AR[0]                |                5 |             14 |
|  display2__0           |                                                   | sound_lev               |                5 |             14 |
|  clk_IBUF_BUFG         | key_de/E[0]                                       | sound_lev               |                7 |             18 |
|  clk_IBUF_BUFG         |                                                   |                         |               11 |             31 |
|  clk_IBUF_BUFG         |                                                   | rst_IBUF                |               16 |             55 |
|  clk_IBUF_BUFG         |                                                   | m2/AR[0]                |               26 |             73 |
|  clk_IBUF_BUFG         | key_de/op/E[0]                                    | m2/AR[0]                |              176 |            512 |
+------------------------+---------------------------------------------------+-------------------------+------------------+----------------+


