
*** Running vivado
    with args -log lab4_Practice.vdi -applog -m64 -product Vivado -messageDb vivado.pb -mode batch -source lab4_Practice.tcl -notrace


****** Vivado v2019.2 (64-bit)
  **** SW Build 2708876 on Wed Nov  6 21:40:23 MST 2019
  **** IP Build 2700528 on Thu Nov  7 00:09:20 MST 2019
    ** Copyright 1986-2019 Xilinx, Inc. All Rights Reserved.

source lab4_Practice.tcl -notrace
Command: link_design -top lab4_Practice -part xc7a35tcpg236-1
Design is defaulting to srcset: sources_1
Design is defaulting to constrset: constrs_1
INFO: [Device 21-403] Loading part xc7a35tcpg236-1
Netlist sorting complete. Time (s): cpu = 00:00:00 ; elapsed = 00:00:00.001 . Memory (MB): peak = 537.910 ; gain = 0.000
INFO: [Netlist 29-17] Analyzing 4 Unisim elements for replacement
INFO: [Netlist 29-28] Unisim Transformation completed in 0 CPU seconds
INFO: [Project 1-479] Netlist was created with Vivado 2019.2
INFO: [Project 1-570] Preparing netlist for logic optimization
Parsing XDC File [C:/Users/jiang/OneDrive/LabFile/Lab4/Prac/lab3_advanced.xdc]
Finished Parsing XDC File [C:/Users/jiang/OneDrive/LabFile/Lab4/Prac/lab3_advanced.xdc]
INFO: [Opt 31-138] Pushed 0 inverter(s) to 0 load pin(s).
Netlist sorting complete. Time (s): cpu = 00:00:00 ; elapsed = 00:00:00 . Memory (MB): peak = 645.273 ; gain = 0.000
INFO: [Project 1-111] Unisim Transformation Summary:
No Unisim elements were transformed.

7 Infos, 0 Warnings, 0 Critical Warnings and 0 Errors encountered.
link_design completed successfully
link_design: Time (s): cpu = 00:00:06 ; elapsed = 00:00:07 . Memory (MB): peak = 649.277 ; gain = 350.645
Command: opt_design
Attempting to get a license for feature 'Implementation' and/or device 'xc7a35t'
INFO: [Common 17-349] Got license for feature 'Implementation' and/or device 'xc7a35t'
Running DRC as a precondition to command opt_design

Starting DRC Task
INFO: [DRC 23-27] Running DRC with 2 threads
INFO: [Project 1-461] DRC finished with 0 Errors
INFO: [Project 1-462] Please refer to the DRC report (report_drc) for more information.

Time (s): cpu = 00:00:01 ; elapsed = 00:00:00.886 . Memory (MB): peak = 669.246 ; gain = 19.969

Starting Cache Timing Information Task
INFO: [Timing 38-35] Done setting XDC timing constraints.
Ending Cache Timing Information Task | Checksum: 176c97a17

Time (s): cpu = 00:00:11 ; elapsed = 00:00:13 . Memory (MB): peak = 1196.316 ; gain = 527.070

Starting Logic Optimization Task

Phase 1 Retarget
INFO: [Opt 31-138] Pushed 0 inverter(s) to 0 load pin(s).
INFO: [Opt 31-49] Retargeted 0 cell(s).
Phase 1 Retarget | Checksum: 176c97a17

Time (s): cpu = 00:00:00 ; elapsed = 00:00:00.013 . Memory (MB): peak = 1390.102 ; gain = 0.000
INFO: [Opt 31-389] Phase Retarget created 0 cells and removed 0 cells

Phase 2 Constant propagation
INFO: [Opt 31-138] Pushed 0 inverter(s) to 0 load pin(s).
Phase 2 Constant propagation | Checksum: 176c97a17

Time (s): cpu = 00:00:00 ; elapsed = 00:00:00.015 . Memory (MB): peak = 1390.102 ; gain = 0.000
INFO: [Opt 31-389] Phase Constant propagation created 0 cells and removed 0 cells

Phase 3 Sweep
Phase 3 Sweep | Checksum: 203359fb2

Time (s): cpu = 00:00:00 ; elapsed = 00:00:00.020 . Memory (MB): peak = 1390.102 ; gain = 0.000
INFO: [Opt 31-389] Phase Sweep created 2 cells and removed 0 cells

Phase 4 BUFG optimization
INFO: [Opt 31-194] Inserted BUFG u_clk_div/out[0]_BUFG_inst to drive 33 load(s) on clock net u_clk_div/out_BUFG[0]
INFO: [Opt 31-193] Inserted 1 BUFG(s) on clock nets
INFO: [Opt 31-1112] Starts optimizing BUFG(s) with a common MMCM/DPLL/XPLL driver.
INFO: [Opt 31-1112] Starts optimizing BUFG(s) with a common driver.
INFO: [Opt 31-1092] Phase BUFG optimization transformed 0 BUFG(s) to MBUFG(s).
Phase 4 BUFG optimization | Checksum: 17180addf

Time (s): cpu = 00:00:00 ; elapsed = 00:00:00.026 . Memory (MB): peak = 1390.102 ; gain = 0.000
INFO: [Opt 31-662] Phase BUFG optimization created 1 cells of which 1 are BUFGs and removed 0 cells.

Phase 5 Shift Register Optimization
INFO: [Opt 31-1064] SRL Remap converted 0 SRLs to 0 registers and converted 0 registers of register chains to 0 SRLs
Phase 5 Shift Register Optimization | Checksum: 17180addf

Time (s): cpu = 00:00:00 ; elapsed = 00:00:00.030 . Memory (MB): peak = 1390.102 ; gain = 0.000
INFO: [Opt 31-389] Phase Shift Register Optimization created 0 cells and removed 0 cells

Phase 6 Post Processing Netlist
Phase 6 Post Processing Netlist | Checksum: 17180addf

Time (s): cpu = 00:00:00 ; elapsed = 00:00:00.032 . Memory (MB): peak = 1390.102 ; gain = 0.000
INFO: [Opt 31-389] Phase Post Processing Netlist created 0 cells and removed 0 cells
Opt_design Change Summary
=========================


-------------------------------------------------------------------------------------------------------------------------
|  Phase                        |  #Cells created  |  #Cells Removed  |  #Constrained objects preventing optimizations  |
-------------------------------------------------------------------------------------------------------------------------
|  Retarget                     |               0  |               0  |                                              0  |
|  Constant propagation         |               0  |               0  |                                              0  |
|  Sweep                        |               2  |               0  |                                              0  |
|  BUFG optimization            |               1  |               0  |                                              0  |
|  Shift Register Optimization  |               0  |               0  |                                              0  |
|  Post Processing Netlist      |               0  |               0  |                                              0  |
-------------------------------------------------------------------------------------------------------------------------



Starting Connectivity Check Task

Time (s): cpu = 00:00:00 ; elapsed = 00:00:00.001 . Memory (MB): peak = 1390.102 ; gain = 0.000
Ending Logic Optimization Task | Checksum: 10c78e983

Time (s): cpu = 00:00:00 ; elapsed = 00:00:00.045 . Memory (MB): peak = 1390.102 ; gain = 0.000

Starting Power Optimization Task
INFO: [Pwropt 34-132] Skipping clock gating for clocks with a period < 2.00 ns.
Ending Power Optimization Task | Checksum: 10c78e983

Time (s): cpu = 00:00:00 ; elapsed = 00:00:00.018 . Memory (MB): peak = 1390.102 ; gain = 0.000

Starting Final Cleanup Task
Ending Final Cleanup Task | Checksum: 10c78e983

Time (s): cpu = 00:00:00 ; elapsed = 00:00:00 . Memory (MB): peak = 1390.102 ; gain = 0.000

Starting Netlist Obfuscation Task
Netlist sorting complete. Time (s): cpu = 00:00:00 ; elapsed = 00:00:00 . Memory (MB): peak = 1390.102 ; gain = 0.000
Ending Netlist Obfuscation Task | Checksum: 10c78e983

Time (s): cpu = 00:00:00 ; elapsed = 00:00:00.001 . Memory (MB): peak = 1390.102 ; gain = 0.000
INFO: [Common 17-83] Releasing license: Implementation
29 Infos, 0 Warnings, 0 Critical Warnings and 0 Errors encountered.
opt_design completed successfully
opt_design: Time (s): cpu = 00:00:15 ; elapsed = 00:00:17 . Memory (MB): peak = 1390.102 ; gain = 740.824
Netlist sorting complete. Time (s): cpu = 00:00:00 ; elapsed = 00:00:00 . Memory (MB): peak = 1390.102 ; gain = 0.000
INFO: [Timing 38-480] Writing timing data to binary archive.
Writing placer database...
Writing XDEF routing.
Writing XDEF routing logical nets.
Writing XDEF routing special nets.
Write XDEF Complete: Time (s): cpu = 00:00:01 ; elapsed = 00:00:00.082 . Memory (MB): peak = 1390.102 ; gain = 0.000
INFO: [Common 17-1381] The checkpoint 'C:/Users/jiang/OneDrive/Vivado/Lab4/Prac/Prac/Prac.runs/impl_1/lab4_Practice_opt.dcp' has been generated.
INFO: [runtcl-4] Executing : report_drc -file lab4_Practice_drc_opted.rpt -pb lab4_Practice_drc_opted.pb -rpx lab4_Practice_drc_opted.rpx
Command: report_drc -file lab4_Practice_drc_opted.rpt -pb lab4_Practice_drc_opted.pb -rpx lab4_Practice_drc_opted.rpx
INFO: [IP_Flow 19-234] Refreshing IP repositories
INFO: [IP_Flow 19-1704] No user IP repositories specified
INFO: [IP_Flow 19-2313] Loaded Vivado IP repository 'C:/Xilinx/Vivado/2019.2/data/ip'.
INFO: [DRC 23-27] Running DRC with 2 threads
INFO: [Coretcl 2-168] The results of DRC are in file C:/Users/jiang/OneDrive/Vivado/Lab4/Prac/Prac/Prac.runs/impl_1/lab4_Practice_drc_opted.rpt.
report_drc completed successfully
Command: place_design
Attempting to get a license for feature 'Implementation' and/or device 'xc7a35t'
INFO: [Common 17-349] Got license for feature 'Implementation' and/or device 'xc7a35t'
INFO: [DRC 23-27] Running DRC with 2 threads
INFO: [Vivado_Tcl 4-198] DRC finished with 0 Errors
INFO: [Vivado_Tcl 4-199] Please refer to the DRC report (report_drc) for more information.
Running DRC as a precondition to command place_design
INFO: [DRC 23-27] Running DRC with 2 threads
INFO: [Vivado_Tcl 4-198] DRC finished with 0 Errors
INFO: [Vivado_Tcl 4-199] Please refer to the DRC report (report_drc) for more information.

Starting Placer Task
INFO: [Place 30-611] Multithreading enabled for place_design using a maximum of 2 CPUs

Phase 1 Placer Initialization

Phase 1.1 Placer Initialization Netlist Sorting
Netlist sorting complete. Time (s): cpu = 00:00:00 ; elapsed = 00:00:00 . Memory (MB): peak = 1390.102 ; gain = 0.000
Phase 1.1 Placer Initialization Netlist Sorting | Checksum: f4ff56ef

Time (s): cpu = 00:00:00 ; elapsed = 00:00:00.008 . Memory (MB): peak = 1390.102 ; gain = 0.000
Netlist sorting complete. Time (s): cpu = 00:00:00 ; elapsed = 00:00:00 . Memory (MB): peak = 1390.102 ; gain = 0.000

Phase 1.2 IO Placement/ Clock Placement/ Build Placer Device
INFO: [Timing 38-35] Done setting XDC timing constraints.
Phase 1.2 IO Placement/ Clock Placement/ Build Placer Device | Checksum: 157c6c8ea

Time (s): cpu = 00:00:02 ; elapsed = 00:00:00.796 . Memory (MB): peak = 1390.102 ; gain = 0.000

Phase 1.3 Build Placer Netlist Model
Phase 1.3 Build Placer Netlist Model | Checksum: 2204bc083

Time (s): cpu = 00:00:02 ; elapsed = 00:00:00.825 . Memory (MB): peak = 1390.102 ; gain = 0.000

Phase 1.4 Constrain Clocks/Macros
Phase 1.4 Constrain Clocks/Macros | Checksum: 2204bc083

Time (s): cpu = 00:00:02 ; elapsed = 00:00:00.828 . Memory (MB): peak = 1390.102 ; gain = 0.000
Phase 1 Placer Initialization | Checksum: 2204bc083

Time (s): cpu = 00:00:02 ; elapsed = 00:00:00.832 . Memory (MB): peak = 1390.102 ; gain = 0.000

Phase 2 Global Placement

Phase 2.1 Floorplanning
Phase 2.1 Floorplanning | Checksum: 2204bc083

Time (s): cpu = 00:00:02 ; elapsed = 00:00:00.836 . Memory (MB): peak = 1390.102 ; gain = 0.000

Phase 2.2 Global Placement Core
WARNING: [Place 46-29] place_design is not in timing mode. Skip physical synthesis in placer
Phase 2.2 Global Placement Core | Checksum: 166022e15

Time (s): cpu = 00:00:03 ; elapsed = 00:00:02 . Memory (MB): peak = 1390.102 ; gain = 0.000
Phase 2 Global Placement | Checksum: 166022e15

Time (s): cpu = 00:00:03 ; elapsed = 00:00:02 . Memory (MB): peak = 1390.102 ; gain = 0.000

Phase 3 Detail Placement

Phase 3.1 Commit Multi Column Macros
Phase 3.1 Commit Multi Column Macros | Checksum: 166022e15

Time (s): cpu = 00:00:03 ; elapsed = 00:00:02 . Memory (MB): peak = 1390.102 ; gain = 0.000

Phase 3.2 Commit Most Macros & LUTRAMs
Phase 3.2 Commit Most Macros & LUTRAMs | Checksum: 2338d6b6e

Time (s): cpu = 00:00:03 ; elapsed = 00:00:02 . Memory (MB): peak = 1390.102 ; gain = 0.000

Phase 3.3 Area Swap Optimization
Phase 3.3 Area Swap Optimization | Checksum: 1cf3190bb

Time (s): cpu = 00:00:03 ; elapsed = 00:00:02 . Memory (MB): peak = 1390.102 ; gain = 0.000

Phase 3.4 Pipeline Register Optimization
Phase 3.4 Pipeline Register Optimization | Checksum: 1cf3190bb

Time (s): cpu = 00:00:03 ; elapsed = 00:00:02 . Memory (MB): peak = 1390.102 ; gain = 0.000

Phase 3.5 Small Shape Detail Placement
Phase 3.5 Small Shape Detail Placement | Checksum: 2a94406b1

Time (s): cpu = 00:00:03 ; elapsed = 00:00:02 . Memory (MB): peak = 1390.102 ; gain = 0.000

Phase 3.6 Re-assign LUT pins
Phase 3.6 Re-assign LUT pins | Checksum: 2a94406b1

Time (s): cpu = 00:00:03 ; elapsed = 00:00:02 . Memory (MB): peak = 1390.102 ; gain = 0.000

Phase 3.7 Pipeline Register Optimization
Phase 3.7 Pipeline Register Optimization | Checksum: 2a94406b1

Time (s): cpu = 00:00:03 ; elapsed = 00:00:02 . Memory (MB): peak = 1390.102 ; gain = 0.000
Phase 3 Detail Placement | Checksum: 2a94406b1

Time (s): cpu = 00:00:03 ; elapsed = 00:00:02 . Memory (MB): peak = 1390.102 ; gain = 0.000

Phase 4 Post Placement Optimization and Clean-Up

Phase 4.1 Post Commit Optimization
Phase 4.1 Post Commit Optimization | Checksum: 2a94406b1

Time (s): cpu = 00:00:03 ; elapsed = 00:00:02 . Memory (MB): peak = 1390.102 ; gain = 0.000

Phase 4.2 Post Placement Cleanup
Phase 4.2 Post Placement Cleanup | Checksum: 2a94406b1

Time (s): cpu = 00:00:03 ; elapsed = 00:00:02 . Memory (MB): peak = 1390.102 ; gain = 0.000

Phase 4.3 Placer Reporting
Phase 4.3 Placer Reporting | Checksum: 2a94406b1

Time (s): cpu = 00:00:03 ; elapsed = 00:00:02 . Memory (MB): peak = 1390.102 ; gain = 0.000

Phase 4.4 Final Placement Cleanup
Netlist sorting complete. Time (s): cpu = 00:00:00 ; elapsed = 00:00:00 . Memory (MB): peak = 1390.102 ; gain = 0.000
Phase 4.4 Final Placement Cleanup | Checksum: 23d0e9359

Time (s): cpu = 00:00:03 ; elapsed = 00:00:02 . Memory (MB): peak = 1390.102 ; gain = 0.000
Phase 4 Post Placement Optimization and Clean-Up | Checksum: 23d0e9359

Time (s): cpu = 00:00:03 ; elapsed = 00:00:02 . Memory (MB): peak = 1390.102 ; gain = 0.000
Ending Placer Task | Checksum: 17be4c3a1

Time (s): cpu = 00:00:03 ; elapsed = 00:00:02 . Memory (MB): peak = 1390.102 ; gain = 0.000
INFO: [Common 17-83] Releasing license: Implementation
47 Infos, 1 Warnings, 0 Critical Warnings and 0 Errors encountered.
place_design completed successfully
Netlist sorting complete. Time (s): cpu = 00:00:00 ; elapsed = 00:00:00 . Memory (MB): peak = 1390.102 ; gain = 0.000
INFO: [Timing 38-480] Writing timing data to binary archive.
Writing placer database...
Writing XDEF routing.
Writing XDEF routing logical nets.
Writing XDEF routing special nets.
Write XDEF Complete: Time (s): cpu = 00:00:00 ; elapsed = 00:00:00.081 . Memory (MB): peak = 1394.055 ; gain = 3.953
INFO: [Common 17-1381] The checkpoint 'C:/Users/jiang/OneDrive/Vivado/Lab4/Prac/Prac/Prac.runs/impl_1/lab4_Practice_placed.dcp' has been generated.
INFO: [runtcl-4] Executing : report_io -file lab4_Practice_io_placed.rpt
report_io: Time (s): cpu = 00:00:00 ; elapsed = 00:00:00.053 . Memory (MB): peak = 1394.055 ; gain = 0.000
INFO: [runtcl-4] Executing : report_utilization -file lab4_Practice_utilization_placed.rpt -pb lab4_Practice_utilization_placed.pb
INFO: [runtcl-4] Executing : report_control_sets -verbose -file lab4_Practice_control_sets_placed.rpt
report_control_sets: Time (s): cpu = 00:00:00 ; elapsed = 00:00:00.003 . Memory (MB): peak = 1394.055 ; gain = 0.000
Command: phys_opt_design
Attempting to get a license for feature 'Implementation' and/or device 'xc7a35t'
INFO: [Common 17-349] Got license for feature 'Implementation' and/or device 'xc7a35t'
INFO: [Vivado_Tcl 4-235] No timing constraint found. The netlist was not modified.
INFO: [Common 17-83] Releasing license: Implementation
55 Infos, 1 Warnings, 0 Critical Warnings and 0 Errors encountered.
phys_opt_design completed successfully
Netlist sorting complete. Time (s): cpu = 00:00:00 ; elapsed = 00:00:00 . Memory (MB): peak = 1402.453 ; gain = 0.000
INFO: [Timing 38-480] Writing timing data to binary archive.
Writing placer database...
Writing XDEF routing.
Writing XDEF routing logical nets.
Writing XDEF routing special nets.
Write XDEF Complete: Time (s): cpu = 00:00:00 ; elapsed = 00:00:00.068 . Memory (MB): peak = 1420.328 ; gain = 17.875
INFO: [Common 17-1381] The checkpoint 'C:/Users/jiang/OneDrive/Vivado/Lab4/Prac/Prac/Prac.runs/impl_1/lab4_Practice_physopt.dcp' has been generated.
Command: route_design
Attempting to get a license for feature 'Implementation' and/or device 'xc7a35t'
INFO: [Common 17-349] Got license for feature 'Implementation' and/or device 'xc7a35t'
Running DRC as a precondition to command route_design
INFO: [DRC 23-27] Running DRC with 2 threads
INFO: [Vivado_Tcl 4-198] DRC finished with 0 Errors
INFO: [Vivado_Tcl 4-199] Please refer to the DRC report (report_drc) for more information.


Starting Routing Task
INFO: [Route 35-254] Multithreading enabled for route_design using a maximum of 2 CPUs
Checksum: PlaceDB: f782b08a ConstDB: 0 ShapeSum: 84621317 RouteDB: 0

Phase 1 Build RT Design
Phase 1 Build RT Design | Checksum: 1640df1da

Time (s): cpu = 00:00:36 ; elapsed = 00:00:35 . Memory (MB): peak = 1512.242 ; gain = 79.840
Post Restoration Checksum: NetGraph: e531f10c NumContArr: 7edc00ce Constraints: 0 Timing: 0

Phase 2 Router Initialization
INFO: [Route 35-64] No timing constraints were detected. The router will operate in resource-optimization mode.

Phase 2.1 Fix Topology Constraints
Phase 2.1 Fix Topology Constraints | Checksum: 1640df1da

Time (s): cpu = 00:00:36 ; elapsed = 00:00:35 . Memory (MB): peak = 1518.266 ; gain = 85.863

Phase 2.2 Pre Route Cleanup
Phase 2.2 Pre Route Cleanup | Checksum: 1640df1da

Time (s): cpu = 00:00:36 ; elapsed = 00:00:35 . Memory (MB): peak = 1518.266 ; gain = 85.863
 Number of Nodes with overlaps = 0
Phase 2 Router Initialization | Checksum: 18a5df458

Time (s): cpu = 00:00:36 ; elapsed = 00:00:35 . Memory (MB): peak = 1521.902 ; gain = 89.500

Router Utilization Summary
  Global Vertical Routing Utilization    = 0 %
  Global Horizontal Routing Utilization  = 0 %
  Routable Net Status*
  *Does not include unroutable nets such as driverless and loadless.
  Run report_route_status for detailed report.
  Number of Failed Nets               = 54
    (Failed Nets is the sum of unrouted and partially routed nets)
  Number of Unrouted Nets             = 53
  Number of Partially Routed Nets     = 1
  Number of Node Overlaps             = 0


Phase 3 Initial Routing
Phase 3 Initial Routing | Checksum: 1944952d1

Time (s): cpu = 00:00:37 ; elapsed = 00:00:36 . Memory (MB): peak = 1524.012 ; gain = 91.609

Phase 4 Rip-up And Reroute

Phase 4.1 Global Iteration 0
 Number of Nodes with overlaps = 0
Phase 4.1 Global Iteration 0 | Checksum: 109178fd8

Time (s): cpu = 00:00:37 ; elapsed = 00:00:36 . Memory (MB): peak = 1524.012 ; gain = 91.609
Phase 4 Rip-up And Reroute | Checksum: 109178fd8

Time (s): cpu = 00:00:37 ; elapsed = 00:00:36 . Memory (MB): peak = 1524.012 ; gain = 91.609

Phase 5 Delay and Skew Optimization
Phase 5 Delay and Skew Optimization | Checksum: 109178fd8

Time (s): cpu = 00:00:37 ; elapsed = 00:00:36 . Memory (MB): peak = 1524.012 ; gain = 91.609

Phase 6 Post Hold Fix

Phase 6.1 Hold Fix Iter
Phase 6.1 Hold Fix Iter | Checksum: 109178fd8

Time (s): cpu = 00:00:37 ; elapsed = 00:00:36 . Memory (MB): peak = 1524.012 ; gain = 91.609
Phase 6 Post Hold Fix | Checksum: 109178fd8

Time (s): cpu = 00:00:37 ; elapsed = 00:00:36 . Memory (MB): peak = 1524.012 ; gain = 91.609

Phase 7 Route finalize

Router Utilization Summary
  Global Vertical Routing Utilization    = 0.0189747 %
  Global Horizontal Routing Utilization  = 0.0162676 %
  Routable Net Status*
  *Does not include unroutable nets such as driverless and loadless.
  Run report_route_status for detailed report.
  Number of Failed Nets               = 0
    (Failed Nets is the sum of unrouted and partially routed nets)
  Number of Unrouted Nets             = 0
  Number of Partially Routed Nets     = 0
  Number of Node Overlaps             = 0

Congestion Report
North Dir 1x1 Area, Max Cong = 22.5225%, No Congested Regions.
South Dir 1x1 Area, Max Cong = 10.8108%, No Congested Regions.
East Dir 1x1 Area, Max Cong = 8.82353%, No Congested Regions.
West Dir 1x1 Area, Max Cong = 8.82353%, No Congested Regions.

------------------------------
Reporting congestion hotspots
------------------------------
Direction: North
----------------
Congested clusters found at Level 0
Effective congestion level: 0 Aspect Ratio: 1 Sparse Ratio: 0
Direction: South
----------------
Congested clusters found at Level 0
Effective congestion level: 0 Aspect Ratio: 1 Sparse Ratio: 0
Direction: East
----------------
Congested clusters found at Level 0
Effective congestion level: 0 Aspect Ratio: 1 Sparse Ratio: 0
Direction: West
----------------
Congested clusters found at Level 0
Effective congestion level: 0 Aspect Ratio: 1 Sparse Ratio: 0

Phase 7 Route finalize | Checksum: 109178fd8

Time (s): cpu = 00:00:37 ; elapsed = 00:00:36 . Memory (MB): peak = 1524.012 ; gain = 91.609

Phase 8 Verifying routed nets

 Verification completed successfully
Phase 8 Verifying routed nets | Checksum: 109178fd8

Time (s): cpu = 00:00:37 ; elapsed = 00:00:36 . Memory (MB): peak = 1526.027 ; gain = 93.625

Phase 9 Depositing Routes
Phase 9 Depositing Routes | Checksum: 75c4286b

Time (s): cpu = 00:00:37 ; elapsed = 00:00:36 . Memory (MB): peak = 1526.027 ; gain = 93.625
INFO: [Route 35-16] Router Completed Successfully

Time (s): cpu = 00:00:37 ; elapsed = 00:00:36 . Memory (MB): peak = 1526.027 ; gain = 93.625

Routing Is Done.
INFO: [Common 17-83] Releasing license: Implementation
65 Infos, 1 Warnings, 0 Critical Warnings and 0 Errors encountered.
route_design completed successfully
route_design: Time (s): cpu = 00:00:40 ; elapsed = 00:00:38 . Memory (MB): peak = 1526.027 ; gain = 105.699
Netlist sorting complete. Time (s): cpu = 00:00:00 ; elapsed = 00:00:00 . Memory (MB): peak = 1526.027 ; gain = 0.000
INFO: [Timing 38-480] Writing timing data to binary archive.
Writing placer database...
Writing XDEF routing.
Writing XDEF routing logical nets.
Writing XDEF routing special nets.
Write XDEF Complete: Time (s): cpu = 00:00:00 ; elapsed = 00:00:00.197 . Memory (MB): peak = 1535.910 ; gain = 9.883
INFO: [Common 17-1381] The checkpoint 'C:/Users/jiang/OneDrive/Vivado/Lab4/Prac/Prac/Prac.runs/impl_1/lab4_Practice_routed.dcp' has been generated.
INFO: [runtcl-4] Executing : report_drc -file lab4_Practice_drc_routed.rpt -pb lab4_Practice_drc_routed.pb -rpx lab4_Practice_drc_routed.rpx
Command: report_drc -file lab4_Practice_drc_routed.rpt -pb lab4_Practice_drc_routed.pb -rpx lab4_Practice_drc_routed.rpx
INFO: [IP_Flow 19-1839] IP Catalog is up to date.
INFO: [DRC 23-27] Running DRC with 2 threads
INFO: [Coretcl 2-168] The results of DRC are in file C:/Users/jiang/OneDrive/Vivado/Lab4/Prac/Prac/Prac.runs/impl_1/lab4_Practice_drc_routed.rpt.
report_drc completed successfully
INFO: [runtcl-4] Executing : report_methodology -file lab4_Practice_methodology_drc_routed.rpt -pb lab4_Practice_methodology_drc_routed.pb -rpx lab4_Practice_methodology_drc_routed.rpx
Command: report_methodology -file lab4_Practice_methodology_drc_routed.rpt -pb lab4_Practice_methodology_drc_routed.pb -rpx lab4_Practice_methodology_drc_routed.rpx
INFO: [Timing 38-35] Done setting XDC timing constraints.
INFO: [DRC 23-133] Running Methodology with 2 threads
INFO: [Coretcl 2-1520] The results of Report Methodology are in file C:/Users/jiang/OneDrive/Vivado/Lab4/Prac/Prac/Prac.runs/impl_1/lab4_Practice_methodology_drc_routed.rpt.
report_methodology completed successfully
INFO: [runtcl-4] Executing : report_power -file lab4_Practice_power_routed.rpt -pb lab4_Practice_power_summary_routed.pb -rpx lab4_Practice_power_routed.rpx
Command: report_power -file lab4_Practice_power_routed.rpt -pb lab4_Practice_power_summary_routed.pb -rpx lab4_Practice_power_routed.rpx
INFO: [Timing 38-35] Done setting XDC timing constraints.
WARNING: [Power 33-232] No user defined clocks were found in the design! Power estimation will be inaccurate until this is corrected.
Resolution: Please specify clocks using create_clock/create_generated_clock for sequential elements. For pure combinatorial circuits, please specify a virtual clock, otherwise the vectorless estimation might be inaccurate
Running Vector-less Activity Propagation...

Finished Running Vector-less Activity Propagation
77 Infos, 2 Warnings, 0 Critical Warnings and 0 Errors encountered.
report_power completed successfully
INFO: [runtcl-4] Executing : report_route_status -file lab4_Practice_route_status.rpt -pb lab4_Practice_route_status.pb
INFO: [runtcl-4] Executing : report_timing_summary -max_paths 10 -file lab4_Practice_timing_summary_routed.rpt -pb lab4_Practice_timing_summary_routed.pb -rpx lab4_Practice_timing_summary_routed.rpx -warn_on_violation 
INFO: [Timing 38-91] UpdateTimingParams: Speed grade: -1, Delay Type: min_max.
INFO: [Timing 38-191] Multithreading enabled for timing update using a maximum of 2 CPUs
WARNING: [Timing 38-313] There are no user specified timing constraints. Timing constraints are needed for proper timing analysis.
INFO: [runtcl-4] Executing : report_incremental_reuse -file lab4_Practice_incremental_reuse_routed.rpt
INFO: [Vivado_Tcl 4-1062] Incremental flow is disabled. No incremental reuse Info to report.
INFO: [runtcl-4] Executing : report_clock_utilization -file lab4_Practice_clock_utilization_routed.rpt
INFO: [runtcl-4] Executing : report_bus_skew -warn_on_violation -file lab4_Practice_bus_skew_routed.rpt -pb lab4_Practice_bus_skew_routed.pb -rpx lab4_Practice_bus_skew_routed.rpx
INFO: [Timing 38-91] UpdateTimingParams: Speed grade: -1, Delay Type: min_max.
INFO: [Timing 38-191] Multithreading enabled for timing update using a maximum of 2 CPUs
INFO: [Common 17-206] Exiting Vivado at Mon Oct 13 20:29:25 2025...

*** Running vivado
    with args -log lab4_Practice.vdi -applog -m64 -product Vivado -messageDb vivado.pb -mode batch -source lab4_Practice.tcl -notrace


****** Vivado v2019.2 (64-bit)
  **** SW Build 2708876 on Wed Nov  6 21:40:23 MST 2019
  **** IP Build 2700528 on Thu Nov  7 00:09:20 MST 2019
    ** Copyright 1986-2019 Xilinx, Inc. All Rights Reserved.

source lab4_Practice.tcl -notrace
Command: open_checkpoint lab4_Practice_routed.dcp

Starting open_checkpoint Task

Time (s): cpu = 00:00:00 ; elapsed = 00:00:00.081 . Memory (MB): peak = 298.602 ; gain = 0.000
INFO: [Device 21-403] Loading part xc7a35tcpg236-1
Netlist sorting complete. Time (s): cpu = 00:00:00 ; elapsed = 00:00:00 . Memory (MB): peak = 536.559 ; gain = 0.000
INFO: [Netlist 29-17] Analyzing 4 Unisim elements for replacement
INFO: [Netlist 29-28] Unisim Transformation completed in 0 CPU seconds
INFO: [Project 1-479] Netlist was created with Vivado 2019.2
INFO: [Project 1-570] Preparing netlist for logic optimization
INFO: [Timing 38-478] Restoring timing data from binary archive.
INFO: [Timing 38-479] Binary timing data restore complete.
INFO: [Project 1-856] Restoring constraints from binary archive.
INFO: [Project 1-853] Binary constraint restore complete.
Reading XDEF placement.
Reading placer database...
Reading XDEF routing.
Read XDEF File: Time (s): cpu = 00:00:00 ; elapsed = 00:00:00.118 . Memory (MB): peak = 1198.117 ; gain = 14.512
Restored from archive | CPU: 0.000000 secs | Memory: 0.000000 MB |
Finished XDEF File Restore: Time (s): cpu = 00:00:00 ; elapsed = 00:00:00.118 . Memory (MB): peak = 1198.117 ; gain = 14.512
Netlist sorting complete. Time (s): cpu = 00:00:00 ; elapsed = 00:00:00 . Memory (MB): peak = 1198.117 ; gain = 0.000
INFO: [Project 1-111] Unisim Transformation Summary:
No Unisim elements were transformed.

INFO: [Project 1-604] Checkpoint was created with Vivado v2019.2 (64-bit) build 2708876
open_checkpoint: Time (s): cpu = 00:00:22 ; elapsed = 00:00:26 . Memory (MB): peak = 1198.117 ; gain = 899.516
Command: write_bitstream -force lab4_Practice.bit
Attempting to get a license for feature 'Implementation' and/or device 'xc7a35t'
INFO: [Common 17-349] Got license for feature 'Implementation' and/or device 'xc7a35t'
Running DRC as a precondition to command write_bitstream
INFO: [IP_Flow 19-234] Refreshing IP repositories
INFO: [IP_Flow 19-1704] No user IP repositories specified
INFO: [IP_Flow 19-2313] Loaded Vivado IP repository 'C:/Xilinx/Vivado/2019.2/data/ip'.
INFO: [DRC 23-27] Running DRC with 2 threads
WARNING: [DRC CFGBVS-1] Missing CFGBVS and CONFIG_VOLTAGE Design Properties: Neither the CFGBVS nor CONFIG_VOLTAGE voltage property is set in the current_design.  Configuration bank voltage select (CFGBVS) must be set to VCCO or GND, and CONFIG_VOLTAGE must be set to the correct configuration voltage, in order to determine the I/O voltage support for the pins in bank 0.  It is suggested to specify these either using the 'Edit Device Properties' function in the GUI or directly in the XDC file using the following syntax:

 set_property CFGBVS value1 [current_design]
 #where value1 is either VCCO or GND

 set_property CONFIG_VOLTAGE value2 [current_design]
 #where value2 is the voltage provided to configuration bank 0

Refer to the device configuration user guide for more information.
INFO: [Vivado 12-3199] DRC finished with 0 Errors, 1 Warnings
INFO: [Vivado 12-3200] Please refer to the DRC report (report_drc) for more information.
INFO: [Designutils 20-2272] Running write_bitstream with 2 threads.
Loading data files...
Loading site data...
Loading route data...
Processing options...
Creating bitmap...
Creating bitstream...
Writing bitstream ./lab4_Practice.bit...
INFO: [Vivado 12-1842] Bitgen Completed Successfully.
INFO: [Project 1-120] WebTalk data collection is mandatory when using a WebPACK part without a full Vivado license. To see the specific WebTalk data collected for your design, open the usage_statistics_webtalk.html or usage_statistics_webtalk.xml file in the implementation directory.
INFO: [Common 17-83] Releasing license: Implementation
22 Infos, 1 Warnings, 0 Critical Warnings and 0 Errors encountered.
write_bitstream completed successfully
write_bitstream: Time (s): cpu = 00:00:17 ; elapsed = 00:00:18 . Memory (MB): peak = 1645.816 ; gain = 447.699
INFO: [Common 17-206] Exiting Vivado at Mon Oct 13 20:30:54 2025...

*** Running vivado
    with args -log lab4_Practice.vdi -applog -m64 -product Vivado -messageDb vivado.pb -mode batch -source lab4_Practice.tcl -notrace


****** Vivado v2019.2 (64-bit)
  **** SW Build 2708876 on Wed Nov  6 21:40:23 MST 2019
  **** IP Build 2700528 on Thu Nov  7 00:09:20 MST 2019
    ** Copyright 1986-2019 Xilinx, Inc. All Rights Reserved.

source lab4_Practice.tcl -notrace
Command: open_checkpoint lab4_Practice_routed.dcp

Starting open_checkpoint Task

Time (s): cpu = 00:00:01 ; elapsed = 00:00:00.063 . Memory (MB): peak = 298.316 ; gain = 0.000
INFO: [Device 21-403] Loading part xc7a35tcpg236-1
Netlist sorting complete. Time (s): cpu = 00:00:00 ; elapsed = 00:00:00 . Memory (MB): peak = 536.598 ; gain = 0.000
INFO: [Netlist 29-17] Analyzing 4 Unisim elements for replacement
INFO: [Netlist 29-28] Unisim Transformation completed in 0 CPU seconds
INFO: [Project 1-479] Netlist was created with Vivado 2019.2
INFO: [Project 1-570] Preparing netlist for logic optimization
INFO: [Timing 38-478] Restoring timing data from binary archive.
INFO: [Timing 38-479] Binary timing data restore complete.
INFO: [Project 1-856] Restoring constraints from binary archive.
INFO: [Project 1-853] Binary constraint restore complete.
Reading XDEF placement.
Reading placer database...
Reading XDEF routing.
Read XDEF File: Time (s): cpu = 00:00:00 ; elapsed = 00:00:00.337 . Memory (MB): peak = 1197.082 ; gain = 15.492
Restored from archive | CPU: 0.000000 secs | Memory: 0.000000 MB |
Finished XDEF File Restore: Time (s): cpu = 00:00:00 ; elapsed = 00:00:00.337 . Memory (MB): peak = 1197.082 ; gain = 15.492
Netlist sorting complete. Time (s): cpu = 00:00:00 ; elapsed = 00:00:00 . Memory (MB): peak = 1197.082 ; gain = 0.000
INFO: [Project 1-111] Unisim Transformation Summary:
No Unisim elements were transformed.

INFO: [Project 1-604] Checkpoint was created with Vivado v2019.2 (64-bit) build 2708876
open_checkpoint: Time (s): cpu = 00:00:24 ; elapsed = 00:00:30 . Memory (MB): peak = 1197.082 ; gain = 898.766
Command: write_bitstream -force lab4_Practice.bit
Attempting to get a license for feature 'Implementation' and/or device 'xc7a35t'
INFO: [Common 17-349] Got license for feature 'Implementation' and/or device 'xc7a35t'
Running DRC as a precondition to command write_bitstream
INFO: [IP_Flow 19-234] Refreshing IP repositories
INFO: [IP_Flow 19-1704] No user IP repositories specified
INFO: [IP_Flow 19-2313] Loaded Vivado IP repository 'C:/Xilinx/Vivado/2019.2/data/ip'.
INFO: [DRC 23-27] Running DRC with 2 threads
WARNING: [DRC CFGBVS-1] Missing CFGBVS and CONFIG_VOLTAGE Design Properties: Neither the CFGBVS nor CONFIG_VOLTAGE voltage property is set in the current_design.  Configuration bank voltage select (CFGBVS) must be set to VCCO or GND, and CONFIG_VOLTAGE must be set to the correct configuration voltage, in order to determine the I/O voltage support for the pins in bank 0.  It is suggested to specify these either using the 'Edit Device Properties' function in the GUI or directly in the XDC file using the following syntax:

 set_property CFGBVS value1 [current_design]
 #where value1 is either VCCO or GND

 set_property CONFIG_VOLTAGE value2 [current_design]
 #where value2 is the voltage provided to configuration bank 0

Refer to the device configuration user guide for more information.
INFO: [Vivado 12-3199] DRC finished with 0 Errors, 1 Warnings
INFO: [Vivado 12-3200] Please refer to the DRC report (report_drc) for more information.
INFO: [Designutils 20-2272] Running write_bitstream with 2 threads.
Loading data files...
Loading site data...
Loading route data...
Processing options...
Creating bitmap...
Creating bitstream...
Writing bitstream ./lab4_Practice.bit...
INFO: [Vivado 12-1842] Bitgen Completed Successfully.
INFO: [Project 1-120] WebTalk data collection is mandatory when using a WebPACK part without a full Vivado license. To see the specific WebTalk data collected for your design, open the usage_statistics_webtalk.html or usage_statistics_webtalk.xml file in the implementation directory.
INFO: [Common 17-83] Releasing license: Implementation
22 Infos, 1 Warnings, 0 Critical Warnings and 0 Errors encountered.
write_bitstream completed successfully
write_bitstream: Time (s): cpu = 00:00:20 ; elapsed = 00:00:21 . Memory (MB): peak = 1643.488 ; gain = 446.406
INFO: [Common 17-206] Exiting Vivado at Mon Oct 13 20:35:26 2025...
