
*** Running vivado
    with args -log exam2_B.vds -m64 -product Vivado -mode batch -messageDb vivado.pb -notrace -source exam2_B.tcl


****** Vivado v2019.2 (64-bit)
  **** SW Build 2708876 on Wed Nov  6 21:40:23 MST 2019
  **** IP Build 2700528 on Thu Nov  7 00:09:20 MST 2019
    ** Copyright 1986-2019 Xilinx, Inc. All Rights Reserved.

source exam2_B.tcl -notrace
INFO: [IP_Flow 19-234] Refreshing IP repositories
INFO: [IP_Flow 19-1700] Loaded user IP repository 'c:/Users/jiang/OneDrive/LabFile/Final/Prac/F/ip'.
INFO: [IP_Flow 19-2313] Loaded Vivado IP repository 'C:/Xilinx/Vivado/2019.2/data/ip'.
Command: synth_design -top exam2_B -part xc7a35tcpg236-1
Starting synth_design
Attempting to get a license for feature 'Synthesis' and/or device 'xc7a35t'
INFO: [Common 17-349] Got license for feature 'Synthesis' and/or device 'xc7a35t'
INFO: [Device 21-403] Loading part xc7a35tcpg236-1
INFO: Launching helper process for spawning children vivado processes
INFO: Helper process launched with PID 7304 
WARNING: [Synth 8-2507] parameter declaration becomes local in KeyboardCtrl with formal parameter declaration list [C:/Users/jiang/OneDrive/LabFile/Final/Prac/F/ip/Keyboard-Controller/keyboard_cntr_1.0/src/KeyboardCtrl.v:18]
WARNING: [Synth 8-2507] parameter declaration becomes local in KeyboardCtrl with formal parameter declaration list [C:/Users/jiang/OneDrive/LabFile/Final/Prac/F/ip/Keyboard-Controller/keyboard_cntr_1.0/src/KeyboardCtrl.v:19]
WARNING: [Synth 8-2507] parameter declaration becomes local in KeyboardCtrl with formal parameter declaration list [C:/Users/jiang/OneDrive/LabFile/Final/Prac/F/ip/Keyboard-Controller/keyboard_cntr_1.0/src/KeyboardCtrl.v:20]
WARNING: [Synth 8-2507] parameter declaration becomes local in KeyboardCtrl with formal parameter declaration list [C:/Users/jiang/OneDrive/LabFile/Final/Prac/F/ip/Keyboard-Controller/keyboard_cntr_1.0/src/KeyboardCtrl.v:21]
WARNING: [Synth 8-2507] parameter declaration becomes local in KeyboardCtrl with formal parameter declaration list [C:/Users/jiang/OneDrive/LabFile/Final/Prac/F/ip/Keyboard-Controller/keyboard_cntr_1.0/src/KeyboardCtrl.v:22]
WARNING: [Synth 8-2507] parameter declaration becomes local in KeyboardCtrl with formal parameter declaration list [C:/Users/jiang/OneDrive/LabFile/Final/Prac/F/ip/Keyboard-Controller/keyboard_cntr_1.0/src/KeyboardCtrl.v:23]
WARNING: [Synth 8-2507] parameter declaration becomes local in KeyboardCtrl with formal parameter declaration list [C:/Users/jiang/OneDrive/LabFile/Final/Prac/F/ip/Keyboard-Controller/keyboard_cntr_1.0/src/KeyboardCtrl.v:24]
WARNING: [Synth 8-2507] parameter declaration becomes local in KeyboardCtrl with formal parameter declaration list [C:/Users/jiang/OneDrive/LabFile/Final/Prac/F/ip/Keyboard-Controller/keyboard_cntr_1.0/src/KeyboardCtrl.v:26]
WARNING: [Synth 8-2507] parameter declaration becomes local in KeyboardCtrl with formal parameter declaration list [C:/Users/jiang/OneDrive/LabFile/Final/Prac/F/ip/Keyboard-Controller/keyboard_cntr_1.0/src/KeyboardCtrl.v:27]
WARNING: [Synth 8-2507] parameter declaration becomes local in KeyboardCtrl with formal parameter declaration list [C:/Users/jiang/OneDrive/LabFile/Final/Prac/F/ip/Keyboard-Controller/keyboard_cntr_1.0/src/KeyboardCtrl.v:28]
WARNING: [Synth 8-2507] parameter declaration becomes local in KeyboardCtrl with formal parameter declaration list [C:/Users/jiang/OneDrive/LabFile/Final/Prac/F/ip/Keyboard-Controller/keyboard_cntr_1.0/src/KeyboardCtrl.v:29]
WARNING: [Synth 8-2507] parameter declaration becomes local in KeyboardCtrl with formal parameter declaration list [C:/Users/jiang/OneDrive/LabFile/Final/Prac/F/ip/Keyboard-Controller/keyboard_cntr_1.0/src/KeyboardCtrl.v:31]
WARNING: [Synth 8-2507] parameter declaration becomes local in KeyboardCtrl with formal parameter declaration list [C:/Users/jiang/OneDrive/LabFile/Final/Prac/F/ip/Keyboard-Controller/keyboard_cntr_1.0/src/KeyboardCtrl.v:32]
WARNING: [Synth 8-2507] parameter declaration becomes local in KeyboardCtrl with formal parameter declaration list [C:/Users/jiang/OneDrive/LabFile/Final/Prac/F/ip/Keyboard-Controller/keyboard_cntr_1.0/src/KeyboardCtrl.v:33]
WARNING: [Synth 8-2507] parameter declaration becomes local in KeyboardCtrl with formal parameter declaration list [C:/Users/jiang/OneDrive/LabFile/Final/Prac/F/ip/Keyboard-Controller/keyboard_cntr_1.0/src/KeyboardCtrl.v:34]
WARNING: [Synth 8-2507] parameter declaration becomes local in KeyboardCtrl with formal parameter declaration list [C:/Users/jiang/OneDrive/LabFile/Final/Prac/F/ip/Keyboard-Controller/keyboard_cntr_1.0/src/KeyboardCtrl.v:35]
WARNING: [Synth 8-2507] parameter declaration becomes local in Ps2Interface with formal parameter declaration list [C:/Users/jiang/OneDrive/LabFile/Final/Prac/F/ip/Keyboard-Controller/keyboard_cntr_1.0/src/Ps2Interface.v:191]
WARNING: [Synth 8-2507] parameter declaration becomes local in Ps2Interface with formal parameter declaration list [C:/Users/jiang/OneDrive/LabFile/Final/Prac/F/ip/Keyboard-Controller/keyboard_cntr_1.0/src/Ps2Interface.v:192]
WARNING: [Synth 8-2507] parameter declaration becomes local in Ps2Interface with formal parameter declaration list [C:/Users/jiang/OneDrive/LabFile/Final/Prac/F/ip/Keyboard-Controller/keyboard_cntr_1.0/src/Ps2Interface.v:193]
WARNING: [Synth 8-2507] parameter declaration becomes local in Ps2Interface with formal parameter declaration list [C:/Users/jiang/OneDrive/LabFile/Final/Prac/F/ip/Keyboard-Controller/keyboard_cntr_1.0/src/Ps2Interface.v:194]
WARNING: [Synth 8-2507] parameter declaration becomes local in Ps2Interface with formal parameter declaration list [C:/Users/jiang/OneDrive/LabFile/Final/Prac/F/ip/Keyboard-Controller/keyboard_cntr_1.0/src/Ps2Interface.v:229]
WARNING: [Synth 8-2507] parameter declaration becomes local in Ps2Interface with formal parameter declaration list [C:/Users/jiang/OneDrive/LabFile/Final/Prac/F/ip/Keyboard-Controller/keyboard_cntr_1.0/src/Ps2Interface.v:231]
WARNING: [Synth 8-2507] parameter declaration becomes local in Ps2Interface with formal parameter declaration list [C:/Users/jiang/OneDrive/LabFile/Final/Prac/F/ip/Keyboard-Controller/keyboard_cntr_1.0/src/Ps2Interface.v:232]
WARNING: [Synth 8-2507] parameter declaration becomes local in Ps2Interface with formal parameter declaration list [C:/Users/jiang/OneDrive/LabFile/Final/Prac/F/ip/Keyboard-Controller/keyboard_cntr_1.0/src/Ps2Interface.v:233]
WARNING: [Synth 8-2507] parameter declaration becomes local in Ps2Interface with formal parameter declaration list [C:/Users/jiang/OneDrive/LabFile/Final/Prac/F/ip/Keyboard-Controller/keyboard_cntr_1.0/src/Ps2Interface.v:234]
WARNING: [Synth 8-2507] parameter declaration becomes local in Ps2Interface with formal parameter declaration list [C:/Users/jiang/OneDrive/LabFile/Final/Prac/F/ip/Keyboard-Controller/keyboard_cntr_1.0/src/Ps2Interface.v:235]
WARNING: [Synth 8-2507] parameter declaration becomes local in Ps2Interface with formal parameter declaration list [C:/Users/jiang/OneDrive/LabFile/Final/Prac/F/ip/Keyboard-Controller/keyboard_cntr_1.0/src/Ps2Interface.v:236]
WARNING: [Synth 8-2507] parameter declaration becomes local in Ps2Interface with formal parameter declaration list [C:/Users/jiang/OneDrive/LabFile/Final/Prac/F/ip/Keyboard-Controller/keyboard_cntr_1.0/src/Ps2Interface.v:237]
WARNING: [Synth 8-2507] parameter declaration becomes local in Ps2Interface with formal parameter declaration list [C:/Users/jiang/OneDrive/LabFile/Final/Prac/F/ip/Keyboard-Controller/keyboard_cntr_1.0/src/Ps2Interface.v:238]
WARNING: [Synth 8-2507] parameter declaration becomes local in Ps2Interface with formal parameter declaration list [C:/Users/jiang/OneDrive/LabFile/Final/Prac/F/ip/Keyboard-Controller/keyboard_cntr_1.0/src/Ps2Interface.v:239]
WARNING: [Synth 8-2507] parameter declaration becomes local in Ps2Interface with formal parameter declaration list [C:/Users/jiang/OneDrive/LabFile/Final/Prac/F/ip/Keyboard-Controller/keyboard_cntr_1.0/src/Ps2Interface.v:240]
WARNING: [Synth 8-2507] parameter declaration becomes local in Ps2Interface with formal parameter declaration list [C:/Users/jiang/OneDrive/LabFile/Final/Prac/F/ip/Keyboard-Controller/keyboard_cntr_1.0/src/Ps2Interface.v:241]
WARNING: [Synth 8-2507] parameter declaration becomes local in Ps2Interface with formal parameter declaration list [C:/Users/jiang/OneDrive/LabFile/Final/Prac/F/ip/Keyboard-Controller/keyboard_cntr_1.0/src/Ps2Interface.v:242]
WARNING: [Synth 8-2507] parameter declaration becomes local in Ps2Interface with formal parameter declaration list [C:/Users/jiang/OneDrive/LabFile/Final/Prac/F/ip/Keyboard-Controller/keyboard_cntr_1.0/src/Ps2Interface.v:243]
WARNING: [Synth 8-2507] parameter declaration becomes local in Ps2Interface with formal parameter declaration list [C:/Users/jiang/OneDrive/LabFile/Final/Prac/F/ip/Keyboard-Controller/keyboard_cntr_1.0/src/Ps2Interface.v:244]
WARNING: [Synth 8-2507] parameter declaration becomes local in Ps2Interface with formal parameter declaration list [C:/Users/jiang/OneDrive/LabFile/Final/Prac/F/ip/Keyboard-Controller/keyboard_cntr_1.0/src/Ps2Interface.v:245]
---------------------------------------------------------------------------------
Starting RTL Elaboration : Time (s): cpu = 00:00:05 ; elapsed = 00:00:05 . Memory (MB): peak = 783.012 ; gain = 240.047
---------------------------------------------------------------------------------
INFO: [Synth 8-6157] synthesizing module 'exam2_B' [C:/Users/jiang/OneDrive/LabFile/Final/Prac/F/exam2_F.v:2]
	Parameter AMOUNT bound to: 2'b00 
	Parameter DEPOSIT bound to: 2'b01 
	Parameter CHANGE bound to: 2'b10 
	Parameter left_zero bound to: 9'b001000101 
	Parameter left_one bound to: 9'b000010110 
	Parameter left_two bound to: 9'b000011110 
	Parameter left_three bound to: 9'b000100110 
	Parameter left_five bound to: 9'b000101110 
	Parameter space bound to: 9'b000101001 
INFO: [Synth 8-6157] synthesizing module 'debounce' [C:/Users/jiang/OneDrive/LabFile/Final/Prac/F/exam2_F.v:176]
INFO: [Synth 8-6155] done synthesizing module 'debounce' (1#1) [C:/Users/jiang/OneDrive/LabFile/Final/Prac/F/exam2_F.v:176]
INFO: [Synth 8-6157] synthesizing module 'one_pulse' [C:/Users/jiang/OneDrive/LabFile/Final/Prac/F/exam2_F.v:191]
INFO: [Synth 8-6155] done synthesizing module 'one_pulse' (2#1) [C:/Users/jiang/OneDrive/LabFile/Final/Prac/F/exam2_F.v:191]
INFO: [Synth 8-155] case statement is not full and has no default [C:/Users/jiang/OneDrive/LabFile/Final/Prac/F/exam2_F.v:45]
INFO: [Synth 8-6157] synthesizing module 'KeyboardDecoder' [C:/Users/jiang/OneDrive/LabFile/Final/Prac/F/exam2_F.v:275]
	Parameter INIT bound to: 2'b00 
	Parameter WAIT_FOR_SIGNAL bound to: 2'b01 
	Parameter GET_SIGNAL_DOWN bound to: 2'b10 
	Parameter WAIT_RELEASE bound to: 2'b11 
	Parameter IS_INIT bound to: 8'b10101010 
	Parameter IS_EXTEND bound to: 8'b11100000 
	Parameter IS_BREAK bound to: 8'b11110000 
INFO: [Synth 8-6157] synthesizing module 'KeyboardCtrl' [C:/Users/jiang/OneDrive/LabFile/Final/Prac/F/ip/Keyboard-Controller/keyboard_cntr_1.0/src/KeyboardCtrl.v:1]
	Parameter SYSCLK_FREQUENCY_HZ bound to: 100000000 - type: integer 
	Parameter RESET bound to: 3'b000 
	Parameter SEND_CMD bound to: 3'b001 
	Parameter WAIT_ACK bound to: 3'b010 
	Parameter WAIT_KEYIN bound to: 3'b011 
	Parameter GET_BREAK bound to: 3'b100 
	Parameter GET_EXTEND bound to: 3'b101 
	Parameter RESET_WAIT_BAT bound to: 3'b110 
	Parameter CMD_RESET bound to: 8'b11111111 
	Parameter CMD_SET_STATUS_LEDS bound to: 8'b11101101 
	Parameter RSP_ACK bound to: 8'b11111010 
	Parameter RSP_BAT_PASS bound to: 8'b10101010 
	Parameter BREAK_CODE bound to: 8'b11110000 
	Parameter EXTEND_CODE bound to: 8'b11100000 
	Parameter CAPS_LOCK bound to: 8'b01011000 
	Parameter NUM_LOCK bound to: 8'b01110111 
	Parameter SCR_LOCK bound to: 8'b01111110 
INFO: [Synth 8-6157] synthesizing module 'Ps2Interface' [C:/Users/jiang/OneDrive/LabFile/Final/Prac/F/ip/Keyboard-Controller/keyboard_cntr_1.0/src/Ps2Interface.v:164]
	Parameter SYSCLK_FREQUENCY_HZ bound to: 100000000 - type: integer 
	Parameter CLOCK_CNT_100US bound to: 10000 - type: integer 
	Parameter CLOCK_CNT_20US bound to: 2000 - type: integer 
	Parameter DEBOUNCE_DELAY bound to: 15 - type: integer 
	Parameter BITS_NUM bound to: 11 - type: integer 
	Parameter parity_table bound to: 256'b1001011001101001011010011001011001101001100101101001011001101001011010011001011010010110011010011001011001101001011010011001011001101001100101101001011001101001100101100110100101101001100101101001011001101001011010011001011001101001100101101001011001101001 
	Parameter IDLE bound to: 4'b0000 
	Parameter RX_NEG_EDGE bound to: 4'b0001 
	Parameter RX_CLK_LOW bound to: 4'b0010 
	Parameter RX_CLK_HIGH bound to: 4'b0011 
	Parameter TX_FORCE_CLK_LOW bound to: 4'b0100 
	Parameter TX_BRING_DATA_LOW bound to: 4'b0101 
	Parameter TX_RELEASE_CLK bound to: 4'b0110 
	Parameter TX_WAIT_FIRTS_NEG_EDGE bound to: 4'b0111 
	Parameter TX_CLK_LOW bound to: 4'b1000 
	Parameter TX_WAIT_POS_EDGE bound to: 4'b1001 
	Parameter TX_CLK_HIGH bound to: 4'b1010 
	Parameter TX_WAIT_POS_EDGE_BEFORE_ACK bound to: 4'b1011 
	Parameter TX_WAIT_ACK bound to: 4'b1100 
	Parameter TX_RECEIVED_ACK bound to: 4'b1101 
	Parameter TX_ERROR_NO_ACK bound to: 4'b1110 
INFO: [Synth 8-6157] synthesizing module 'IOBUF' [C:/Xilinx/Vivado/2019.2/scripts/rt/data/unisim_comp.v:36196]
	Parameter DRIVE bound to: 12 - type: integer 
	Parameter IBUF_LOW_PWR bound to: TRUE - type: string 
	Parameter IOSTANDARD bound to: DEFAULT - type: string 
	Parameter SLEW bound to: SLOW - type: string 
INFO: [Synth 8-6155] done synthesizing module 'IOBUF' (3#1) [C:/Xilinx/Vivado/2019.2/scripts/rt/data/unisim_comp.v:36196]
INFO: [Synth 8-6155] done synthesizing module 'Ps2Interface' (4#1) [C:/Users/jiang/OneDrive/LabFile/Final/Prac/F/ip/Keyboard-Controller/keyboard_cntr_1.0/src/Ps2Interface.v:164]
INFO: [Synth 8-6155] done synthesizing module 'KeyboardCtrl' (5#1) [C:/Users/jiang/OneDrive/LabFile/Final/Prac/F/ip/Keyboard-Controller/keyboard_cntr_1.0/src/KeyboardCtrl.v:1]
INFO: [Synth 8-226] default block is never used [C:/Users/jiang/OneDrive/LabFile/Final/Prac/F/exam2_F.v:338]
INFO: [Synth 8-6155] done synthesizing module 'KeyboardDecoder' (6#1) [C:/Users/jiang/OneDrive/LabFile/Final/Prac/F/exam2_F.v:275]
INFO: [Synth 8-155] case statement is not full and has no default [C:/Users/jiang/OneDrive/LabFile/Final/Prac/F/exam2_F.v:65]
INFO: [Synth 8-155] case statement is not full and has no default [C:/Users/jiang/OneDrive/LabFile/Final/Prac/F/exam2_F.v:94]
INFO: [Synth 8-155] case statement is not full and has no default [C:/Users/jiang/OneDrive/LabFile/Final/Prac/F/exam2_F.v:107]
INFO: [Synth 8-155] case statement is not full and has no default [C:/Users/jiang/OneDrive/LabFile/Final/Prac/F/exam2_F.v:90]
INFO: [Synth 8-6157] synthesizing module 'SevenSegment' [C:/Users/jiang/OneDrive/LabFile/Final/Prac/F/exam2_F.v:209]
INFO: [Synth 8-6155] done synthesizing module 'SevenSegment' (7#1) [C:/Users/jiang/OneDrive/LabFile/Final/Prac/F/exam2_F.v:209]
INFO: [Synth 8-155] case statement is not full and has no default [C:/Users/jiang/OneDrive/LabFile/Final/Prac/F/exam2_F.v:124]
INFO: [Synth 8-155] case statement is not full and has no default [C:/Users/jiang/OneDrive/LabFile/Final/Prac/F/exam2_F.v:135]
INFO: [Synth 8-6157] synthesizing module 'clock_divider' [C:/Users/jiang/OneDrive/LabFile/Final/Prac/F/exam2_F.v:161]
	Parameter n bound to: 25 - type: integer 
INFO: [Synth 8-6155] done synthesizing module 'clock_divider' (8#1) [C:/Users/jiang/OneDrive/LabFile/Final/Prac/F/exam2_F.v:161]
INFO: [Synth 8-6155] done synthesizing module 'exam2_B' (9#1) [C:/Users/jiang/OneDrive/LabFile/Final/Prac/F/exam2_F.v:2]
---------------------------------------------------------------------------------
Finished RTL Elaboration : Time (s): cpu = 00:00:06 ; elapsed = 00:00:07 . Memory (MB): peak = 835.066 ; gain = 292.102
---------------------------------------------------------------------------------

Report Check Netlist: 
+------+------------------+-------+---------+-------+------------------+
|      |Item              |Errors |Warnings |Status |Description       |
+------+------------------+-------+---------+-------+------------------+
|1     |multi_driven_nets |      0|        0|Passed |Multi driven nets |
+------+------------------+-------+---------+-------+------------------+
---------------------------------------------------------------------------------
Start Handling Custom Attributes
---------------------------------------------------------------------------------
---------------------------------------------------------------------------------
Finished Handling Custom Attributes : Time (s): cpu = 00:00:06 ; elapsed = 00:00:07 . Memory (MB): peak = 835.066 ; gain = 292.102
---------------------------------------------------------------------------------
---------------------------------------------------------------------------------
Finished RTL Optimization Phase 1 : Time (s): cpu = 00:00:06 ; elapsed = 00:00:07 . Memory (MB): peak = 835.066 ; gain = 292.102
---------------------------------------------------------------------------------
Netlist sorting complete. Time (s): cpu = 00:00:00 ; elapsed = 00:00:00.025 . Memory (MB): peak = 835.066 ; gain = 0.000
INFO: [Netlist 29-17] Analyzing 2 Unisim elements for replacement
INFO: [Netlist 29-28] Unisim Transformation completed in 0 CPU seconds
INFO: [Project 1-570] Preparing netlist for logic optimization

Processing XDC Constraints
Initializing timing engine
Parsing XDC File [C:/Users/jiang/OneDrive/LabFile/Final/Prac/F/exam2_F.xdc]
Finished Parsing XDC File [C:/Users/jiang/OneDrive/LabFile/Final/Prac/F/exam2_F.xdc]
INFO: [Project 1-236] Implementation specific constraints were found while reading constraint file [C:/Users/jiang/OneDrive/LabFile/Final/Prac/F/exam2_F.xdc]. These constraints will be ignored for synthesis but will be used in implementation. Impacted constraints are listed in the file [.Xil/exam2_B_propImpl.xdc].
Resolution: To avoid this warning, move constraints listed in [.Xil/exam2_B_propImpl.xdc] to another XDC file and exclude this new file from synthesis with the used_in_synthesis property (File Properties dialog in GUI) and re-run elaboration/synthesis.
Completed Processing XDC Constraints

Netlist sorting complete. Time (s): cpu = 00:00:00 ; elapsed = 00:00:00 . Memory (MB): peak = 946.332 ; gain = 0.000
INFO: [Project 1-111] Unisim Transformation Summary:
  A total of 2 instances were transformed.
  IOBUF => IOBUF (IBUF, OBUFT): 2 instances

Constraint Validation Runtime : Time (s): cpu = 00:00:00 ; elapsed = 00:00:00.007 . Memory (MB): peak = 946.332 ; gain = 0.000
---------------------------------------------------------------------------------
Finished Constraint Validation : Time (s): cpu = 00:00:14 ; elapsed = 00:00:16 . Memory (MB): peak = 946.332 ; gain = 403.367
---------------------------------------------------------------------------------
---------------------------------------------------------------------------------
Start Loading Part and Timing Information
---------------------------------------------------------------------------------
Loading part: xc7a35tcpg236-1
---------------------------------------------------------------------------------
Finished Loading Part and Timing Information : Time (s): cpu = 00:00:14 ; elapsed = 00:00:16 . Memory (MB): peak = 946.332 ; gain = 403.367
---------------------------------------------------------------------------------
---------------------------------------------------------------------------------
Start Applying 'set_property' XDC Constraints
---------------------------------------------------------------------------------
---------------------------------------------------------------------------------
Finished applying 'set_property' XDC Constraints : Time (s): cpu = 00:00:14 ; elapsed = 00:00:16 . Memory (MB): peak = 946.332 ; gain = 403.367
---------------------------------------------------------------------------------
INFO: [Synth 8-802] inferred FSM for state register 'state_reg' in module 'Ps2Interface'
INFO: [Synth 8-5544] ROM "ps2_clk_out_next" won't be mapped to Block RAM because address size (4) smaller than threshold (5)
INFO: [Synth 8-5544] ROM "ps2_clk_en_next" won't be mapped to Block RAM because address size (4) smaller than threshold (5)
INFO: [Synth 8-802] inferred FSM for state register 'state_reg' in module 'KeyboardCtrl'
INFO: [Synth 8-802] inferred FSM for state register 'state_reg' in module 'KeyboardDecoder'
INFO: [Synth 8-802] inferred FSM for state register 'digit_reg' in module 'SevenSegment'
INFO: [Synth 8-5544] ROM "digit" won't be mapped to Block RAM because address size (4) smaller than threshold (5)
---------------------------------------------------------------------------------------------------
                   State |                     New Encoding |                Previous Encoding 
---------------------------------------------------------------------------------------------------
                    IDLE |                  000000000000010 |                             0000
        TX_FORCE_CLK_LOW |                  000000000001000 |                             0100
       TX_BRING_DATA_LOW |                  000000000010000 |                             0101
          TX_RELEASE_CLK |                  100000000000000 |                             0110
  TX_WAIT_FIRTS_NEG_EDGE |                  001000000000000 |                             0111
              TX_CLK_LOW |                  000100000000000 |                             1000
        TX_WAIT_POS_EDGE |                  010000000000000 |                             1001
TX_WAIT_POS_EDGE_BEFORE_ACK |                  000001000000000 |                             1011
             TX_WAIT_ACK |                  000000010000000 |                             1100
         TX_RECEIVED_ACK |                  000000000100000 |                             1101
         TX_ERROR_NO_ACK |                  000000100000000 |                             1110
             TX_CLK_HIGH |                  000010000000000 |                             1010
             RX_NEG_EDGE |                  000000000000100 |                             0001
              RX_CLK_LOW |                  000000001000000 |                             0010
             RX_CLK_HIGH |                  000000000000001 |                             0011
---------------------------------------------------------------------------------------------------
INFO: [Synth 8-3354] encoded FSM with state register 'state_reg' using encoding 'one-hot' in module 'Ps2Interface'
---------------------------------------------------------------------------------------------------
                   State |                     New Encoding |                Previous Encoding 
---------------------------------------------------------------------------------------------------
                   RESET |                              000 |                              000
                SEND_CMD |                              001 |                              001
                WAIT_ACK |                              010 |                              010
          RESET_WAIT_BAT |                              011 |                              110
              WAIT_KEYIN |                              100 |                              011
              GET_EXTEND |                              101 |                              101
               GET_BREAK |                              110 |                              100
---------------------------------------------------------------------------------------------------
INFO: [Synth 8-3354] encoded FSM with state register 'state_reg' using encoding 'sequential' in module 'KeyboardCtrl'
---------------------------------------------------------------------------------------------------
                   State |                     New Encoding |                Previous Encoding 
---------------------------------------------------------------------------------------------------
                    INIT |                               00 |                               00
         WAIT_FOR_SIGNAL |                               01 |                               01
         GET_SIGNAL_DOWN |                               10 |                               10
            WAIT_RELEASE |                               11 |                               11
---------------------------------------------------------------------------------------------------
INFO: [Synth 8-3354] encoded FSM with state register 'state_reg' using encoding 'sequential' in module 'KeyboardDecoder'
---------------------------------------------------------------------------------------------------
                   State |                     New Encoding |                Previous Encoding 
---------------------------------------------------------------------------------------------------
                 iSTATE3 |                              000 |                             1111
*
                  iSTATE |                              001 |                             1110
                 iSTATE0 |                              010 |                             1101
                 iSTATE1 |                              011 |                             1011
                 iSTATE2 |                              100 |                             0111
---------------------------------------------------------------------------------------------------
INFO: [Synth 8-3354] encoded FSM with state register 'digit_reg' using encoding 'sequential' in module 'SevenSegment'
WARNING: [Synth 8-327] inferring latch for variable 'led_reg' [C:/Users/jiang/OneDrive/LabFile/Final/Prac/F/exam2_F.v:133]
WARNING: [Synth 8-327] inferring latch for variable 'nums_reg' [C:/Users/jiang/OneDrive/LabFile/Final/Prac/F/exam2_F.v:119]
WARNING: [Synth 8-327] inferring latch for variable 'key_value_reg' [C:/Users/jiang/OneDrive/LabFile/Final/Prac/F/exam2_F.v:66]
---------------------------------------------------------------------------------
Finished RTL Optimization Phase 2 : Time (s): cpu = 00:00:15 ; elapsed = 00:00:17 . Memory (MB): peak = 946.332 ; gain = 403.367
---------------------------------------------------------------------------------

Report RTL Partitions: 
+-+--------------+------------+----------+
| |RTL Partition |Replication |Instances |
+-+--------------+------------+----------+
+-+--------------+------------+----------+
---------------------------------------------------------------------------------
Start RTL Component Statistics 
---------------------------------------------------------------------------------
Detailed RTL Component Info : 
+---Adders : 
	   2 Input     14 Bit       Adders := 1     
	   2 Input      7 Bit       Adders := 4     
	   2 Input      4 Bit       Adders := 3     
+---Registers : 
	              512 Bit    Registers := 1     
	               14 Bit    Registers := 1     
	               11 Bit    Registers := 1     
	               10 Bit    Registers := 1     
	                8 Bit    Registers := 3     
	                7 Bit    Registers := 3     
	                4 Bit    Registers := 6     
	                3 Bit    Registers := 2     
	                2 Bit    Registers := 1     
	                1 Bit    Registers := 26    
+---Muxes : 
	   2 Input    512 Bit        Muxes := 1     
	   4 Input     16 Bit        Muxes := 2     
	   2 Input     16 Bit        Muxes := 2     
	  15 Input     15 Bit        Muxes := 1     
	   2 Input     15 Bit        Muxes := 17    
	   2 Input     14 Bit        Muxes := 3     
	  15 Input     14 Bit        Muxes := 1     
	   2 Input     11 Bit        Muxes := 1     
	   4 Input     10 Bit        Muxes := 1     
	   7 Input      8 Bit        Muxes := 1     
	   2 Input      7 Bit        Muxes := 5     
	   3 Input      7 Bit        Muxes := 1     
	   2 Input      4 Bit        Muxes := 5     
	   5 Input      4 Bit        Muxes := 2     
	  25 Input      3 Bit        Muxes := 1     
	   5 Input      3 Bit        Muxes := 1     
	   2 Input      3 Bit        Muxes := 1     
	   4 Input      2 Bit        Muxes := 1     
	   2 Input      2 Bit        Muxes := 4     
	   5 Input      2 Bit        Muxes := 1     
	   2 Input      1 Bit        Muxes := 29    
	  15 Input      1 Bit        Muxes := 6     
	   7 Input      1 Bit        Muxes := 8     
	   4 Input      1 Bit        Muxes := 9     
	   3 Input      1 Bit        Muxes := 1     
---------------------------------------------------------------------------------
Finished RTL Component Statistics 
---------------------------------------------------------------------------------
---------------------------------------------------------------------------------
Start RTL Hierarchical Component Statistics 
---------------------------------------------------------------------------------
Hierarchical RTL Component report 
Module exam2_B 
Detailed RTL Component Info : 
+---Adders : 
	   2 Input      7 Bit       Adders := 4     
+---Registers : 
	                7 Bit    Registers := 3     
	                3 Bit    Registers := 1     
	                2 Bit    Registers := 1     
	                1 Bit    Registers := 2     
+---Muxes : 
	   4 Input     16 Bit        Muxes := 2     
	   2 Input     16 Bit        Muxes := 2     
	   2 Input      7 Bit        Muxes := 5     
	   3 Input      7 Bit        Muxes := 1     
	   2 Input      3 Bit        Muxes := 1     
	   2 Input      2 Bit        Muxes := 1     
	   5 Input      2 Bit        Muxes := 1     
	   4 Input      1 Bit        Muxes := 2     
	   2 Input      1 Bit        Muxes := 10    
	   3 Input      1 Bit        Muxes := 1     
	   7 Input      1 Bit        Muxes := 1     
Module debounce 
Detailed RTL Component Info : 
+---Registers : 
	                4 Bit    Registers := 1     
+---Muxes : 
	   2 Input      1 Bit        Muxes := 1     
Module one_pulse 
Detailed RTL Component Info : 
+---Registers : 
	                1 Bit    Registers := 2     
Module Ps2Interface 
Detailed RTL Component Info : 
+---Adders : 
	   2 Input     14 Bit       Adders := 1     
	   2 Input      4 Bit       Adders := 3     
+---Registers : 
	               14 Bit    Registers := 1     
	               11 Bit    Registers := 1     
	                8 Bit    Registers := 1     
	                4 Bit    Registers := 3     
	                1 Bit    Registers := 10    
+---Muxes : 
	  15 Input     15 Bit        Muxes := 1     
	   2 Input     15 Bit        Muxes := 17    
	   2 Input     14 Bit        Muxes := 3     
	  15 Input     14 Bit        Muxes := 1     
	   2 Input     11 Bit        Muxes := 1     
	   2 Input      4 Bit        Muxes := 5     
	   2 Input      1 Bit        Muxes := 8     
	  15 Input      1 Bit        Muxes := 6     
Module KeyboardCtrl 
Detailed RTL Component Info : 
+---Registers : 
	                8 Bit    Registers := 2     
	                3 Bit    Registers := 1     
	                1 Bit    Registers := 4     
+---Muxes : 
	   7 Input      8 Bit        Muxes := 1     
	  25 Input      3 Bit        Muxes := 1     
	   2 Input      1 Bit        Muxes := 1     
	   7 Input      1 Bit        Muxes := 7     
Module KeyboardDecoder 
Detailed RTL Component Info : 
+---Registers : 
	              512 Bit    Registers := 1     
	               10 Bit    Registers := 1     
	                1 Bit    Registers := 4     
+---Muxes : 
	   2 Input    512 Bit        Muxes := 1     
	   4 Input     10 Bit        Muxes := 1     
	   4 Input      2 Bit        Muxes := 1     
	   2 Input      2 Bit        Muxes := 3     
	   2 Input      1 Bit        Muxes := 8     
	   4 Input      1 Bit        Muxes := 7     
Module SevenSegment 
Detailed RTL Component Info : 
+---Registers : 
	                4 Bit    Registers := 1     
+---Muxes : 
	   5 Input      4 Bit        Muxes := 2     
	   5 Input      3 Bit        Muxes := 1     
---------------------------------------------------------------------------------
Finished RTL Hierarchical Component Statistics
---------------------------------------------------------------------------------
---------------------------------------------------------------------------------
Start Part Resource Summary
---------------------------------------------------------------------------------
Part Resources:
DSPs: 90 (col length:60)
BRAMs: 100 (col length: RAMB18 60 RAMB36 30)
---------------------------------------------------------------------------------
Finished Part Resource Summary
---------------------------------------------------------------------------------
---------------------------------------------------------------------------------
Start Cross Boundary and Area Optimization
---------------------------------------------------------------------------------
Warning: Parallel synthesis criteria is not met 
INFO: [Synth 8-3886] merging instance 'kb/inst/lock_status_reg[2]' (FDCE) to 'kb/inst/lock_status_reg[0]'
INFO: [Synth 8-3886] merging instance 'kb/inst/lock_status_reg[1]' (FDCE) to 'kb/inst/lock_status_reg[0]'
INFO: [Synth 8-3333] propagating constant 0 across sequential element (kb/\inst/lock_status_reg[0] )
INFO: [Synth 8-3886] merging instance 'kb/inst/tx_data_reg[6]' (FDCE) to 'kb/inst/tx_data_reg[3]'
INFO: [Synth 8-3886] merging instance 'kb/inst/tx_data_reg[7]' (FDCE) to 'kb/inst/tx_data_reg[3]'
INFO: [Synth 8-3886] merging instance 'kb/inst/tx_data_reg[5]' (FDCE) to 'kb/inst/tx_data_reg[3]'
INFO: [Synth 8-3886] merging instance 'kb/inst/tx_data_reg[4]' (FDCE) to 'kb/inst/tx_data_reg[3]'
INFO: [Synth 8-3886] merging instance 'led_reg[0]' (LDC) to 'led_reg[3]'
INFO: [Synth 8-3886] merging instance 'led_reg[1]' (LDC) to 'led_reg[3]'
INFO: [Synth 8-3886] merging instance 'led_reg[2]' (LDC) to 'led_reg[3]'
INFO: [Synth 8-3333] propagating constant 0 across sequential element (\led_reg[3] )
INFO: [Synth 8-3886] merging instance 'led_reg[4]' (LDC) to 'led_reg[7]'
INFO: [Synth 8-3886] merging instance 'led_reg[5]' (LDC) to 'led_reg[7]'
INFO: [Synth 8-3886] merging instance 'led_reg[6]' (LDC) to 'led_reg[7]'
INFO: [Synth 8-3886] merging instance 'led_reg[8]' (LDC) to 'led_reg[11]'
INFO: [Synth 8-3886] merging instance 'led_reg[9]' (LDC) to 'led_reg[11]'
INFO: [Synth 8-3886] merging instance 'led_reg[10]' (LDC) to 'led_reg[11]'
INFO: [Synth 8-3886] merging instance 'led_reg[12]' (LDC) to 'led_reg[13]'
INFO: [Synth 8-3886] merging instance 'led_reg[13]' (LDC) to 'led_reg[14]'
INFO: [Synth 8-3886] merging instance 'led_reg[14]' (LDC) to 'led_reg[15]'
INFO: [Synth 8-3886] merging instance 'kb/inst/tx_data_reg[2]' (FDCE) to 'kb/inst/tx_data_reg[0]'
INFO: [Synth 8-3886] merging instance 'kb/inst/tx_data_reg[1]' (FDCE) to 'kb/inst/tx_data_reg[0]'
WARNING: [Synth 8-3332] Sequential element (led_reg[3]) is unused and will be removed from module exam2_B.
INFO: [Synth 8-3886] merging instance 'nums_reg[8]' (LDC) to 'nums_reg[10]'
INFO: [Synth 8-3886] merging instance 'nums_reg[9]' (LDC) to 'nums_reg[11]'
INFO: [Synth 8-3333] propagating constant 0 across sequential element (\nums_reg[11] )
WARNING: [Synth 8-3332] Sequential element (nums_reg[11]) is unused and will be removed from module exam2_B.
---------------------------------------------------------------------------------
Finished Cross Boundary and Area Optimization : Time (s): cpu = 00:00:33 ; elapsed = 00:00:36 . Memory (MB): peak = 946.332 ; gain = 403.367
---------------------------------------------------------------------------------
---------------------------------------------------------------------------------
Start ROM, RAM, DSP and Shift Register Reporting
---------------------------------------------------------------------------------

ROM:
+-------------+-----------------------------+---------------+----------------+
|Module Name  | RTL Object                  | Depth x Width | Implemented As | 
+-------------+-----------------------------+---------------+----------------+
|Ps2Interface | parity_table                | 256x1         | LUT            | 
|Ps2Interface | parity_table                | 256x1         | LUT            | 
|KeyboardCtrl | Ps2Interface_i/parity_table | 256x1         | LUT            | 
+-------------+-----------------------------+---------------+----------------+

---------------------------------------------------------------------------------
Finished ROM, RAM, DSP and Shift Register Reporting
---------------------------------------------------------------------------------

Report RTL Partitions: 
+-+--------------+------------+----------+
| |RTL Partition |Replication |Instances |
+-+--------------+------------+----------+
+-+--------------+------------+----------+
---------------------------------------------------------------------------------
Start Applying XDC Timing Constraints
---------------------------------------------------------------------------------
---------------------------------------------------------------------------------
Finished Applying XDC Timing Constraints : Time (s): cpu = 00:00:42 ; elapsed = 00:00:45 . Memory (MB): peak = 946.332 ; gain = 403.367
---------------------------------------------------------------------------------
---------------------------------------------------------------------------------
Start Timing Optimization
---------------------------------------------------------------------------------
---------------------------------------------------------------------------------
Finished Timing Optimization : Time (s): cpu = 00:00:48 ; elapsed = 00:00:52 . Memory (MB): peak = 1009.324 ; gain = 466.359
---------------------------------------------------------------------------------

Report RTL Partitions: 
+-+--------------+------------+----------+
| |RTL Partition |Replication |Instances |
+-+--------------+------------+----------+
+-+--------------+------------+----------+
---------------------------------------------------------------------------------
Start Technology Mapping
---------------------------------------------------------------------------------
---------------------------------------------------------------------------------
Finished Technology Mapping : Time (s): cpu = 00:00:49 ; elapsed = 00:00:53 . Memory (MB): peak = 1010.027 ; gain = 467.062
---------------------------------------------------------------------------------

Report RTL Partitions: 
+-+--------------+------------+----------+
| |RTL Partition |Replication |Instances |
+-+--------------+------------+----------+
+-+--------------+------------+----------+
---------------------------------------------------------------------------------
Start IO Insertion
---------------------------------------------------------------------------------
---------------------------------------------------------------------------------
Start Flattening Before IO Insertion
---------------------------------------------------------------------------------
---------------------------------------------------------------------------------
Finished Flattening Before IO Insertion
---------------------------------------------------------------------------------
---------------------------------------------------------------------------------
Start Final Netlist Cleanup
---------------------------------------------------------------------------------
INFO: [Synth 8-5365] Flop kb/inst/Ps2Interface_i/ps2_clk_en_reg is being inverted and renamed to kb/inst/Ps2Interface_i/ps2_clk_en_reg_inv.
INFO: [Synth 8-5365] Flop kb/inst/Ps2Interface_i/ps2_data_en_reg is being inverted and renamed to kb/inst/Ps2Interface_i/ps2_data_en_reg_inv.
---------------------------------------------------------------------------------
Finished Final Netlist Cleanup
---------------------------------------------------------------------------------
---------------------------------------------------------------------------------
Finished IO Insertion : Time (s): cpu = 00:00:54 ; elapsed = 00:00:57 . Memory (MB): peak = 1014.871 ; gain = 471.906
---------------------------------------------------------------------------------
---------------------------------------------------------------------------------
Start Renaming Generated Instances
---------------------------------------------------------------------------------
---------------------------------------------------------------------------------
Finished Renaming Generated Instances : Time (s): cpu = 00:00:54 ; elapsed = 00:00:57 . Memory (MB): peak = 1014.871 ; gain = 471.906
---------------------------------------------------------------------------------

Report RTL Partitions: 
+-+--------------+------------+----------+
| |RTL Partition |Replication |Instances |
+-+--------------+------------+----------+
+-+--------------+------------+----------+

Report Check Netlist: 
+------+------------------+-------+---------+-------+------------------+
|      |Item              |Errors |Warnings |Status |Description       |
+------+------------------+-------+---------+-------+------------------+
|1     |multi_driven_nets |      0|        0|Passed |Multi driven nets |
+------+------------------+-------+---------+-------+------------------+
---------------------------------------------------------------------------------
Start Rebuilding User Hierarchy
---------------------------------------------------------------------------------
---------------------------------------------------------------------------------
Finished Rebuilding User Hierarchy : Time (s): cpu = 00:00:54 ; elapsed = 00:00:58 . Memory (MB): peak = 1014.871 ; gain = 471.906
---------------------------------------------------------------------------------
---------------------------------------------------------------------------------
Start Renaming Generated Ports
---------------------------------------------------------------------------------
---------------------------------------------------------------------------------
Finished Renaming Generated Ports : Time (s): cpu = 00:00:54 ; elapsed = 00:00:58 . Memory (MB): peak = 1014.871 ; gain = 471.906
---------------------------------------------------------------------------------
---------------------------------------------------------------------------------
Start Handling Custom Attributes
---------------------------------------------------------------------------------
---------------------------------------------------------------------------------
Finished Handling Custom Attributes : Time (s): cpu = 00:00:54 ; elapsed = 00:00:58 . Memory (MB): peak = 1014.871 ; gain = 471.906
---------------------------------------------------------------------------------
---------------------------------------------------------------------------------
Start Renaming Generated Nets
---------------------------------------------------------------------------------
---------------------------------------------------------------------------------
Finished Renaming Generated Nets : Time (s): cpu = 00:00:54 ; elapsed = 00:00:58 . Memory (MB): peak = 1014.871 ; gain = 471.906
---------------------------------------------------------------------------------
---------------------------------------------------------------------------------
Start Writing Synthesis Report
---------------------------------------------------------------------------------

Report BlackBoxes: 
+-+--------------+----------+
| |BlackBox name |Instances |
+-+--------------+----------+
+-+--------------+----------+

Report Cell Usage: 
+------+-------+------+
|      |Cell   |Count |
+------+-------+------+
|1     |BUFG   |     1|
|2     |CARRY4 |    17|
|3     |LUT1   |     4|
|4     |LUT2   |    44|
|5     |LUT3   |    25|
|6     |LUT4   |   597|
|7     |LUT5   |    83|
|8     |LUT6   |   229|
|9     |FDCE   |   658|
|10    |FDPE   |     9|
|11    |FDRE   |    40|
|12    |LDC    |    17|
|13    |LDP    |     2|
|14    |IBUF   |     3|
|15    |IOBUF  |     2|
|16    |OBUF   |    27|
+------+-------+------+

Report Instance Areas: 
+------+---------------------+----------------+------+
|      |Instance             |Module          |Cells |
+------+---------------------+----------------+------+
|1     |top                  |                |  1758|
|2     |  d1                 |debounce        |     6|
|3     |  d2                 |debounce_0      |     6|
|4     |  kb                 |KeyboardDecoder |  1451|
|5     |    inst             |KeyboardCtrl    |   215|
|6     |      Ps2Interface_i |Ps2Interface    |   180|
|7     |    op               |one_pulse_2     |     3|
|8     |  nolabel_line144    |clock_divider   |    33|
|9     |  o1                 |one_pulse       |     2|
|10    |  o2                 |one_pulse_1     |     3|
|11    |  s                  |SevenSegment    |    48|
+------+---------------------+----------------+------+
---------------------------------------------------------------------------------
Finished Writing Synthesis Report : Time (s): cpu = 00:00:54 ; elapsed = 00:00:58 . Memory (MB): peak = 1014.871 ; gain = 471.906
---------------------------------------------------------------------------------
Synthesis finished with 0 errors, 0 critical warnings and 5 warnings.
Synthesis Optimization Runtime : Time (s): cpu = 00:00:45 ; elapsed = 00:00:55 . Memory (MB): peak = 1014.871 ; gain = 360.641
Synthesis Optimization Complete : Time (s): cpu = 00:00:54 ; elapsed = 00:00:58 . Memory (MB): peak = 1014.871 ; gain = 471.906
INFO: [Project 1-571] Translating synthesized netlist
Netlist sorting complete. Time (s): cpu = 00:00:00 ; elapsed = 00:00:00.012 . Memory (MB): peak = 1022.891 ; gain = 0.000
INFO: [Netlist 29-17] Analyzing 38 Unisim elements for replacement
INFO: [Netlist 29-28] Unisim Transformation completed in 0 CPU seconds
INFO: [Project 1-570] Preparing netlist for logic optimization
INFO: [Opt 31-138] Pushed 0 inverter(s) to 0 load pin(s).
Netlist sorting complete. Time (s): cpu = 00:00:00 ; elapsed = 00:00:00.001 . Memory (MB): peak = 1022.918 ; gain = 0.000
INFO: [Project 1-111] Unisim Transformation Summary:
  A total of 21 instances were transformed.
  IOBUF => IOBUF (IBUF, OBUFT): 2 instances
  LDC => LDCE: 17 instances
  LDP => LDPE: 2 instances

INFO: [Common 17-83] Releasing license: Synthesis
81 Infos, 41 Warnings, 0 Critical Warnings and 0 Errors encountered.
synth_design completed successfully
synth_design: Time (s): cpu = 00:00:59 ; elapsed = 00:01:04 . Memory (MB): peak = 1022.918 ; gain = 725.332
Netlist sorting complete. Time (s): cpu = 00:00:00 ; elapsed = 00:00:00.001 . Memory (MB): peak = 1022.918 ; gain = 0.000
WARNING: [Constraints 18-5210] No constraints selected for write.
Resolution: This message can indicate that there are no constraints for the design, or it can indicate that the used_in flags are set such that the constraints are ignored. This later case is used when running synth_design to not write synthesis constraints to the resulting checkpoint. Instead, project constraints are read when the synthesized design is opened.
INFO: [Common 17-1381] The checkpoint 'C:/Users/jiang/OneDrive/Vivado/Final/Prac5/Prac5.runs/synth_1/exam2_B.dcp' has been generated.
INFO: [runtcl-4] Executing : report_utilization -file exam2_B_utilization_synth.rpt -pb exam2_B_utilization_synth.pb
INFO: [Common 17-206] Exiting Vivado at Tue Dec  2 14:24:49 2025...
