Copyright 1986-2019 Xilinx, Inc. All Rights Reserved.
------------------------------------------------------------------------------------
| Tool Version : Vivado v.2019.2 (win64) Build 2708876 Wed Nov  6 21:40:23 MST 2019
| Date         : Sun Nov 30 00:34:50 2025
| Host         : LAPTOP-TN84JATT running 64-bit major release  (build 9200)
| Command      : report_control_sets -verbose -file exam2_B_control_sets_placed.rpt
| Design       : exam2_B
| Device       : xc7a35t
------------------------------------------------------------------------------------

Control Set Information

Table of Contents
-----------------
1. Summary
2. Histogram
3. Flip-Flop Distribution
4. Detailed Control Set Information

1. Summary
----------

+----------------------------------------------------------+-------+
|                          Status                          | Count |
+----------------------------------------------------------+-------+
| Total control sets                                       |    18 |
|    Minimum number of control sets                        |    18 |
|    Addition due to synthesis replication                 |     0 |
|    Addition due to physical synthesis replication        |     0 |
| Unused register locations in slices containing registers |    48 |
+----------------------------------------------------------+-------+
* Control sets can be merged at opt_design using control_set_merge or merge_equivalent_drivers
** Run report_qor_suggestions for automated merging and remapping suggestions


2. Histogram
------------

+--------------------+-------+
|       Fanout       | Count |
+--------------------+-------+
| Total control sets |    18 |
| >= 0 to < 4        |     3 |
| >= 4 to < 6        |     2 |
| >= 6 to < 8        |     1 |
| >= 8 to < 10       |     3 |
| >= 10 to < 12      |     1 |
| >= 12 to < 14      |     0 |
| >= 14 to < 16      |     0 |
| >= 16              |     8 |
+--------------------+-------+
* Control sets can be remapped at either synth_design or opt_design


3. Flip-Flop Distribution
-------------------------

+--------------+-----------------------+------------------------+-----------------+--------------+
| Clock Enable | Synchronous Set/Reset | Asynchronous Set/Reset | Total Registers | Total Slices |
+--------------+-----------------------+------------------------+-----------------+--------------+
| No           | No                    | No                     |              18 |            8 |
| No           | No                    | Yes                    |             127 |           43 |
| No           | Yes                   | No                     |               0 |            0 |
| Yes          | No                    | No                     |               9 |            4 |
| Yes          | No                    | Yes                    |             630 |          217 |
| Yes          | Yes                   | No                     |               0 |            0 |
+--------------+-----------------------+------------------------+-----------------+--------------+


4. Detailed Control Set Information
-----------------------------------

+------------------------+------------------------------------------+------------------+------------------+----------------+
|      Clock Signal      |               Enable Signal              | Set/Reset Signal | Slice Load Count | Bel Load Count |
+------------------------+------------------------------------------+------------------+------------------+----------------+
|  clk_IBUF_BUFG         | kb/inst/Ps2Interface_i/ps2_data_s1       | o1/rst_op        |                1 |              1 |
|  clk_IBUF_BUFG         | kb/inst/Ps2Interface_i/ps2_clk_s1        | o1/rst_op        |                1 |              1 |
|  temp_led[3]           |                                          |                  |                1 |              2 |
|  clk_IBUF_BUFG         | kb/inst/Ps2Interface_i/bits_count        | o1/rst_op        |                2 |              4 |
|  clk_IBUF_BUFG         | c/count[2]_i_1_n_0                       | o1/rst_op        |                2 |              4 |
|  S/clk_divider_reg[15] |                                          | o1/rst_op        |                4 |              7 |
|  clk_IBUF_BUFG         | kb/inst/Ps2Interface_i/rx_finish         | o1/rst_op        |                1 |              8 |
|  clk_IBUF_BUFG         | kb/inst/Ps2Interface_i/rx_valid          | o1/rst_op        |                2 |              8 |
|  clk_IBUF_BUFG         | kb/pb_one_pulse_reg[0]                   |                  |                4 |              9 |
|  clk_IBUF_BUFG         | kb/inst/Ps2Interface_i/frame[10]_i_1_n_0 | o1/rst_op        |                3 |             11 |
|  clk_IBUF_BUFG         |                                          |                  |                7 |             16 |
|  clk_IBUF_BUFG         | o2/FSM_sequential_state_reg[1][0]        | o1/rst_op        |                3 |             16 |
|  clk_IBUF_BUFG         | o2/E[0]                                  | o1/rst_op        |                5 |             16 |
|  clk_IBUF_BUFG         | kb/E[0]                                  | o1/rst_op        |                4 |             16 |
|  clk_IBUF_BUFG         | kb/FSM_sequential_state_reg[0]_1[0]      | o1/rst_op        |                4 |             16 |
|  clk_IBUF_BUFG         | kb/inst/key                              | o1/rst_op        |                7 |             17 |
|  clk_IBUF_BUFG         |                                          | o1/rst_op        |               39 |            120 |
|  clk_IBUF_BUFG         | kb/op/E[0]                               | o1/rst_op        |              182 |            512 |
+------------------------+------------------------------------------+------------------+------------------+----------------+


