Copyright 1986-2019 Xilinx, Inc. All Rights Reserved.
------------------------------------------------------------------------------------
| Tool Version : Vivado v.2019.2 (win64) Build 2708876 Wed Nov  6 21:40:23 MST 2019
| Date         : Thu Nov  6 16:28:35 2025
| Host         : R328-43 running 64-bit major release  (build 9200)
| Command      : report_control_sets -verbose -file lab5_1_control_sets_placed.rpt
| Design       : lab5_1
| Device       : xc7a35t
------------------------------------------------------------------------------------

Control Set Information

Table of Contents
-----------------
1. Summary
2. Histogram
3. Flip-Flop Distribution
4. Detailed Control Set Information

1. Summary
----------

+----------------------------------------------------------+-------+
|                          Status                          | Count |
+----------------------------------------------------------+-------+
| Total control sets                                       |     8 |
|    Minimum number of control sets                        |     8 |
|    Addition due to synthesis replication                 |     0 |
|    Addition due to physical synthesis replication        |     0 |
| Unused register locations in slices containing registers |    43 |
+----------------------------------------------------------+-------+
* Control sets can be merged at opt_design using control_set_merge or merge_equivalent_drivers
** Run report_qor_suggestions for automated merging and remapping suggestions


2. Histogram
------------

+--------------------+-------+
|       Fanout       | Count |
+--------------------+-------+
| Total control sets |     8 |
| >= 0 to < 4        |     2 |
| >= 4 to < 6        |     0 |
| >= 6 to < 8        |     0 |
| >= 8 to < 10       |     0 |
| >= 10 to < 12      |     5 |
| >= 12 to < 14      |     0 |
| >= 14 to < 16      |     0 |
| >= 16              |     1 |
+--------------------+-------+
* Control sets can be remapped at either synth_design or opt_design


3. Flip-Flop Distribution
-------------------------

+--------------+-----------------------+------------------------+-----------------+--------------+
| Clock Enable | Synchronous Set/Reset | Asynchronous Set/Reset | Total Registers | Total Slices |
+--------------+-----------------------+------------------------+-----------------+--------------+
| No           | No                    | No                     |              33 |           11 |
| No           | No                    | Yes                    |               0 |            0 |
| No           | Yes                   | No                     |              12 |            5 |
| Yes          | No                    | No                     |               0 |            0 |
| Yes          | No                    | Yes                    |              22 |            9 |
| Yes          | Yes                   | No                     |              10 |            2 |
+--------------+-----------------------+------------------------+-----------------+--------------+


4. Detailed Control Set Information
-----------------------------------

+----------------------+-----------------------------+-------------------------------+------------------+----------------+
|     Clock Signal     |        Enable Signal        |        Set/Reset Signal       | Slice Load Count | Bel Load Count |
+----------------------+-----------------------------+-------------------------------+------------------+----------------+
|  clk_div_2/Q_BUFG[0] |                             | rst_IBUF                      |                2 |              2 |
|  clk_div_22/out[0]   | mem_inst/count_4[1]_i_1_n_0 | rst_IBUF                      |                1 |              2 |
|  clk_div_2/Q_BUFG[0] |                             | vga_inst/pixel_cnt[9]_i_1_n_0 |                3 |             10 |
|  clk_div_2/Q_BUFG[0] | vga_inst/line_cnt           | vga_inst/line_cnt[9]_i_1_n_0  |                2 |             10 |
|  clk_div_22/out[0]   | mem_inst/y_off_n_0          | rst_IBUF                      |                4 |             10 |
|  clk_div_22/out[0]   | mem_inst/x_off_n_0          | rst_IBUF                      |                4 |             10 |
|  clk_div_2/Q_BUFG[0] |                             |                               |                5 |             11 |
|  clk_IBUF_BUFG       |                             |                               |                6 |             22 |
+----------------------+-----------------------------+-------------------------------+------------------+----------------+


