
*** Running vivado
    with args -log lab4_3.vds -m64 -product Vivado -mode batch -messageDb vivado.pb -notrace -source lab4_3.tcl


****** Vivado v2019.2 (64-bit)
  **** SW Build 2708876 on Wed Nov  6 21:40:23 MST 2019
  **** IP Build 2700528 on Thu Nov  7 00:09:20 MST 2019
    ** Copyright 1986-2019 Xilinx, Inc. All Rights Reserved.

source lab4_3.tcl -notrace
INFO: [IP_Flow 19-234] Refreshing IP repositories
INFO: [IP_Flow 19-1700] Loaded user IP repository 'c:/Users/jiang/OneDrive/LabFile/Lab4/Advance/Lab4_template/Lab4_3_template/ip'.
INFO: [IP_Flow 19-2313] Loaded Vivado IP repository 'C:/Xilinx/Vivado/2019.2/data/ip'.
Command: synth_design -top lab4_3 -part xc7a35tcpg236-1
Starting synth_design
Attempting to get a license for feature 'Synthesis' and/or device 'xc7a35t'
INFO: [Common 17-349] Got license for feature 'Synthesis' and/or device 'xc7a35t'
INFO: [Device 21-403] Loading part xc7a35tcpg236-1
INFO: Launching helper process for spawning children vivado processes
INFO: Helper process launched with PID 6756 
---------------------------------------------------------------------------------
Starting RTL Elaboration : Time (s): cpu = 00:00:04 ; elapsed = 00:00:05 . Memory (MB): peak = 779.258 ; gain = 235.965
---------------------------------------------------------------------------------
INFO: [Synth 8-6157] synthesizing module 'lab4_3' [C:/Users/jiang/OneDrive/LabFile/Lab4/Advance/Lab4_template/Lab4_3_template/Test/test.v:5]
	Parameter KEY_CODES bound to: 180'b001000101000010110000011110000100110000100101000101110000110110000111101000111110001000110001110000001101001001110010001111010001101011001110011001110100001101100001110101001111101 
	Parameter INITIAL bound to: 2'b00 
	Parameter GUESS bound to: 2'b01 
	Parameter FINAL bound to: 2'b10 
INFO: [Synth 8-155] case statement is not full and has no default [C:/Users/jiang/OneDrive/LabFile/Lab4/Advance/Lab4_template/Lab4_3_template/Test/test.v:85]
INFO: [Synth 8-155] case statement is not full and has no default [C:/Users/jiang/OneDrive/LabFile/Lab4/Advance/Lab4_template/Lab4_3_template/Test/test.v:103]
INFO: [Synth 8-155] case statement is not full and has no default [C:/Users/jiang/OneDrive/LabFile/Lab4/Advance/Lab4_template/Lab4_3_template/Test/test.v:110]
WARNING: [Synth 8-6090] variable 'nxt_state' is written by both blocking and non-blocking assignments, entire logic could be removed [C:/Users/jiang/OneDrive/LabFile/Lab4/Advance/Lab4_template/Lab4_3_template/Test/test.v:158]
WARNING: [Synth 8-6090] variable 'nxt_state' is written by both blocking and non-blocking assignments, entire logic could be removed [C:/Users/jiang/OneDrive/LabFile/Lab4/Advance/Lab4_template/Lab4_3_template/Test/test.v:162]
WARNING: [Synth 8-6090] variable 'nxt_state' is written by both blocking and non-blocking assignments, entire logic could be removed [C:/Users/jiang/OneDrive/LabFile/Lab4/Advance/Lab4_template/Lab4_3_template/Test/test.v:165]
WARNING: [Synth 8-6090] variable 'nxt_state' is written by both blocking and non-blocking assignments, entire logic could be removed [C:/Users/jiang/OneDrive/LabFile/Lab4/Advance/Lab4_template/Lab4_3_template/Test/test.v:167]
WARNING: [Synth 8-6090] variable 'nxt_state' is written by both blocking and non-blocking assignments, entire logic could be removed [C:/Users/jiang/OneDrive/LabFile/Lab4/Advance/Lab4_template/Lab4_3_template/Test/test.v:171]
WARNING: [Synth 8-6090] variable 'nxt_state' is written by both blocking and non-blocking assignments, entire logic could be removed [C:/Users/jiang/OneDrive/LabFile/Lab4/Advance/Lab4_template/Lab4_3_template/Test/test.v:174]
WARNING: [Synth 8-6090] variable 'nxt_state' is written by both blocking and non-blocking assignments, entire logic could be removed [C:/Users/jiang/OneDrive/LabFile/Lab4/Advance/Lab4_template/Lab4_3_template/Test/test.v:176]
INFO: [Synth 8-155] case statement is not full and has no default [C:/Users/jiang/OneDrive/LabFile/Lab4/Advance/Lab4_template/Lab4_3_template/Test/test.v:156]
INFO: [Synth 8-6157] synthesizing module 'display' [C:/Users/jiang/OneDrive/LabFile/Lab4/Advance/Lab4_template/Lab4_3_template/Test/addmodule.v:1]
INFO: [Synth 8-6157] synthesizing module 'clock_divider' [C:/Users/jiang/OneDrive/LabFile/Lab4/Advance/Lab4_template/Lab4_3_template/Test/addmodule.v:58]
	Parameter n bound to: 17 - type: integer 
INFO: [Synth 8-6155] done synthesizing module 'clock_divider' (1#1) [C:/Users/jiang/OneDrive/LabFile/Lab4/Advance/Lab4_template/Lab4_3_template/Test/addmodule.v:58]
INFO: [Synth 8-6157] synthesizing module 'counter' [C:/Users/jiang/OneDrive/LabFile/Lab4/Advance/Lab4_template/Lab4_3_template/Test/addmodule.v:76]
	Parameter n bound to: 5 - type: integer 
INFO: [Synth 8-6155] done synthesizing module 'counter' (2#1) [C:/Users/jiang/OneDrive/LabFile/Lab4/Advance/Lab4_template/Lab4_3_template/Test/addmodule.v:76]
INFO: [Synth 8-155] case statement is not full and has no default [C:/Users/jiang/OneDrive/LabFile/Lab4/Advance/Lab4_template/Lab4_3_template/Test/addmodule.v:37]
INFO: [Synth 8-6155] done synthesizing module 'display' (3#1) [C:/Users/jiang/OneDrive/LabFile/Lab4/Advance/Lab4_template/Lab4_3_template/Test/addmodule.v:1]
INFO: [Synth 8-6157] synthesizing module 'note_gen' [C:/Users/jiang/OneDrive/LabFile/Lab4/Advance/Lab4_template/Lab4_3_template/note_gen.v:1]
INFO: [Synth 8-6155] done synthesizing module 'note_gen' (4#1) [C:/Users/jiang/OneDrive/LabFile/Lab4/Advance/Lab4_template/Lab4_3_template/note_gen.v:1]
WARNING: [Synth 8-689] width (32) of port connection 'note_div_left' does not match port width (22) of module 'note_gen' [C:/Users/jiang/OneDrive/LabFile/Lab4/Advance/Lab4_template/Lab4_3_template/Test/test.v:340]
WARNING: [Synth 8-689] width (32) of port connection 'note_div_right' does not match port width (22) of module 'note_gen' [C:/Users/jiang/OneDrive/LabFile/Lab4/Advance/Lab4_template/Lab4_3_template/Test/test.v:341]
INFO: [Synth 8-6157] synthesizing module 'speaker_control' [C:/Users/jiang/OneDrive/LabFile/Lab4/Advance/Lab4_template/Lab4_3_template/DoNotModify/speaker_control.v:1]
INFO: [Synth 8-226] default block is never used [C:/Users/jiang/OneDrive/LabFile/Lab4/Advance/Lab4_template/Lab4_3_template/DoNotModify/speaker_control.v:45]
INFO: [Synth 8-6155] done synthesizing module 'speaker_control' (5#1) [C:/Users/jiang/OneDrive/LabFile/Lab4/Advance/Lab4_template/Lab4_3_template/DoNotModify/speaker_control.v:1]
INFO: [Synth 8-6157] synthesizing module 'KeyboardDecoder' [C:/Users/jiang/OneDrive/LabFile/Lab4/Advance/Lab4_template/Lab4_3_template/DoNotModify/keyboard_decoder.v:1]
	Parameter INIT bound to: 2'b00 
	Parameter WAIT_FOR_SIGNAL bound to: 2'b01 
	Parameter GET_SIGNAL_DOWN bound to: 2'b10 
	Parameter WAIT_RELEASE bound to: 2'b11 
	Parameter IS_INIT bound to: 8'b10101010 
	Parameter IS_EXTEND bound to: 8'b11100000 
	Parameter IS_BREAK bound to: 8'b11110000 
INFO: [Synth 8-6157] synthesizing module 'KeyboardCtrl_0' [C:/Users/jiang/OneDrive/Vivado/Lab4/Adv/Adv3/Adv3.runs/synth_1/.Xil/Vivado-20404-LAPTOP-TN84JATT/realtime/KeyboardCtrl_0_stub.v:6]
INFO: [Synth 8-6155] done synthesizing module 'KeyboardCtrl_0' (6#1) [C:/Users/jiang/OneDrive/Vivado/Lab4/Adv/Adv3/Adv3.runs/synth_1/.Xil/Vivado-20404-LAPTOP-TN84JATT/realtime/KeyboardCtrl_0_stub.v:6]
INFO: [Synth 8-6157] synthesizing module 'onepulse' [C:/Users/jiang/OneDrive/LabFile/Lab4/Advance/Lab4_template/Lab4_3_template/DoNotModify/onepulse.v:1]
INFO: [Synth 8-6155] done synthesizing module 'onepulse' (7#1) [C:/Users/jiang/OneDrive/LabFile/Lab4/Advance/Lab4_template/Lab4_3_template/DoNotModify/onepulse.v:1]
INFO: [Synth 8-226] default block is never used [C:/Users/jiang/OneDrive/LabFile/Lab4/Advance/Lab4_template/Lab4_3_template/DoNotModify/keyboard_decoder.v:64]
INFO: [Synth 8-6155] done synthesizing module 'KeyboardDecoder' (8#1) [C:/Users/jiang/OneDrive/LabFile/Lab4/Advance/Lab4_template/Lab4_3_template/DoNotModify/keyboard_decoder.v:1]
INFO: [Synth 8-6157] synthesizing module 'debounce' [C:/Users/jiang/OneDrive/LabFile/Lab4/Advance/Lab4_template/Lab4_3_template/DoNotModify/debounce.v:1]
INFO: [Synth 8-6155] done synthesizing module 'debounce' (9#1) [C:/Users/jiang/OneDrive/LabFile/Lab4/Advance/Lab4_template/Lab4_3_template/DoNotModify/debounce.v:1]
INFO: [Synth 8-6155] done synthesizing module 'lab4_3' (10#1) [C:/Users/jiang/OneDrive/LabFile/Lab4/Advance/Lab4_template/Lab4_3_template/Test/test.v:5]
---------------------------------------------------------------------------------
Finished RTL Elaboration : Time (s): cpu = 00:00:05 ; elapsed = 00:00:06 . Memory (MB): peak = 852.379 ; gain = 309.086
---------------------------------------------------------------------------------

Report Check Netlist: 
+------+------------------+-------+---------+-------+------------------+
|      |Item              |Errors |Warnings |Status |Description       |
+------+------------------+-------+---------+-------+------------------+
|1     |multi_driven_nets |      0|        0|Passed |Multi driven nets |
+------+------------------+-------+---------+-------+------------------+
---------------------------------------------------------------------------------
Start Handling Custom Attributes
---------------------------------------------------------------------------------
---------------------------------------------------------------------------------
Finished Handling Custom Attributes : Time (s): cpu = 00:00:06 ; elapsed = 00:00:07 . Memory (MB): peak = 852.379 ; gain = 309.086
---------------------------------------------------------------------------------
---------------------------------------------------------------------------------
Finished RTL Optimization Phase 1 : Time (s): cpu = 00:00:06 ; elapsed = 00:00:07 . Memory (MB): peak = 852.379 ; gain = 309.086
---------------------------------------------------------------------------------
Netlist sorting complete. Time (s): cpu = 00:00:00 ; elapsed = 00:00:00.029 . Memory (MB): peak = 852.379 ; gain = 0.000
INFO: [Project 1-570] Preparing netlist for logic optimization

Processing XDC Constraints
Initializing timing engine
Parsing XDC File [c:/Users/jiang/OneDrive/Vivado/Lab4/Adv/Adv3/Adv3.srcs/sources_1/ip/KeyboardCtrl_0_1/KeyboardCtrl_0/KeyboardCtrl_0_in_context.xdc] for cell 'key_de/inst'
Finished Parsing XDC File [c:/Users/jiang/OneDrive/Vivado/Lab4/Adv/Adv3/Adv3.srcs/sources_1/ip/KeyboardCtrl_0_1/KeyboardCtrl_0/KeyboardCtrl_0_in_context.xdc] for cell 'key_de/inst'
Parsing XDC File [C:/Users/jiang/OneDrive/LabFile/Lab4/Advance/Lab4_template/Lab4_3_template/DoNotModify/lab4_3_constrain.xdc]
Finished Parsing XDC File [C:/Users/jiang/OneDrive/LabFile/Lab4/Advance/Lab4_template/Lab4_3_template/DoNotModify/lab4_3_constrain.xdc]
INFO: [Project 1-236] Implementation specific constraints were found while reading constraint file [C:/Users/jiang/OneDrive/LabFile/Lab4/Advance/Lab4_template/Lab4_3_template/DoNotModify/lab4_3_constrain.xdc]. These constraints will be ignored for synthesis but will be used in implementation. Impacted constraints are listed in the file [.Xil/lab4_3_propImpl.xdc].
Resolution: To avoid this warning, move constraints listed in [.Xil/lab4_3_propImpl.xdc] to another XDC file and exclude this new file from synthesis with the used_in_synthesis property (File Properties dialog in GUI) and re-run elaboration/synthesis.
Parsing XDC File [C:/Users/jiang/OneDrive/Vivado/Lab4/Adv/Adv3/Adv3.runs/synth_1/dont_touch.xdc]
Finished Parsing XDC File [C:/Users/jiang/OneDrive/Vivado/Lab4/Adv/Adv3/Adv3.runs/synth_1/dont_touch.xdc]
Completed Processing XDC Constraints

Netlist sorting complete. Time (s): cpu = 00:00:00 ; elapsed = 00:00:00.001 . Memory (MB): peak = 944.855 ; gain = 0.000
INFO: [Project 1-111] Unisim Transformation Summary:
No Unisim elements were transformed.

Constraint Validation Runtime : Time (s): cpu = 00:00:00 ; elapsed = 00:00:00.012 . Memory (MB): peak = 944.855 ; gain = 0.000
---------------------------------------------------------------------------------
Finished Constraint Validation : Time (s): cpu = 00:00:12 ; elapsed = 00:00:15 . Memory (MB): peak = 944.855 ; gain = 401.562
---------------------------------------------------------------------------------
---------------------------------------------------------------------------------
Start Loading Part and Timing Information
---------------------------------------------------------------------------------
Loading part: xc7a35tcpg236-1
---------------------------------------------------------------------------------
Finished Loading Part and Timing Information : Time (s): cpu = 00:00:12 ; elapsed = 00:00:15 . Memory (MB): peak = 944.855 ; gain = 401.562
---------------------------------------------------------------------------------
---------------------------------------------------------------------------------
Start Applying 'set_property' XDC Constraints
---------------------------------------------------------------------------------
Applied set_property IO_BUFFER_TYPE = NONE for PS2_CLK. (constraint file  c:/Users/jiang/OneDrive/Vivado/Lab4/Adv/Adv3/Adv3.srcs/sources_1/ip/KeyboardCtrl_0_1/KeyboardCtrl_0/KeyboardCtrl_0_in_context.xdc, line 1).
Applied set_property CLOCK_BUFFER_TYPE = NONE for PS2_CLK. (constraint file  c:/Users/jiang/OneDrive/Vivado/Lab4/Adv/Adv3/Adv3.srcs/sources_1/ip/KeyboardCtrl_0_1/KeyboardCtrl_0/KeyboardCtrl_0_in_context.xdc, line 2).
Applied set_property IO_BUFFER_TYPE = NONE for PS2_DATA. (constraint file  c:/Users/jiang/OneDrive/Vivado/Lab4/Adv/Adv3/Adv3.srcs/sources_1/ip/KeyboardCtrl_0_1/KeyboardCtrl_0/KeyboardCtrl_0_in_context.xdc, line 3).
Applied set_property CLOCK_BUFFER_TYPE = NONE for PS2_DATA. (constraint file  c:/Users/jiang/OneDrive/Vivado/Lab4/Adv/Adv3/Adv3.srcs/sources_1/ip/KeyboardCtrl_0_1/KeyboardCtrl_0/KeyboardCtrl_0_in_context.xdc, line 4).
Applied set_property DONT_TOUCH = true for key_de/inst. (constraint file  auto generated constraint, line ).
---------------------------------------------------------------------------------
Finished applying 'set_property' XDC Constraints : Time (s): cpu = 00:00:12 ; elapsed = 00:00:15 . Memory (MB): peak = 944.855 ; gain = 401.562
---------------------------------------------------------------------------------
INFO: [Synth 8-802] inferred FSM for state register 'state_reg' in module 'KeyboardDecoder'
INFO: [Synth 8-802] inferred FSM for state register 'state_reg' in module 'lab4_3'
INFO: [Synth 8-5587] ROM size for "freqL" is below threshold of ROM address width. It will be mapped to LUTs
INFO: [Synth 8-5587] ROM size for "alpha_trans" is below threshold of ROM address width. It will be mapped to LUTs
INFO: [Synth 8-5587] ROM size for "num_trans0" is below threshold of ROM address width. It will be mapped to LUTs
INFO: [Synth 8-5587] ROM size for "freqL" is below threshold of ROM address width. It will be mapped to LUTs
INFO: [Synth 8-5587] ROM size for "alpha_trans" is below threshold of ROM address width. It will be mapped to LUTs
INFO: [Synth 8-5587] ROM size for "num_trans0" is below threshold of ROM address width. It will be mapped to LUTs
---------------------------------------------------------------------------------------------------
                   State |                     New Encoding |                Previous Encoding 
---------------------------------------------------------------------------------------------------
                    INIT |                               00 |                               00
         WAIT_FOR_SIGNAL |                               01 |                               01
         GET_SIGNAL_DOWN |                               10 |                               10
            WAIT_RELEASE |                               11 |                               11
---------------------------------------------------------------------------------------------------
INFO: [Synth 8-3354] encoded FSM with state register 'state_reg' using encoding 'sequential' in module 'KeyboardDecoder'
---------------------------------------------------------------------------------------------------
                   State |                     New Encoding |                Previous Encoding 
---------------------------------------------------------------------------------------------------
                 INITIAL |                              001 |                              000
                   GUESS |                              010 |                              001
                   FINAL |                              100 |                              010
---------------------------------------------------------------------------------------------------
INFO: [Synth 8-3354] encoded FSM with state register 'state_reg' using encoding 'one-hot' in module 'lab4_3'
WARNING: [Synth 8-327] inferring latch for variable 'volume_reg' [C:/Users/jiang/OneDrive/LabFile/Lab4/Advance/Lab4_template/Lab4_3_template/Test/test.v:87]
WARNING: [Synth 8-327] inferring latch for variable 'display0_reg' [C:/Users/jiang/OneDrive/LabFile/Lab4/Advance/Lab4_template/Lab4_3_template/Test/test.v:236]
WARNING: [Synth 8-327] inferring latch for variable 'display1_reg' [C:/Users/jiang/OneDrive/LabFile/Lab4/Advance/Lab4_template/Lab4_3_template/Test/test.v:237]
WARNING: [Synth 8-327] inferring latch for variable 'display2_reg' [C:/Users/jiang/OneDrive/LabFile/Lab4/Advance/Lab4_template/Lab4_3_template/Test/test.v:238]
WARNING: [Synth 8-327] inferring latch for variable 'display3_reg' [C:/Users/jiang/OneDrive/LabFile/Lab4/Advance/Lab4_template/Lab4_3_template/Test/test.v:239]
---------------------------------------------------------------------------------
Finished RTL Optimization Phase 2 : Time (s): cpu = 00:00:13 ; elapsed = 00:00:15 . Memory (MB): peak = 944.855 ; gain = 401.562
---------------------------------------------------------------------------------

Report RTL Partitions: 
+-+--------------+------------+----------+
| |RTL Partition |Replication |Instances |
+-+--------------+------------+----------+
+-+--------------+------------+----------+
---------------------------------------------------------------------------------
Start RTL Component Statistics 
---------------------------------------------------------------------------------
Detailed RTL Component Info : 
+---Adders : 
	   2 Input     32 Bit       Adders := 4     
	   2 Input     10 Bit       Adders := 1     
	   2 Input      9 Bit       Adders := 1     
	   2 Input      6 Bit       Adders := 1     
	   2 Input      4 Bit       Adders := 1     
+---Registers : 
	              512 Bit    Registers := 1     
	               16 Bit    Registers := 2     
	               10 Bit    Registers := 2     
	                9 Bit    Registers := 2     
	                7 Bit    Registers := 2     
	                5 Bit    Registers := 2     
	                4 Bit    Registers := 2     
	                3 Bit    Registers := 3     
	                1 Bit    Registers := 13    
+---Muxes : 
	   2 Input    512 Bit        Muxes := 1     
	   2 Input     32 Bit        Muxes := 4     
	   2 Input     26 Bit        Muxes := 1     
	   4 Input     16 Bit        Muxes := 2     
	   2 Input     16 Bit        Muxes := 4     
	   2 Input     15 Bit        Muxes := 6     
	   4 Input     10 Bit        Muxes := 1     
	   4 Input      7 Bit        Muxes := 1     
	   2 Input      7 Bit        Muxes := 6     
	   8 Input      7 Bit        Muxes := 1     
	   2 Input      6 Bit        Muxes := 1     
	   2 Input      4 Bit        Muxes := 8     
	   4 Input      4 Bit        Muxes := 1     
	   2 Input      3 Bit        Muxes := 9     
	   5 Input      3 Bit        Muxes := 1     
	   3 Input      3 Bit        Muxes := 1     
	   8 Input      3 Bit        Muxes := 1     
	   4 Input      3 Bit        Muxes := 1     
	   4 Input      2 Bit        Muxes := 1     
	   2 Input      2 Bit        Muxes := 6     
	   3 Input      2 Bit        Muxes := 1     
	   2 Input      1 Bit        Muxes := 30    
	   4 Input      1 Bit        Muxes := 9     
	   7 Input      1 Bit        Muxes := 1     
	   3 Input      1 Bit        Muxes := 6     
---------------------------------------------------------------------------------
Finished RTL Component Statistics 
---------------------------------------------------------------------------------
---------------------------------------------------------------------------------
Start RTL Hierarchical Component Statistics 
---------------------------------------------------------------------------------
Hierarchical RTL Component report 
Module lab4_3 
Detailed RTL Component Info : 
+---Adders : 
	   2 Input      6 Bit       Adders := 1     
+---Registers : 
	                9 Bit    Registers := 1     
	                5 Bit    Registers := 2     
	                3 Bit    Registers := 3     
	                1 Bit    Registers := 2     
+---Muxes : 
	   2 Input     26 Bit        Muxes := 1     
	   2 Input      7 Bit        Muxes := 6     
	   8 Input      7 Bit        Muxes := 1     
	   2 Input      6 Bit        Muxes := 1     
	   2 Input      4 Bit        Muxes := 6     
	   2 Input      3 Bit        Muxes := 9     
	   5 Input      3 Bit        Muxes := 1     
	   3 Input      3 Bit        Muxes := 1     
	   8 Input      3 Bit        Muxes := 1     
	   4 Input      3 Bit        Muxes := 1     
	   2 Input      2 Bit        Muxes := 3     
	   3 Input      2 Bit        Muxes := 1     
	   2 Input      1 Bit        Muxes := 19    
	   7 Input      1 Bit        Muxes := 1     
	   3 Input      1 Bit        Muxes := 6     
	   4 Input      1 Bit        Muxes := 1     
Module counter 
Detailed RTL Component Info : 
+---Adders : 
	   2 Input     10 Bit       Adders := 1     
+---Registers : 
	               10 Bit    Registers := 1     
	                1 Bit    Registers := 1     
+---Muxes : 
	   2 Input      1 Bit        Muxes := 1     
Module display 
Detailed RTL Component Info : 
+---Adders : 
	   2 Input      4 Bit       Adders := 1     
+---Registers : 
	                7 Bit    Registers := 1     
	                4 Bit    Registers := 2     
+---Muxes : 
	   4 Input      7 Bit        Muxes := 1     
	   2 Input      4 Bit        Muxes := 2     
	   4 Input      4 Bit        Muxes := 1     
	   2 Input      1 Bit        Muxes := 1     
	   4 Input      1 Bit        Muxes := 1     
Module note_gen 
Detailed RTL Component Info : 
+---Adders : 
	   2 Input     32 Bit       Adders := 4     
+---Registers : 
	                1 Bit    Registers := 2     
+---Muxes : 
	   2 Input     32 Bit        Muxes := 4     
	   4 Input     16 Bit        Muxes := 2     
	   2 Input     16 Bit        Muxes := 4     
	   2 Input     15 Bit        Muxes := 6     
Module speaker_control 
Detailed RTL Component Info : 
+---Adders : 
	   2 Input      9 Bit       Adders := 1     
+---Registers : 
	               16 Bit    Registers := 2     
	                9 Bit    Registers := 1     
Module onepulse 
Detailed RTL Component Info : 
+---Registers : 
	                1 Bit    Registers := 2     
Module KeyboardDecoder 
Detailed RTL Component Info : 
+---Registers : 
	              512 Bit    Registers := 1     
	               10 Bit    Registers := 1     
	                1 Bit    Registers := 4     
+---Muxes : 
	   2 Input    512 Bit        Muxes := 1     
	   4 Input     10 Bit        Muxes := 1     
	   4 Input      2 Bit        Muxes := 1     
	   2 Input      2 Bit        Muxes := 3     
	   2 Input      1 Bit        Muxes := 8     
	   4 Input      1 Bit        Muxes := 7     
Module debounce 
Detailed RTL Component Info : 
+---Registers : 
	                7 Bit    Registers := 1     
+---Muxes : 
	   2 Input      1 Bit        Muxes := 1     
---------------------------------------------------------------------------------
Finished RTL Hierarchical Component Statistics
---------------------------------------------------------------------------------
---------------------------------------------------------------------------------
Start Part Resource Summary
---------------------------------------------------------------------------------
Part Resources:
DSPs: 90 (col length:60)
BRAMs: 100 (col length: RAMB18 60 RAMB36 30)
---------------------------------------------------------------------------------
Finished Part Resource Summary
---------------------------------------------------------------------------------
---------------------------------------------------------------------------------
Start Cross Boundary and Area Optimization
---------------------------------------------------------------------------------
Warning: Parallel synthesis criteria is not met 
INFO: [Synth 8-3333] propagating constant 0 across sequential element (\input_state_reg[2] )
INFO: [Synth 8-3333] propagating constant 0 across sequential element (\last_state_reg[2] )
INFO: [Synth 8-3333] propagating constant 0 across sequential element (\input_alpha_reg[4] )
INFO: [Synth 8-3886] merging instance 'input_number_reg[1]' (FDPE) to 'input_number_reg[3]'
INFO: [Synth 8-3333] propagating constant 0 across sequential element (\input_number_reg[4] )
INFO: [Synth 8-3886] merging instance 'display0_reg[0]' (LDP) to 'display0_reg[2]'
INFO: [Synth 8-3886] merging instance 'display1_reg[0]' (LDP) to 'display1_reg[5]'
INFO: [Synth 8-3333] propagating constant 1 across sequential element (\display0_reg[1] )
INFO: [Synth 8-3886] merging instance 'display1_reg[1]' (LDP) to 'display1_reg[5]'
INFO: [Synth 8-3886] merging instance 'display1_reg[2]' (LDP) to 'display1_reg[5]'
INFO: [Synth 8-3886] merging instance 'display0_reg[3]' (LDP) to 'display1_reg[5]'
INFO: [Synth 8-3886] merging instance 'display1_reg[3]' (LDP) to 'display1_reg[5]'
INFO: [Synth 8-3886] merging instance 'display0_reg[4]' (LDP) to 'display1_reg[5]'
INFO: [Synth 8-3886] merging instance 'display1_reg[4]' (LDP) to 'display1_reg[5]'
INFO: [Synth 8-3886] merging instance 'display0_reg[5]' (LDP) to 'display1_reg[5]'
INFO: [Synth 8-3886] merging instance 'display0_reg[6]' (LDC) to 'display1_reg[6]'
INFO: [Synth 8-3333] propagating constant 0 across sequential element (\sound_lev_reg[2] )
INFO: [Synth 8-3886] merging instance 'sc/audio_right_reg[1]' (FDC) to 'sc/audio_right_reg[9]'
INFO: [Synth 8-3886] merging instance 'sc/audio_right_reg[2]' (FDC) to 'sc/audio_right_reg[9]'
INFO: [Synth 8-3886] merging instance 'sc/audio_right_reg[3]' (FDC) to 'sc/audio_right_reg[9]'
INFO: [Synth 8-3886] merging instance 'sc/audio_right_reg[4]' (FDC) to 'sc/audio_right_reg[9]'
INFO: [Synth 8-3886] merging instance 'sc/audio_right_reg[5]' (FDC) to 'sc/audio_right_reg[9]'
INFO: [Synth 8-3886] merging instance 'sc/audio_right_reg[6]' (FDC) to 'sc/audio_right_reg[9]'
INFO: [Synth 8-3886] merging instance 'sc/audio_right_reg[7]' (FDC) to 'sc/audio_right_reg[9]'
INFO: [Synth 8-3886] merging instance 'sc/audio_right_reg[8]' (FDC) to 'sc/audio_right_reg[9]'
INFO: [Synth 8-3886] merging instance 'sc/audio_right_reg[9]' (FDC) to 'sc/audio_right_reg[0]'
INFO: [Synth 8-3886] merging instance 'sc/audio_right_reg[14]' (FDC) to 'sc/audio_right_reg[15]'
INFO: [Synth 8-3886] merging instance 'sc/audio_left_reg[0]' (FDC) to 'sc/audio_right_reg[0]'
INFO: [Synth 8-3886] merging instance 'sc/audio_left_reg[1]' (FDC) to 'sc/audio_right_reg[0]'
INFO: [Synth 8-3886] merging instance 'sc/audio_left_reg[2]' (FDC) to 'sc/audio_right_reg[0]'
INFO: [Synth 8-3886] merging instance 'sc/audio_left_reg[3]' (FDC) to 'sc/audio_right_reg[0]'
INFO: [Synth 8-3886] merging instance 'sc/audio_left_reg[4]' (FDC) to 'sc/audio_right_reg[0]'
INFO: [Synth 8-3886] merging instance 'sc/audio_left_reg[5]' (FDC) to 'sc/audio_right_reg[0]'
INFO: [Synth 8-3886] merging instance 'sc/audio_left_reg[6]' (FDC) to 'sc/audio_right_reg[0]'
INFO: [Synth 8-3886] merging instance 'sc/audio_left_reg[7]' (FDC) to 'sc/audio_right_reg[0]'
INFO: [Synth 8-3886] merging instance 'sc/audio_left_reg[8]' (FDC) to 'sc/audio_right_reg[0]'
INFO: [Synth 8-3886] merging instance 'sc/audio_left_reg[9]' (FDC) to 'sc/audio_right_reg[0]'
INFO: [Synth 8-3886] merging instance 'sc/audio_left_reg[14]' (FDC) to 'sc/audio_left_reg[15]'
INFO: [Synth 8-3333] propagating constant 0 across sequential element (sc/\audio_right_reg[0] )
INFO: [Synth 8-3333] propagating constant 1 across sequential element (\volume_reg[2] )
WARNING: [Synth 8-3332] Sequential element (volume_reg[2]) is unused and will be removed from module lab4_3.
WARNING: [Synth 8-3332] Sequential element (display0_reg[1]) is unused and will be removed from module lab4_3.
INFO: [Synth 8-3886] merging instance 'sc/audio_right_reg[10]' (FDC) to 'sc/audio_left_reg[10]'
---------------------------------------------------------------------------------
Finished Cross Boundary and Area Optimization : Time (s): cpu = 00:00:35 ; elapsed = 00:00:38 . Memory (MB): peak = 944.855 ; gain = 401.562
---------------------------------------------------------------------------------

Report RTL Partitions: 
+-+--------------+------------+----------+
| |RTL Partition |Replication |Instances |
+-+--------------+------------+----------+
+-+--------------+------------+----------+
---------------------------------------------------------------------------------
Start Applying XDC Timing Constraints
---------------------------------------------------------------------------------
---------------------------------------------------------------------------------
Finished Applying XDC Timing Constraints : Time (s): cpu = 00:00:43 ; elapsed = 00:00:48 . Memory (MB): peak = 944.855 ; gain = 401.562
---------------------------------------------------------------------------------
---------------------------------------------------------------------------------
Start Timing Optimization
---------------------------------------------------------------------------------
---------------------------------------------------------------------------------
Finished Timing Optimization : Time (s): cpu = 00:00:44 ; elapsed = 00:00:48 . Memory (MB): peak = 944.855 ; gain = 401.562
---------------------------------------------------------------------------------

Report RTL Partitions: 
+-+--------------+------------+----------+
| |RTL Partition |Replication |Instances |
+-+--------------+------------+----------+
+-+--------------+------------+----------+
---------------------------------------------------------------------------------
Start Technology Mapping
---------------------------------------------------------------------------------
---------------------------------------------------------------------------------
Finished Technology Mapping : Time (s): cpu = 00:00:44 ; elapsed = 00:00:49 . Memory (MB): peak = 986.266 ; gain = 442.973
---------------------------------------------------------------------------------

Report RTL Partitions: 
+-+--------------+------------+----------+
| |RTL Partition |Replication |Instances |
+-+--------------+------------+----------+
+-+--------------+------------+----------+
---------------------------------------------------------------------------------
Start IO Insertion
---------------------------------------------------------------------------------
---------------------------------------------------------------------------------
Start Flattening Before IO Insertion
---------------------------------------------------------------------------------
---------------------------------------------------------------------------------
Finished Flattening Before IO Insertion
---------------------------------------------------------------------------------
---------------------------------------------------------------------------------
Start Final Netlist Cleanup
---------------------------------------------------------------------------------
---------------------------------------------------------------------------------
Finished Final Netlist Cleanup
---------------------------------------------------------------------------------
---------------------------------------------------------------------------------
Finished IO Insertion : Time (s): cpu = 00:00:49 ; elapsed = 00:00:53 . Memory (MB): peak = 991.566 ; gain = 448.273
---------------------------------------------------------------------------------
---------------------------------------------------------------------------------
Start Renaming Generated Instances
---------------------------------------------------------------------------------
---------------------------------------------------------------------------------
Finished Renaming Generated Instances : Time (s): cpu = 00:00:49 ; elapsed = 00:00:53 . Memory (MB): peak = 991.566 ; gain = 448.273
---------------------------------------------------------------------------------

Report RTL Partitions: 
+-+--------------+------------+----------+
| |RTL Partition |Replication |Instances |
+-+--------------+------------+----------+
+-+--------------+------------+----------+

Report Check Netlist: 
+------+------------------+-------+---------+-------+------------------+
|      |Item              |Errors |Warnings |Status |Description       |
+------+------------------+-------+---------+-------+------------------+
|1     |multi_driven_nets |      0|        0|Passed |Multi driven nets |
+------+------------------+-------+---------+-------+------------------+
---------------------------------------------------------------------------------
Start Rebuilding User Hierarchy
---------------------------------------------------------------------------------
---------------------------------------------------------------------------------
Finished Rebuilding User Hierarchy : Time (s): cpu = 00:00:49 ; elapsed = 00:00:53 . Memory (MB): peak = 991.566 ; gain = 448.273
---------------------------------------------------------------------------------
---------------------------------------------------------------------------------
Start Renaming Generated Ports
---------------------------------------------------------------------------------
---------------------------------------------------------------------------------
Finished Renaming Generated Ports : Time (s): cpu = 00:00:49 ; elapsed = 00:00:53 . Memory (MB): peak = 991.566 ; gain = 448.273
---------------------------------------------------------------------------------
---------------------------------------------------------------------------------
Start Handling Custom Attributes
---------------------------------------------------------------------------------
---------------------------------------------------------------------------------
Finished Handling Custom Attributes : Time (s): cpu = 00:00:49 ; elapsed = 00:00:54 . Memory (MB): peak = 991.566 ; gain = 448.273
---------------------------------------------------------------------------------
---------------------------------------------------------------------------------
Start Renaming Generated Nets
---------------------------------------------------------------------------------
---------------------------------------------------------------------------------
Finished Renaming Generated Nets : Time (s): cpu = 00:00:49 ; elapsed = 00:00:54 . Memory (MB): peak = 991.566 ; gain = 448.273
---------------------------------------------------------------------------------
---------------------------------------------------------------------------------
Start Writing Synthesis Report
---------------------------------------------------------------------------------

Report BlackBoxes: 
+------+---------------+----------+
|      |BlackBox name  |Instances |
+------+---------------+----------+
|1     |KeyboardCtrl_0 |         1|
+------+---------------+----------+

Report Cell Usage: 
+------+---------------+------+
|      |Cell           |Count |
+------+---------------+------+
|1     |KeyboardCtrl_0 |     1|
|2     |BUFG           |     1|
|3     |CARRY4         |   139|
|4     |LUT1           |     6|
|5     |LUT2           |   172|
|6     |LUT3           |   348|
|7     |LUT4           |   564|
|8     |LUT5           |    73|
|9     |LUT6           |   270|
|10    |MUXF7          |     4|
|11    |MUXF8          |     2|
|12    |FDCE           |   605|
|13    |FDPE           |     6|
|14    |FDRE           |    50|
|15    |FDSE           |     5|
|16    |LD             |     2|
|17    |LDC            |     3|
|18    |LDP            |    14|
|19    |IBUF           |     2|
|20    |OBUF           |    27|
+------+---------------+------+

Report Instance Areas: 
+------+-------------+----------------+------+
|      |Instance     |Module          |Cells |
+------+-------------+----------------+------+
|1     |top          |                |  2305|
|2     |  key_de     |KeyboardDecoder |  1550|
|3     |    op       |onepulse_0      |     3|
|4     |  m1         |debounce        |    10|
|5     |  m2         |onepulse        |     2|
|6     |  m3         |display         |    55|
|7     |    m1       |clock_divider   |    23|
|8     |  noteGen_00 |note_gen        |   155|
|9     |  sc         |speaker_control |   413|
+------+-------------+----------------+------+
---------------------------------------------------------------------------------
Finished Writing Synthesis Report : Time (s): cpu = 00:00:49 ; elapsed = 00:00:54 . Memory (MB): peak = 991.566 ; gain = 448.273
---------------------------------------------------------------------------------
Synthesis finished with 0 errors, 0 critical warnings and 7 warnings.
Synthesis Optimization Runtime : Time (s): cpu = 00:00:41 ; elapsed = 00:00:51 . Memory (MB): peak = 991.566 ; gain = 355.797
Synthesis Optimization Complete : Time (s): cpu = 00:00:49 ; elapsed = 00:00:54 . Memory (MB): peak = 991.566 ; gain = 448.273
INFO: [Project 1-571] Translating synthesized netlist
Netlist sorting complete. Time (s): cpu = 00:00:00 ; elapsed = 00:00:00.020 . Memory (MB): peak = 1003.621 ; gain = 0.000
INFO: [Netlist 29-17] Analyzing 164 Unisim elements for replacement
INFO: [Netlist 29-28] Unisim Transformation completed in 0 CPU seconds
INFO: [Project 1-570] Preparing netlist for logic optimization
INFO: [Opt 31-138] Pushed 0 inverter(s) to 0 load pin(s).
Netlist sorting complete. Time (s): cpu = 00:00:00 ; elapsed = 00:00:00.001 . Memory (MB): peak = 1003.621 ; gain = 0.000
INFO: [Project 1-111] Unisim Transformation Summary:
  A total of 19 instances were transformed.
  LD => LDCE: 2 instances
  LDC => LDCE: 3 instances
  LDP => LDPE: 14 instances

INFO: [Common 17-83] Releasing license: Synthesis
93 Infos, 16 Warnings, 0 Critical Warnings and 0 Errors encountered.
synth_design completed successfully
synth_design: Time (s): cpu = 00:00:55 ; elapsed = 00:01:00 . Memory (MB): peak = 1003.621 ; gain = 705.391
Netlist sorting complete. Time (s): cpu = 00:00:00 ; elapsed = 00:00:00.001 . Memory (MB): peak = 1003.621 ; gain = 0.000
WARNING: [Constraints 18-5210] No constraints selected for write.
Resolution: This message can indicate that there are no constraints for the design, or it can indicate that the used_in flags are set such that the constraints are ignored. This later case is used when running synth_design to not write synthesis constraints to the resulting checkpoint. Instead, project constraints are read when the synthesized design is opened.
INFO: [Common 17-1381] The checkpoint 'C:/Users/jiang/OneDrive/Vivado/Lab4/Adv/Adv3/Adv3.runs/synth_1/lab4_3.dcp' has been generated.
INFO: [runtcl-4] Executing : report_utilization -file lab4_3_utilization_synth.rpt -pb lab4_3_utilization_synth.pb
INFO: [Common 17-206] Exiting Vivado at Tue Oct 21 14:19:57 2025...
