Copyright 1986-2019 Xilinx, Inc. All Rights Reserved.
-----------------------------------------------------------------------------------------------------------------------------------------------------------------------------------------------------
| Tool Version : Vivado v.2019.2 (win64) Build 2708876 Wed Nov  6 21:40:23 MST 2019
| Date         : Tue Sep 30 21:19:46 2025
| Host         : LAPTOP-TN84JATT running 64-bit major release  (build 9200)
| Command      : report_timing_summary -max_paths 10 -file lab3_basic_timing_summary_routed.rpt -pb lab3_basic_timing_summary_routed.pb -rpx lab3_basic_timing_summary_routed.rpx -warn_on_violation
| Design       : lab3_basic
| Device       : 7a35t-cpg236
| Speed File   : -1  PRODUCTION 1.23 2018-06-13
-----------------------------------------------------------------------------------------------------------------------------------------------------------------------------------------------------

Timing Summary Report

------------------------------------------------------------------------------------------------
| Timer Settings
| --------------
------------------------------------------------------------------------------------------------

  Enable Multi Corner Analysis               :  Yes
  Enable Pessimism Removal                   :  Yes
  Pessimism Removal Resolution               :  Nearest Common Node
  Enable Input Delay Default Clock           :  No
  Enable Preset / Clear Arcs                 :  No
  Disable Flight Delays                      :  No
  Ignore I/O Paths                           :  No
  Timing Early Launch at Borrowing Latches   :  No
  Borrow Time for Max Delay Exceptions       :  Yes
  Merge Timing Exceptions                    :  Yes

  Corner  Analyze    Analyze    
  Name    Max Paths  Min Paths  
  ------  ---------  ---------  
  Slow    Yes        Yes        
  Fast    Yes        Yes        



check_timing report

Table of Contents
-----------------
1. checking no_clock
2. checking constant_clock
3. checking pulse_width_clock
4. checking unconstrained_internal_endpoints
5. checking no_input_delay
6. checking no_output_delay
7. checking multiple_clock
8. checking generated_clocks
9. checking loops
10. checking partial_input_delay
11. checking partial_output_delay
12. checking latch_loops

1. checking no_clock
--------------------
 There are 0 register/latch pins with no clock.


2. checking constant_clock
--------------------------
 There are 0 register/latch pins with constant_clock.


3. checking pulse_width_clock
-----------------------------
 There are 0 register/latch pins which need pulse_width check


4. checking unconstrained_internal_endpoints
--------------------------------------------
 There are 0 pins that are not constrained for maximum delay.

 There are 0 pins that are not constrained for maximum delay due to constant clock.


5. checking no_input_delay
--------------------------
 There are 2 input ports with no input delay specified. (HIGH)

 There are 0 input ports with no input delay but user has a false path constraint.


6. checking no_output_delay
---------------------------
 There are 16 ports with no output delay specified. (HIGH)

 There are 0 ports with no output delay but user has a false path constraint

 There are 0 ports with no output delay but with a timing clock defined on it or propagating through it


7. checking multiple_clock
--------------------------
 There are 0 register/latch pins with multiple clocks.


8. checking generated_clocks
----------------------------
 There are 0 generated clocks that are not connected to a clock source.


9. checking loops
-----------------
 There are 0 combinational loops in the design.


10. checking partial_input_delay
--------------------------------
 There are 0 input ports with partial input delay specified.


11. checking partial_output_delay
---------------------------------
 There are 0 ports with partial output delay specified.


12. checking latch_loops
------------------------
 There are 0 combinational latch loops in the design through latch input



------------------------------------------------------------------------------------------------
| Design Timing Summary
| ---------------------
------------------------------------------------------------------------------------------------

    WNS(ns)      TNS(ns)  TNS Failing Endpoints  TNS Total Endpoints      WHS(ns)      THS(ns)  THS Failing Endpoints  THS Total Endpoints     WPWS(ns)     TPWS(ns)  TPWS Failing Endpoints  TPWS Total Endpoints  
    -------      -------  ---------------------  -------------------      -------      -------  ---------------------  -------------------     --------     --------  ----------------------  --------------------  
      5.316        0.000                      0                  127        0.190        0.000                      0                  127        4.500        0.000                       0                    72  


All user specified timing constraints are met.


------------------------------------------------------------------------------------------------
| Clock Summary
| -------------
------------------------------------------------------------------------------------------------

Clock        Waveform(ns)       Period(ns)      Frequency(MHz)
-----        ------------       ----------      --------------
sys_clk_pin  {0.000 5.000}      10.000          100.000         


------------------------------------------------------------------------------------------------
| Intra Clock Table
| -----------------
------------------------------------------------------------------------------------------------

Clock             WNS(ns)      TNS(ns)  TNS Failing Endpoints  TNS Total Endpoints      WHS(ns)      THS(ns)  THS Failing Endpoints  THS Total Endpoints     WPWS(ns)     TPWS(ns)  TPWS Failing Endpoints  TPWS Total Endpoints  
-----             -------      -------  ---------------------  -------------------      -------      -------  ---------------------  -------------------     --------     --------  ----------------------  --------------------  
sys_clk_pin         5.316        0.000                      0                  127        0.190        0.000                      0                  127        4.500        0.000                       0                    72  


------------------------------------------------------------------------------------------------
| Inter Clock Table
| -----------------
------------------------------------------------------------------------------------------------

From Clock    To Clock          WNS(ns)      TNS(ns)  TNS Failing Endpoints  TNS Total Endpoints      WHS(ns)      THS(ns)  THS Failing Endpoints  THS Total Endpoints  
----------    --------          -------      -------  ---------------------  -------------------      -------      -------  ---------------------  -------------------  


------------------------------------------------------------------------------------------------
| Other Path Groups Table
| -----------------------
------------------------------------------------------------------------------------------------

Path Group    From Clock    To Clock          WNS(ns)      TNS(ns)  TNS Failing Endpoints  TNS Total Endpoints      WHS(ns)      THS(ns)  THS Failing Endpoints  THS Total Endpoints  
----------    ----------    --------          -------      -------  ---------------------  -------------------      -------      -------  ---------------------  -------------------  


------------------------------------------------------------------------------------------------
| Timing Details
| --------------
------------------------------------------------------------------------------------------------


---------------------------------------------------------------------------------------------------
From Clock:  sys_clk_pin
  To Clock:  sys_clk_pin

Setup :            0  Failing Endpoints,  Worst Slack        5.316ns,  Total Violation        0.000ns
Hold  :            0  Failing Endpoints,  Worst Slack        0.190ns,  Total Violation        0.000ns
PW    :            0  Failing Endpoints,  Worst Slack        4.500ns,  Total Violation        0.000ns
---------------------------------------------------------------------------------------------------


Max Delay Paths
--------------------------------------------------------------------------------------
Slack (MET) :             5.316ns  (required time - arrival time)
  Source:                 counter_half_sec_reg[8]/C
                            (rising edge-triggered cell FDRE clocked by sys_clk_pin  {rise@0.000ns fall@5.000ns period=10.000ns})
  Destination:            counter_half_sec_reg[0]/R
                            (rising edge-triggered cell FDRE clocked by sys_clk_pin  {rise@0.000ns fall@5.000ns period=10.000ns})
  Path Group:             sys_clk_pin
  Path Type:              Setup (Max at Slow Process Corner)
  Requirement:            10.000ns  (sys_clk_pin rise@10.000ns - sys_clk_pin rise@0.000ns)
  Data Path Delay:        4.100ns  (logic 0.890ns (21.709%)  route 3.210ns (78.291%))
  Logic Levels:           3  (LUT5=1 LUT6=2)
  Clock Path Skew:        -0.025ns (DCD - SCD + CPR)
    Destination Clock Delay (DCD):    4.780ns = ( 14.780 - 10.000 ) 
    Source Clock Delay      (SCD):    5.079ns
    Clock Pessimism Removal (CPR):    0.274ns
  Clock Uncertainty:      0.035ns  ((TSJ^2 + TIJ^2)^1/2 + DJ) / 2 + PE
    Total System Jitter     (TSJ):    0.071ns
    Total Input Jitter      (TIJ):    0.000ns
    Discrete Jitter          (DJ):    0.000ns
    Phase Error              (PE):    0.000ns

    Location             Delay type                Incr(ns)  Path(ns)    Netlist Resource(s)
  -------------------------------------------------------------------    -------------------
                         (clock sys_clk_pin rise edge)
                                                      0.000     0.000 r  
    W5                                                0.000     0.000 r  clk (IN)
                         net (fo=0)                   0.000     0.000    clk
    W5                   IBUF (Prop_ibuf_I_O)         1.458     1.458 r  clk_IBUF_inst/O
                         net (fo=1, routed)           1.967     3.425    clk_IBUF
    BUFGCTRL_X0Y0        BUFG (Prop_bufg_I_O)         0.096     3.521 r  clk_IBUF_BUFG_inst/O
                         net (fo=71, routed)          1.558     5.079    clk_IBUF_BUFG
    SLICE_X8Y31          FDRE                                         r  counter_half_sec_reg[8]/C
  -------------------------------------------------------------------    -------------------
    SLICE_X8Y31          FDRE (Prop_fdre_C_Q)         0.518     5.597 r  counter_half_sec_reg[8]/Q
                         net (fo=2, routed)           0.815     6.412    counter_half_sec_reg[8]
    SLICE_X9Y31          LUT5 (Prop_lut5_I0_O)        0.124     6.536 r  LED_Right[9]_i_8/O
                         net (fo=1, routed)           0.634     7.171    LED_Right[9]_i_8_n_0
    SLICE_X9Y32          LUT6 (Prop_lut6_I3_O)        0.124     7.295 r  LED_Right[9]_i_5/O
                         net (fo=3, routed)           0.791     8.086    LED_Right[9]_i_5_n_0
    SLICE_X9Y35          LUT6 (Prop_lut6_I1_O)        0.124     8.210 r  counter_half_sec[0]_i_1/O
                         net (fo=26, routed)          0.969     9.179    counter_half_sec[0]_i_1_n_0
    SLICE_X8Y29          FDRE                                         r  counter_half_sec_reg[0]/R
  -------------------------------------------------------------------    -------------------

                         (clock sys_clk_pin rise edge)
                                                     10.000    10.000 r  
    W5                                                0.000    10.000 r  clk (IN)
                         net (fo=0)                   0.000    10.000    clk
    W5                   IBUF (Prop_ibuf_I_O)         1.388    11.388 r  clk_IBUF_inst/O
                         net (fo=1, routed)           1.862    13.250    clk_IBUF
    BUFGCTRL_X0Y0        BUFG (Prop_bufg_I_O)         0.091    13.341 r  clk_IBUF_BUFG_inst/O
                         net (fo=71, routed)          1.439    14.780    clk_IBUF_BUFG
    SLICE_X8Y29          FDRE                                         r  counter_half_sec_reg[0]/C
                         clock pessimism              0.274    15.054    
                         clock uncertainty           -0.035    15.019    
    SLICE_X8Y29          FDRE (Setup_fdre_C_R)       -0.524    14.495    counter_half_sec_reg[0]
  -------------------------------------------------------------------
                         required time                         14.495    
                         arrival time                          -9.179    
  -------------------------------------------------------------------
                         slack                                  5.316    

Slack (MET) :             5.316ns  (required time - arrival time)
  Source:                 counter_half_sec_reg[8]/C
                            (rising edge-triggered cell FDRE clocked by sys_clk_pin  {rise@0.000ns fall@5.000ns period=10.000ns})
  Destination:            counter_half_sec_reg[1]/R
                            (rising edge-triggered cell FDRE clocked by sys_clk_pin  {rise@0.000ns fall@5.000ns period=10.000ns})
  Path Group:             sys_clk_pin
  Path Type:              Setup (Max at Slow Process Corner)
  Requirement:            10.000ns  (sys_clk_pin rise@10.000ns - sys_clk_pin rise@0.000ns)
  Data Path Delay:        4.100ns  (logic 0.890ns (21.709%)  route 3.210ns (78.291%))
  Logic Levels:           3  (LUT5=1 LUT6=2)
  Clock Path Skew:        -0.025ns (DCD - SCD + CPR)
    Destination Clock Delay (DCD):    4.780ns = ( 14.780 - 10.000 ) 
    Source Clock Delay      (SCD):    5.079ns
    Clock Pessimism Removal (CPR):    0.274ns
  Clock Uncertainty:      0.035ns  ((TSJ^2 + TIJ^2)^1/2 + DJ) / 2 + PE
    Total System Jitter     (TSJ):    0.071ns
    Total Input Jitter      (TIJ):    0.000ns
    Discrete Jitter          (DJ):    0.000ns
    Phase Error              (PE):    0.000ns

    Location             Delay type                Incr(ns)  Path(ns)    Netlist Resource(s)
  -------------------------------------------------------------------    -------------------
                         (clock sys_clk_pin rise edge)
                                                      0.000     0.000 r  
    W5                                                0.000     0.000 r  clk (IN)
                         net (fo=0)                   0.000     0.000    clk
    W5                   IBUF (Prop_ibuf_I_O)         1.458     1.458 r  clk_IBUF_inst/O
                         net (fo=1, routed)           1.967     3.425    clk_IBUF
    BUFGCTRL_X0Y0        BUFG (Prop_bufg_I_O)         0.096     3.521 r  clk_IBUF_BUFG_inst/O
                         net (fo=71, routed)          1.558     5.079    clk_IBUF_BUFG
    SLICE_X8Y31          FDRE                                         r  counter_half_sec_reg[8]/C
  -------------------------------------------------------------------    -------------------
    SLICE_X8Y31          FDRE (Prop_fdre_C_Q)         0.518     5.597 r  counter_half_sec_reg[8]/Q
                         net (fo=2, routed)           0.815     6.412    counter_half_sec_reg[8]
    SLICE_X9Y31          LUT5 (Prop_lut5_I0_O)        0.124     6.536 r  LED_Right[9]_i_8/O
                         net (fo=1, routed)           0.634     7.171    LED_Right[9]_i_8_n_0
    SLICE_X9Y32          LUT6 (Prop_lut6_I3_O)        0.124     7.295 r  LED_Right[9]_i_5/O
                         net (fo=3, routed)           0.791     8.086    LED_Right[9]_i_5_n_0
    SLICE_X9Y35          LUT6 (Prop_lut6_I1_O)        0.124     8.210 r  counter_half_sec[0]_i_1/O
                         net (fo=26, routed)          0.969     9.179    counter_half_sec[0]_i_1_n_0
    SLICE_X8Y29          FDRE                                         r  counter_half_sec_reg[1]/R
  -------------------------------------------------------------------    -------------------

                         (clock sys_clk_pin rise edge)
                                                     10.000    10.000 r  
    W5                                                0.000    10.000 r  clk (IN)
                         net (fo=0)                   0.000    10.000    clk
    W5                   IBUF (Prop_ibuf_I_O)         1.388    11.388 r  clk_IBUF_inst/O
                         net (fo=1, routed)           1.862    13.250    clk_IBUF
    BUFGCTRL_X0Y0        BUFG (Prop_bufg_I_O)         0.091    13.341 r  clk_IBUF_BUFG_inst/O
                         net (fo=71, routed)          1.439    14.780    clk_IBUF_BUFG
    SLICE_X8Y29          FDRE                                         r  counter_half_sec_reg[1]/C
                         clock pessimism              0.274    15.054    
                         clock uncertainty           -0.035    15.019    
    SLICE_X8Y29          FDRE (Setup_fdre_C_R)       -0.524    14.495    counter_half_sec_reg[1]
  -------------------------------------------------------------------
                         required time                         14.495    
                         arrival time                          -9.179    
  -------------------------------------------------------------------
                         slack                                  5.316    

Slack (MET) :             5.316ns  (required time - arrival time)
  Source:                 counter_half_sec_reg[8]/C
                            (rising edge-triggered cell FDRE clocked by sys_clk_pin  {rise@0.000ns fall@5.000ns period=10.000ns})
  Destination:            counter_half_sec_reg[2]/R
                            (rising edge-triggered cell FDRE clocked by sys_clk_pin  {rise@0.000ns fall@5.000ns period=10.000ns})
  Path Group:             sys_clk_pin
  Path Type:              Setup (Max at Slow Process Corner)
  Requirement:            10.000ns  (sys_clk_pin rise@10.000ns - sys_clk_pin rise@0.000ns)
  Data Path Delay:        4.100ns  (logic 0.890ns (21.709%)  route 3.210ns (78.291%))
  Logic Levels:           3  (LUT5=1 LUT6=2)
  Clock Path Skew:        -0.025ns (DCD - SCD + CPR)
    Destination Clock Delay (DCD):    4.780ns = ( 14.780 - 10.000 ) 
    Source Clock Delay      (SCD):    5.079ns
    Clock Pessimism Removal (CPR):    0.274ns
  Clock Uncertainty:      0.035ns  ((TSJ^2 + TIJ^2)^1/2 + DJ) / 2 + PE
    Total System Jitter     (TSJ):    0.071ns
    Total Input Jitter      (TIJ):    0.000ns
    Discrete Jitter          (DJ):    0.000ns
    Phase Error              (PE):    0.000ns

    Location             Delay type                Incr(ns)  Path(ns)    Netlist Resource(s)
  -------------------------------------------------------------------    -------------------
                         (clock sys_clk_pin rise edge)
                                                      0.000     0.000 r  
    W5                                                0.000     0.000 r  clk (IN)
                         net (fo=0)                   0.000     0.000    clk
    W5                   IBUF (Prop_ibuf_I_O)         1.458     1.458 r  clk_IBUF_inst/O
                         net (fo=1, routed)           1.967     3.425    clk_IBUF
    BUFGCTRL_X0Y0        BUFG (Prop_bufg_I_O)         0.096     3.521 r  clk_IBUF_BUFG_inst/O
                         net (fo=71, routed)          1.558     5.079    clk_IBUF_BUFG
    SLICE_X8Y31          FDRE                                         r  counter_half_sec_reg[8]/C
  -------------------------------------------------------------------    -------------------
    SLICE_X8Y31          FDRE (Prop_fdre_C_Q)         0.518     5.597 r  counter_half_sec_reg[8]/Q
                         net (fo=2, routed)           0.815     6.412    counter_half_sec_reg[8]
    SLICE_X9Y31          LUT5 (Prop_lut5_I0_O)        0.124     6.536 r  LED_Right[9]_i_8/O
                         net (fo=1, routed)           0.634     7.171    LED_Right[9]_i_8_n_0
    SLICE_X9Y32          LUT6 (Prop_lut6_I3_O)        0.124     7.295 r  LED_Right[9]_i_5/O
                         net (fo=3, routed)           0.791     8.086    LED_Right[9]_i_5_n_0
    SLICE_X9Y35          LUT6 (Prop_lut6_I1_O)        0.124     8.210 r  counter_half_sec[0]_i_1/O
                         net (fo=26, routed)          0.969     9.179    counter_half_sec[0]_i_1_n_0
    SLICE_X8Y29          FDRE                                         r  counter_half_sec_reg[2]/R
  -------------------------------------------------------------------    -------------------

                         (clock sys_clk_pin rise edge)
                                                     10.000    10.000 r  
    W5                                                0.000    10.000 r  clk (IN)
                         net (fo=0)                   0.000    10.000    clk
    W5                   IBUF (Prop_ibuf_I_O)         1.388    11.388 r  clk_IBUF_inst/O
                         net (fo=1, routed)           1.862    13.250    clk_IBUF
    BUFGCTRL_X0Y0        BUFG (Prop_bufg_I_O)         0.091    13.341 r  clk_IBUF_BUFG_inst/O
                         net (fo=71, routed)          1.439    14.780    clk_IBUF_BUFG
    SLICE_X8Y29          FDRE                                         r  counter_half_sec_reg[2]/C
                         clock pessimism              0.274    15.054    
                         clock uncertainty           -0.035    15.019    
    SLICE_X8Y29          FDRE (Setup_fdre_C_R)       -0.524    14.495    counter_half_sec_reg[2]
  -------------------------------------------------------------------
                         required time                         14.495    
                         arrival time                          -9.179    
  -------------------------------------------------------------------
                         slack                                  5.316    

Slack (MET) :             5.316ns  (required time - arrival time)
  Source:                 counter_half_sec_reg[8]/C
                            (rising edge-triggered cell FDRE clocked by sys_clk_pin  {rise@0.000ns fall@5.000ns period=10.000ns})
  Destination:            counter_half_sec_reg[3]/R
                            (rising edge-triggered cell FDRE clocked by sys_clk_pin  {rise@0.000ns fall@5.000ns period=10.000ns})
  Path Group:             sys_clk_pin
  Path Type:              Setup (Max at Slow Process Corner)
  Requirement:            10.000ns  (sys_clk_pin rise@10.000ns - sys_clk_pin rise@0.000ns)
  Data Path Delay:        4.100ns  (logic 0.890ns (21.709%)  route 3.210ns (78.291%))
  Logic Levels:           3  (LUT5=1 LUT6=2)
  Clock Path Skew:        -0.025ns (DCD - SCD + CPR)
    Destination Clock Delay (DCD):    4.780ns = ( 14.780 - 10.000 ) 
    Source Clock Delay      (SCD):    5.079ns
    Clock Pessimism Removal (CPR):    0.274ns
  Clock Uncertainty:      0.035ns  ((TSJ^2 + TIJ^2)^1/2 + DJ) / 2 + PE
    Total System Jitter     (TSJ):    0.071ns
    Total Input Jitter      (TIJ):    0.000ns
    Discrete Jitter          (DJ):    0.000ns
    Phase Error              (PE):    0.000ns

    Location             Delay type                Incr(ns)  Path(ns)    Netlist Resource(s)
  -------------------------------------------------------------------    -------------------
                         (clock sys_clk_pin rise edge)
                                                      0.000     0.000 r  
    W5                                                0.000     0.000 r  clk (IN)
                         net (fo=0)                   0.000     0.000    clk
    W5                   IBUF (Prop_ibuf_I_O)         1.458     1.458 r  clk_IBUF_inst/O
                         net (fo=1, routed)           1.967     3.425    clk_IBUF
    BUFGCTRL_X0Y0        BUFG (Prop_bufg_I_O)         0.096     3.521 r  clk_IBUF_BUFG_inst/O
                         net (fo=71, routed)          1.558     5.079    clk_IBUF_BUFG
    SLICE_X8Y31          FDRE                                         r  counter_half_sec_reg[8]/C
  -------------------------------------------------------------------    -------------------
    SLICE_X8Y31          FDRE (Prop_fdre_C_Q)         0.518     5.597 r  counter_half_sec_reg[8]/Q
                         net (fo=2, routed)           0.815     6.412    counter_half_sec_reg[8]
    SLICE_X9Y31          LUT5 (Prop_lut5_I0_O)        0.124     6.536 r  LED_Right[9]_i_8/O
                         net (fo=1, routed)           0.634     7.171    LED_Right[9]_i_8_n_0
    SLICE_X9Y32          LUT6 (Prop_lut6_I3_O)        0.124     7.295 r  LED_Right[9]_i_5/O
                         net (fo=3, routed)           0.791     8.086    LED_Right[9]_i_5_n_0
    SLICE_X9Y35          LUT6 (Prop_lut6_I1_O)        0.124     8.210 r  counter_half_sec[0]_i_1/O
                         net (fo=26, routed)          0.969     9.179    counter_half_sec[0]_i_1_n_0
    SLICE_X8Y29          FDRE                                         r  counter_half_sec_reg[3]/R
  -------------------------------------------------------------------    -------------------

                         (clock sys_clk_pin rise edge)
                                                     10.000    10.000 r  
    W5                                                0.000    10.000 r  clk (IN)
                         net (fo=0)                   0.000    10.000    clk
    W5                   IBUF (Prop_ibuf_I_O)         1.388    11.388 r  clk_IBUF_inst/O
                         net (fo=1, routed)           1.862    13.250    clk_IBUF
    BUFGCTRL_X0Y0        BUFG (Prop_bufg_I_O)         0.091    13.341 r  clk_IBUF_BUFG_inst/O
                         net (fo=71, routed)          1.439    14.780    clk_IBUF_BUFG
    SLICE_X8Y29          FDRE                                         r  counter_half_sec_reg[3]/C
                         clock pessimism              0.274    15.054    
                         clock uncertainty           -0.035    15.019    
    SLICE_X8Y29          FDRE (Setup_fdre_C_R)       -0.524    14.495    counter_half_sec_reg[3]
  -------------------------------------------------------------------
                         required time                         14.495    
                         arrival time                          -9.179    
  -------------------------------------------------------------------
                         slack                                  5.316    

Slack (MET) :             5.457ns  (required time - arrival time)
  Source:                 counter_half_sec_reg[8]/C
                            (rising edge-triggered cell FDRE clocked by sys_clk_pin  {rise@0.000ns fall@5.000ns period=10.000ns})
  Destination:            counter_half_sec_reg[4]/R
                            (rising edge-triggered cell FDRE clocked by sys_clk_pin  {rise@0.000ns fall@5.000ns period=10.000ns})
  Path Group:             sys_clk_pin
  Path Type:              Setup (Max at Slow Process Corner)
  Requirement:            10.000ns  (sys_clk_pin rise@10.000ns - sys_clk_pin rise@0.000ns)
  Data Path Delay:        3.959ns  (logic 0.890ns (22.482%)  route 3.069ns (77.518%))
  Logic Levels:           3  (LUT5=1 LUT6=2)
  Clock Path Skew:        -0.025ns (DCD - SCD + CPR)
    Destination Clock Delay (DCD):    4.780ns = ( 14.780 - 10.000 ) 
    Source Clock Delay      (SCD):    5.079ns
    Clock Pessimism Removal (CPR):    0.274ns
  Clock Uncertainty:      0.035ns  ((TSJ^2 + TIJ^2)^1/2 + DJ) / 2 + PE
    Total System Jitter     (TSJ):    0.071ns
    Total Input Jitter      (TIJ):    0.000ns
    Discrete Jitter          (DJ):    0.000ns
    Phase Error              (PE):    0.000ns

    Location             Delay type                Incr(ns)  Path(ns)    Netlist Resource(s)
  -------------------------------------------------------------------    -------------------
                         (clock sys_clk_pin rise edge)
                                                      0.000     0.000 r  
    W5                                                0.000     0.000 r  clk (IN)
                         net (fo=0)                   0.000     0.000    clk
    W5                   IBUF (Prop_ibuf_I_O)         1.458     1.458 r  clk_IBUF_inst/O
                         net (fo=1, routed)           1.967     3.425    clk_IBUF
    BUFGCTRL_X0Y0        BUFG (Prop_bufg_I_O)         0.096     3.521 r  clk_IBUF_BUFG_inst/O
                         net (fo=71, routed)          1.558     5.079    clk_IBUF_BUFG
    SLICE_X8Y31          FDRE                                         r  counter_half_sec_reg[8]/C
  -------------------------------------------------------------------    -------------------
    SLICE_X8Y31          FDRE (Prop_fdre_C_Q)         0.518     5.597 r  counter_half_sec_reg[8]/Q
                         net (fo=2, routed)           0.815     6.412    counter_half_sec_reg[8]
    SLICE_X9Y31          LUT5 (Prop_lut5_I0_O)        0.124     6.536 r  LED_Right[9]_i_8/O
                         net (fo=1, routed)           0.634     7.171    LED_Right[9]_i_8_n_0
    SLICE_X9Y32          LUT6 (Prop_lut6_I3_O)        0.124     7.295 r  LED_Right[9]_i_5/O
                         net (fo=3, routed)           0.791     8.086    LED_Right[9]_i_5_n_0
    SLICE_X9Y35          LUT6 (Prop_lut6_I1_O)        0.124     8.210 r  counter_half_sec[0]_i_1/O
                         net (fo=26, routed)          0.828     9.038    counter_half_sec[0]_i_1_n_0
    SLICE_X8Y30          FDRE                                         r  counter_half_sec_reg[4]/R
  -------------------------------------------------------------------    -------------------

                         (clock sys_clk_pin rise edge)
                                                     10.000    10.000 r  
    W5                                                0.000    10.000 r  clk (IN)
                         net (fo=0)                   0.000    10.000    clk
    W5                   IBUF (Prop_ibuf_I_O)         1.388    11.388 r  clk_IBUF_inst/O
                         net (fo=1, routed)           1.862    13.250    clk_IBUF
    BUFGCTRL_X0Y0        BUFG (Prop_bufg_I_O)         0.091    13.341 r  clk_IBUF_BUFG_inst/O
                         net (fo=71, routed)          1.439    14.780    clk_IBUF_BUFG
    SLICE_X8Y30          FDRE                                         r  counter_half_sec_reg[4]/C
                         clock pessimism              0.274    15.054    
                         clock uncertainty           -0.035    15.019    
    SLICE_X8Y30          FDRE (Setup_fdre_C_R)       -0.524    14.495    counter_half_sec_reg[4]
  -------------------------------------------------------------------
                         required time                         14.495    
                         arrival time                          -9.038    
  -------------------------------------------------------------------
                         slack                                  5.457    

Slack (MET) :             5.457ns  (required time - arrival time)
  Source:                 counter_half_sec_reg[8]/C
                            (rising edge-triggered cell FDRE clocked by sys_clk_pin  {rise@0.000ns fall@5.000ns period=10.000ns})
  Destination:            counter_half_sec_reg[5]/R
                            (rising edge-triggered cell FDRE clocked by sys_clk_pin  {rise@0.000ns fall@5.000ns period=10.000ns})
  Path Group:             sys_clk_pin
  Path Type:              Setup (Max at Slow Process Corner)
  Requirement:            10.000ns  (sys_clk_pin rise@10.000ns - sys_clk_pin rise@0.000ns)
  Data Path Delay:        3.959ns  (logic 0.890ns (22.482%)  route 3.069ns (77.518%))
  Logic Levels:           3  (LUT5=1 LUT6=2)
  Clock Path Skew:        -0.025ns (DCD - SCD + CPR)
    Destination Clock Delay (DCD):    4.780ns = ( 14.780 - 10.000 ) 
    Source Clock Delay      (SCD):    5.079ns
    Clock Pessimism Removal (CPR):    0.274ns
  Clock Uncertainty:      0.035ns  ((TSJ^2 + TIJ^2)^1/2 + DJ) / 2 + PE
    Total System Jitter     (TSJ):    0.071ns
    Total Input Jitter      (TIJ):    0.000ns
    Discrete Jitter          (DJ):    0.000ns
    Phase Error              (PE):    0.000ns

    Location             Delay type                Incr(ns)  Path(ns)    Netlist Resource(s)
  -------------------------------------------------------------------    -------------------
                         (clock sys_clk_pin rise edge)
                                                      0.000     0.000 r  
    W5                                                0.000     0.000 r  clk (IN)
                         net (fo=0)                   0.000     0.000    clk
    W5                   IBUF (Prop_ibuf_I_O)         1.458     1.458 r  clk_IBUF_inst/O
                         net (fo=1, routed)           1.967     3.425    clk_IBUF
    BUFGCTRL_X0Y0        BUFG (Prop_bufg_I_O)         0.096     3.521 r  clk_IBUF_BUFG_inst/O
                         net (fo=71, routed)          1.558     5.079    clk_IBUF_BUFG
    SLICE_X8Y31          FDRE                                         r  counter_half_sec_reg[8]/C
  -------------------------------------------------------------------    -------------------
    SLICE_X8Y31          FDRE (Prop_fdre_C_Q)         0.518     5.597 r  counter_half_sec_reg[8]/Q
                         net (fo=2, routed)           0.815     6.412    counter_half_sec_reg[8]
    SLICE_X9Y31          LUT5 (Prop_lut5_I0_O)        0.124     6.536 r  LED_Right[9]_i_8/O
                         net (fo=1, routed)           0.634     7.171    LED_Right[9]_i_8_n_0
    SLICE_X9Y32          LUT6 (Prop_lut6_I3_O)        0.124     7.295 r  LED_Right[9]_i_5/O
                         net (fo=3, routed)           0.791     8.086    LED_Right[9]_i_5_n_0
    SLICE_X9Y35          LUT6 (Prop_lut6_I1_O)        0.124     8.210 r  counter_half_sec[0]_i_1/O
                         net (fo=26, routed)          0.828     9.038    counter_half_sec[0]_i_1_n_0
    SLICE_X8Y30          FDRE                                         r  counter_half_sec_reg[5]/R
  -------------------------------------------------------------------    -------------------

                         (clock sys_clk_pin rise edge)
                                                     10.000    10.000 r  
    W5                                                0.000    10.000 r  clk (IN)
                         net (fo=0)                   0.000    10.000    clk
    W5                   IBUF (Prop_ibuf_I_O)         1.388    11.388 r  clk_IBUF_inst/O
                         net (fo=1, routed)           1.862    13.250    clk_IBUF
    BUFGCTRL_X0Y0        BUFG (Prop_bufg_I_O)         0.091    13.341 r  clk_IBUF_BUFG_inst/O
                         net (fo=71, routed)          1.439    14.780    clk_IBUF_BUFG
    SLICE_X8Y30          FDRE                                         r  counter_half_sec_reg[5]/C
                         clock pessimism              0.274    15.054    
                         clock uncertainty           -0.035    15.019    
    SLICE_X8Y30          FDRE (Setup_fdre_C_R)       -0.524    14.495    counter_half_sec_reg[5]
  -------------------------------------------------------------------
                         required time                         14.495    
                         arrival time                          -9.038    
  -------------------------------------------------------------------
                         slack                                  5.457    

Slack (MET) :             5.457ns  (required time - arrival time)
  Source:                 counter_half_sec_reg[8]/C
                            (rising edge-triggered cell FDRE clocked by sys_clk_pin  {rise@0.000ns fall@5.000ns period=10.000ns})
  Destination:            counter_half_sec_reg[6]/R
                            (rising edge-triggered cell FDRE clocked by sys_clk_pin  {rise@0.000ns fall@5.000ns period=10.000ns})
  Path Group:             sys_clk_pin
  Path Type:              Setup (Max at Slow Process Corner)
  Requirement:            10.000ns  (sys_clk_pin rise@10.000ns - sys_clk_pin rise@0.000ns)
  Data Path Delay:        3.959ns  (logic 0.890ns (22.482%)  route 3.069ns (77.518%))
  Logic Levels:           3  (LUT5=1 LUT6=2)
  Clock Path Skew:        -0.025ns (DCD - SCD + CPR)
    Destination Clock Delay (DCD):    4.780ns = ( 14.780 - 10.000 ) 
    Source Clock Delay      (SCD):    5.079ns
    Clock Pessimism Removal (CPR):    0.274ns
  Clock Uncertainty:      0.035ns  ((TSJ^2 + TIJ^2)^1/2 + DJ) / 2 + PE
    Total System Jitter     (TSJ):    0.071ns
    Total Input Jitter      (TIJ):    0.000ns
    Discrete Jitter          (DJ):    0.000ns
    Phase Error              (PE):    0.000ns

    Location             Delay type                Incr(ns)  Path(ns)    Netlist Resource(s)
  -------------------------------------------------------------------    -------------------
                         (clock sys_clk_pin rise edge)
                                                      0.000     0.000 r  
    W5                                                0.000     0.000 r  clk (IN)
                         net (fo=0)                   0.000     0.000    clk
    W5                   IBUF (Prop_ibuf_I_O)         1.458     1.458 r  clk_IBUF_inst/O
                         net (fo=1, routed)           1.967     3.425    clk_IBUF
    BUFGCTRL_X0Y0        BUFG (Prop_bufg_I_O)         0.096     3.521 r  clk_IBUF_BUFG_inst/O
                         net (fo=71, routed)          1.558     5.079    clk_IBUF_BUFG
    SLICE_X8Y31          FDRE                                         r  counter_half_sec_reg[8]/C
  -------------------------------------------------------------------    -------------------
    SLICE_X8Y31          FDRE (Prop_fdre_C_Q)         0.518     5.597 r  counter_half_sec_reg[8]/Q
                         net (fo=2, routed)           0.815     6.412    counter_half_sec_reg[8]
    SLICE_X9Y31          LUT5 (Prop_lut5_I0_O)        0.124     6.536 r  LED_Right[9]_i_8/O
                         net (fo=1, routed)           0.634     7.171    LED_Right[9]_i_8_n_0
    SLICE_X9Y32          LUT6 (Prop_lut6_I3_O)        0.124     7.295 r  LED_Right[9]_i_5/O
                         net (fo=3, routed)           0.791     8.086    LED_Right[9]_i_5_n_0
    SLICE_X9Y35          LUT6 (Prop_lut6_I1_O)        0.124     8.210 r  counter_half_sec[0]_i_1/O
                         net (fo=26, routed)          0.828     9.038    counter_half_sec[0]_i_1_n_0
    SLICE_X8Y30          FDRE                                         r  counter_half_sec_reg[6]/R
  -------------------------------------------------------------------    -------------------

                         (clock sys_clk_pin rise edge)
                                                     10.000    10.000 r  
    W5                                                0.000    10.000 r  clk (IN)
                         net (fo=0)                   0.000    10.000    clk
    W5                   IBUF (Prop_ibuf_I_O)         1.388    11.388 r  clk_IBUF_inst/O
                         net (fo=1, routed)           1.862    13.250    clk_IBUF
    BUFGCTRL_X0Y0        BUFG (Prop_bufg_I_O)         0.091    13.341 r  clk_IBUF_BUFG_inst/O
                         net (fo=71, routed)          1.439    14.780    clk_IBUF_BUFG
    SLICE_X8Y30          FDRE                                         r  counter_half_sec_reg[6]/C
                         clock pessimism              0.274    15.054    
                         clock uncertainty           -0.035    15.019    
    SLICE_X8Y30          FDRE (Setup_fdre_C_R)       -0.524    14.495    counter_half_sec_reg[6]
  -------------------------------------------------------------------
                         required time                         14.495    
                         arrival time                          -9.038    
  -------------------------------------------------------------------
                         slack                                  5.457    

Slack (MET) :             5.457ns  (required time - arrival time)
  Source:                 counter_half_sec_reg[8]/C
                            (rising edge-triggered cell FDRE clocked by sys_clk_pin  {rise@0.000ns fall@5.000ns period=10.000ns})
  Destination:            counter_half_sec_reg[7]/R
                            (rising edge-triggered cell FDRE clocked by sys_clk_pin  {rise@0.000ns fall@5.000ns period=10.000ns})
  Path Group:             sys_clk_pin
  Path Type:              Setup (Max at Slow Process Corner)
  Requirement:            10.000ns  (sys_clk_pin rise@10.000ns - sys_clk_pin rise@0.000ns)
  Data Path Delay:        3.959ns  (logic 0.890ns (22.482%)  route 3.069ns (77.518%))
  Logic Levels:           3  (LUT5=1 LUT6=2)
  Clock Path Skew:        -0.025ns (DCD - SCD + CPR)
    Destination Clock Delay (DCD):    4.780ns = ( 14.780 - 10.000 ) 
    Source Clock Delay      (SCD):    5.079ns
    Clock Pessimism Removal (CPR):    0.274ns
  Clock Uncertainty:      0.035ns  ((TSJ^2 + TIJ^2)^1/2 + DJ) / 2 + PE
    Total System Jitter     (TSJ):    0.071ns
    Total Input Jitter      (TIJ):    0.000ns
    Discrete Jitter          (DJ):    0.000ns
    Phase Error              (PE):    0.000ns

    Location             Delay type                Incr(ns)  Path(ns)    Netlist Resource(s)
  -------------------------------------------------------------------    -------------------
                         (clock sys_clk_pin rise edge)
                                                      0.000     0.000 r  
    W5                                                0.000     0.000 r  clk (IN)
                         net (fo=0)                   0.000     0.000    clk
    W5                   IBUF (Prop_ibuf_I_O)         1.458     1.458 r  clk_IBUF_inst/O
                         net (fo=1, routed)           1.967     3.425    clk_IBUF
    BUFGCTRL_X0Y0        BUFG (Prop_bufg_I_O)         0.096     3.521 r  clk_IBUF_BUFG_inst/O
                         net (fo=71, routed)          1.558     5.079    clk_IBUF_BUFG
    SLICE_X8Y31          FDRE                                         r  counter_half_sec_reg[8]/C
  -------------------------------------------------------------------    -------------------
    SLICE_X8Y31          FDRE (Prop_fdre_C_Q)         0.518     5.597 r  counter_half_sec_reg[8]/Q
                         net (fo=2, routed)           0.815     6.412    counter_half_sec_reg[8]
    SLICE_X9Y31          LUT5 (Prop_lut5_I0_O)        0.124     6.536 r  LED_Right[9]_i_8/O
                         net (fo=1, routed)           0.634     7.171    LED_Right[9]_i_8_n_0
    SLICE_X9Y32          LUT6 (Prop_lut6_I3_O)        0.124     7.295 r  LED_Right[9]_i_5/O
                         net (fo=3, routed)           0.791     8.086    LED_Right[9]_i_5_n_0
    SLICE_X9Y35          LUT6 (Prop_lut6_I1_O)        0.124     8.210 r  counter_half_sec[0]_i_1/O
                         net (fo=26, routed)          0.828     9.038    counter_half_sec[0]_i_1_n_0
    SLICE_X8Y30          FDRE                                         r  counter_half_sec_reg[7]/R
  -------------------------------------------------------------------    -------------------

                         (clock sys_clk_pin rise edge)
                                                     10.000    10.000 r  
    W5                                                0.000    10.000 r  clk (IN)
                         net (fo=0)                   0.000    10.000    clk
    W5                   IBUF (Prop_ibuf_I_O)         1.388    11.388 r  clk_IBUF_inst/O
                         net (fo=1, routed)           1.862    13.250    clk_IBUF
    BUFGCTRL_X0Y0        BUFG (Prop_bufg_I_O)         0.091    13.341 r  clk_IBUF_BUFG_inst/O
                         net (fo=71, routed)          1.439    14.780    clk_IBUF_BUFG
    SLICE_X8Y30          FDRE                                         r  counter_half_sec_reg[7]/C
                         clock pessimism              0.274    15.054    
                         clock uncertainty           -0.035    15.019    
    SLICE_X8Y30          FDRE (Setup_fdre_C_R)       -0.524    14.495    counter_half_sec_reg[7]
  -------------------------------------------------------------------
                         required time                         14.495    
                         arrival time                          -9.038    
  -------------------------------------------------------------------
                         slack                                  5.457    

Slack (MET) :             5.615ns  (required time - arrival time)
  Source:                 counter_half_sec_reg[7]/C
                            (rising edge-triggered cell FDRE clocked by sys_clk_pin  {rise@0.000ns fall@5.000ns period=10.000ns})
  Destination:            counter_half_sec_reg[10]/R
                            (rising edge-triggered cell FDRE clocked by sys_clk_pin  {rise@0.000ns fall@5.000ns period=10.000ns})
  Path Group:             sys_clk_pin
  Path Type:              Setup (Max at Slow Process Corner)
  Requirement:            10.000ns  (sys_clk_pin rise@10.000ns - sys_clk_pin rise@0.000ns)
  Data Path Delay:        3.802ns  (logic 0.890ns (23.407%)  route 2.912ns (76.593%))
  Logic Levels:           3  (LUT5=1 LUT6=2)
  Clock Path Skew:        -0.023ns (DCD - SCD + CPR)
    Destination Clock Delay (DCD):    4.781ns = ( 14.781 - 10.000 ) 
    Source Clock Delay      (SCD):    5.078ns
    Clock Pessimism Removal (CPR):    0.274ns
  Clock Uncertainty:      0.035ns  ((TSJ^2 + TIJ^2)^1/2 + DJ) / 2 + PE
    Total System Jitter     (TSJ):    0.071ns
    Total Input Jitter      (TIJ):    0.000ns
    Discrete Jitter          (DJ):    0.000ns
    Phase Error              (PE):    0.000ns

    Location             Delay type                Incr(ns)  Path(ns)    Netlist Resource(s)
  -------------------------------------------------------------------    -------------------
                         (clock sys_clk_pin rise edge)
                                                      0.000     0.000 r  
    W5                                                0.000     0.000 r  clk (IN)
                         net (fo=0)                   0.000     0.000    clk
    W5                   IBUF (Prop_ibuf_I_O)         1.458     1.458 r  clk_IBUF_inst/O
                         net (fo=1, routed)           1.967     3.425    clk_IBUF
    BUFGCTRL_X0Y0        BUFG (Prop_bufg_I_O)         0.096     3.521 r  clk_IBUF_BUFG_inst/O
                         net (fo=71, routed)          1.557     5.078    clk_IBUF_BUFG
    SLICE_X8Y30          FDRE                                         r  counter_half_sec_reg[7]/C
  -------------------------------------------------------------------    -------------------
    SLICE_X8Y30          FDRE (Prop_fdre_C_Q)         0.518     5.596 r  counter_half_sec_reg[7]/Q
                         net (fo=2, routed)           0.809     6.406    counter_half_sec_reg[7]
    SLICE_X9Y31          LUT5 (Prop_lut5_I1_O)        0.124     6.530 r  LED_Right[9]_i_8/O
                         net (fo=1, routed)           0.634     7.164    LED_Right[9]_i_8_n_0
    SLICE_X9Y32          LUT6 (Prop_lut6_I3_O)        0.124     7.288 r  LED_Right[9]_i_5/O
                         net (fo=3, routed)           0.791     8.079    LED_Right[9]_i_5_n_0
    SLICE_X9Y35          LUT6 (Prop_lut6_I1_O)        0.124     8.203 r  counter_half_sec[0]_i_1/O
                         net (fo=26, routed)          0.677     8.881    counter_half_sec[0]_i_1_n_0
    SLICE_X8Y31          FDRE                                         r  counter_half_sec_reg[10]/R
  -------------------------------------------------------------------    -------------------

                         (clock sys_clk_pin rise edge)
                                                     10.000    10.000 r  
    W5                                                0.000    10.000 r  clk (IN)
                         net (fo=0)                   0.000    10.000    clk
    W5                   IBUF (Prop_ibuf_I_O)         1.388    11.388 r  clk_IBUF_inst/O
                         net (fo=1, routed)           1.862    13.250    clk_IBUF
    BUFGCTRL_X0Y0        BUFG (Prop_bufg_I_O)         0.091    13.341 r  clk_IBUF_BUFG_inst/O
                         net (fo=71, routed)          1.440    14.781    clk_IBUF_BUFG
    SLICE_X8Y31          FDRE                                         r  counter_half_sec_reg[10]/C
                         clock pessimism              0.274    15.055    
                         clock uncertainty           -0.035    15.020    
    SLICE_X8Y31          FDRE (Setup_fdre_C_R)       -0.524    14.496    counter_half_sec_reg[10]
  -------------------------------------------------------------------
                         required time                         14.496    
                         arrival time                          -8.881    
  -------------------------------------------------------------------
                         slack                                  5.615    

Slack (MET) :             5.615ns  (required time - arrival time)
  Source:                 counter_half_sec_reg[7]/C
                            (rising edge-triggered cell FDRE clocked by sys_clk_pin  {rise@0.000ns fall@5.000ns period=10.000ns})
  Destination:            counter_half_sec_reg[11]/R
                            (rising edge-triggered cell FDRE clocked by sys_clk_pin  {rise@0.000ns fall@5.000ns period=10.000ns})
  Path Group:             sys_clk_pin
  Path Type:              Setup (Max at Slow Process Corner)
  Requirement:            10.000ns  (sys_clk_pin rise@10.000ns - sys_clk_pin rise@0.000ns)
  Data Path Delay:        3.802ns  (logic 0.890ns (23.407%)  route 2.912ns (76.593%))
  Logic Levels:           3  (LUT5=1 LUT6=2)
  Clock Path Skew:        -0.023ns (DCD - SCD + CPR)
    Destination Clock Delay (DCD):    4.781ns = ( 14.781 - 10.000 ) 
    Source Clock Delay      (SCD):    5.078ns
    Clock Pessimism Removal (CPR):    0.274ns
  Clock Uncertainty:      0.035ns  ((TSJ^2 + TIJ^2)^1/2 + DJ) / 2 + PE
    Total System Jitter     (TSJ):    0.071ns
    Total Input Jitter      (TIJ):    0.000ns
    Discrete Jitter          (DJ):    0.000ns
    Phase Error              (PE):    0.000ns

    Location             Delay type                Incr(ns)  Path(ns)    Netlist Resource(s)
  -------------------------------------------------------------------    -------------------
                         (clock sys_clk_pin rise edge)
                                                      0.000     0.000 r  
    W5                                                0.000     0.000 r  clk (IN)
                         net (fo=0)                   0.000     0.000    clk
    W5                   IBUF (Prop_ibuf_I_O)         1.458     1.458 r  clk_IBUF_inst/O
                         net (fo=1, routed)           1.967     3.425    clk_IBUF
    BUFGCTRL_X0Y0        BUFG (Prop_bufg_I_O)         0.096     3.521 r  clk_IBUF_BUFG_inst/O
                         net (fo=71, routed)          1.557     5.078    clk_IBUF_BUFG
    SLICE_X8Y30          FDRE                                         r  counter_half_sec_reg[7]/C
  -------------------------------------------------------------------    -------------------
    SLICE_X8Y30          FDRE (Prop_fdre_C_Q)         0.518     5.596 r  counter_half_sec_reg[7]/Q
                         net (fo=2, routed)           0.809     6.406    counter_half_sec_reg[7]
    SLICE_X9Y31          LUT5 (Prop_lut5_I1_O)        0.124     6.530 r  LED_Right[9]_i_8/O
                         net (fo=1, routed)           0.634     7.164    LED_Right[9]_i_8_n_0
    SLICE_X9Y32          LUT6 (Prop_lut6_I3_O)        0.124     7.288 r  LED_Right[9]_i_5/O
                         net (fo=3, routed)           0.791     8.079    LED_Right[9]_i_5_n_0
    SLICE_X9Y35          LUT6 (Prop_lut6_I1_O)        0.124     8.203 r  counter_half_sec[0]_i_1/O
                         net (fo=26, routed)          0.677     8.881    counter_half_sec[0]_i_1_n_0
    SLICE_X8Y31          FDRE                                         r  counter_half_sec_reg[11]/R
  -------------------------------------------------------------------    -------------------

                         (clock sys_clk_pin rise edge)
                                                     10.000    10.000 r  
    W5                                                0.000    10.000 r  clk (IN)
                         net (fo=0)                   0.000    10.000    clk
    W5                   IBUF (Prop_ibuf_I_O)         1.388    11.388 r  clk_IBUF_inst/O
                         net (fo=1, routed)           1.862    13.250    clk_IBUF
    BUFGCTRL_X0Y0        BUFG (Prop_bufg_I_O)         0.091    13.341 r  clk_IBUF_BUFG_inst/O
                         net (fo=71, routed)          1.440    14.781    clk_IBUF_BUFG
    SLICE_X8Y31          FDRE                                         r  counter_half_sec_reg[11]/C
                         clock pessimism              0.274    15.055    
                         clock uncertainty           -0.035    15.020    
    SLICE_X8Y31          FDRE (Setup_fdre_C_R)       -0.524    14.496    counter_half_sec_reg[11]
  -------------------------------------------------------------------
                         required time                         14.496    
                         arrival time                          -8.881    
  -------------------------------------------------------------------
                         slack                                  5.615    





Min Delay Paths
--------------------------------------------------------------------------------------
Slack (MET) :             0.190ns  (arrival time - required time)
  Source:                 LED_Right_reg[6]/C
                            (rising edge-triggered cell FDRE clocked by sys_clk_pin  {rise@0.000ns fall@5.000ns period=10.000ns})
  Destination:            LED_Right_reg[2]/D
                            (rising edge-triggered cell FDRE clocked by sys_clk_pin  {rise@0.000ns fall@5.000ns period=10.000ns})
  Path Group:             sys_clk_pin
  Path Type:              Hold (Min at Fast Process Corner)
  Requirement:            0.000ns  (sys_clk_pin rise@0.000ns - sys_clk_pin rise@0.000ns)
  Data Path Delay:        0.295ns  (logic 0.209ns (70.740%)  route 0.086ns (29.260%))
  Logic Levels:           1  (LUT6=1)
  Clock Path Skew:        0.013ns (DCD - SCD - CPR)
    Destination Clock Delay (DCD):    1.958ns
    Source Clock Delay      (SCD):    1.445ns
    Clock Pessimism Removal (CPR):    0.500ns

    Location             Delay type                Incr(ns)  Path(ns)    Netlist Resource(s)
  -------------------------------------------------------------------    -------------------
                         (clock sys_clk_pin rise edge)
                                                      0.000     0.000 r  
    W5                                                0.000     0.000 r  clk (IN)
                         net (fo=0)                   0.000     0.000    clk
    W5                   IBUF (Prop_ibuf_I_O)         0.226     0.226 r  clk_IBUF_inst/O
                         net (fo=1, routed)           0.631     0.858    clk_IBUF
    BUFGCTRL_X0Y0        BUFG (Prop_bufg_I_O)         0.026     0.884 r  clk_IBUF_BUFG_inst/O
                         net (fo=71, routed)          0.562     1.445    clk_IBUF_BUFG
    SLICE_X8Y36          FDRE                                         r  LED_Right_reg[6]/C
  -------------------------------------------------------------------    -------------------
    SLICE_X8Y36          FDRE (Prop_fdre_C_Q)         0.164     1.609 f  LED_Right_reg[6]/Q
                         net (fo=9, routed)           0.086     1.696    LED_Right_reg_n_0_[6]
    SLICE_X9Y36          LUT6 (Prop_lut6_I2_O)        0.045     1.741 r  LED_Right[2]_i_1/O
                         net (fo=1, routed)           0.000     1.741    LED_Right[2]_i_1_n_0
    SLICE_X9Y36          FDRE                                         r  LED_Right_reg[2]/D
  -------------------------------------------------------------------    -------------------

                         (clock sys_clk_pin rise edge)
                                                      0.000     0.000 r  
    W5                                                0.000     0.000 r  clk (IN)
                         net (fo=0)                   0.000     0.000    clk
    W5                   IBUF (Prop_ibuf_I_O)         0.414     0.414 r  clk_IBUF_inst/O
                         net (fo=1, routed)           0.685     1.099    clk_IBUF
    BUFGCTRL_X0Y0        BUFG (Prop_bufg_I_O)         0.029     1.128 r  clk_IBUF_BUFG_inst/O
                         net (fo=71, routed)          0.831     1.958    clk_IBUF_BUFG
    SLICE_X9Y36          FDRE                                         r  LED_Right_reg[2]/C
                         clock pessimism             -0.500     1.458    
    SLICE_X9Y36          FDRE (Hold_fdre_C_D)         0.092     1.550    LED_Right_reg[2]
  -------------------------------------------------------------------
                         required time                         -1.550    
                         arrival time                           1.741    
  -------------------------------------------------------------------
                         slack                                  0.190    

Slack (MET) :             0.212ns  (arrival time - required time)
  Source:                 LED_Left_reg[0]/C
                            (rising edge-triggered cell FDRE clocked by sys_clk_pin  {rise@0.000ns fall@5.000ns period=10.000ns})
  Destination:            LED_Left_reg[3]/D
                            (rising edge-triggered cell FDRE clocked by sys_clk_pin  {rise@0.000ns fall@5.000ns period=10.000ns})
  Path Group:             sys_clk_pin
  Path Type:              Hold (Min at Fast Process Corner)
  Requirement:            0.000ns  (sys_clk_pin rise@0.000ns - sys_clk_pin rise@0.000ns)
  Data Path Delay:        0.347ns  (logic 0.186ns (53.666%)  route 0.161ns (46.334%))
  Logic Levels:           1  (LUT6=1)
  Clock Path Skew:        0.014ns (DCD - SCD - CPR)
    Destination Clock Delay (DCD):    1.958ns
    Source Clock Delay      (SCD):    1.446ns
    Clock Pessimism Removal (CPR):    0.498ns

    Location             Delay type                Incr(ns)  Path(ns)    Netlist Resource(s)
  -------------------------------------------------------------------    -------------------
                         (clock sys_clk_pin rise edge)
                                                      0.000     0.000 r  
    W5                                                0.000     0.000 r  clk (IN)
                         net (fo=0)                   0.000     0.000    clk
    W5                   IBUF (Prop_ibuf_I_O)         0.226     0.226 r  clk_IBUF_inst/O
                         net (fo=1, routed)           0.631     0.858    clk_IBUF
    BUFGCTRL_X0Y0        BUFG (Prop_bufg_I_O)         0.026     0.884 r  clk_IBUF_BUFG_inst/O
                         net (fo=71, routed)          0.563     1.446    clk_IBUF_BUFG
    SLICE_X13Y37         FDRE                                         r  LED_Left_reg[0]/C
  -------------------------------------------------------------------    -------------------
    SLICE_X13Y37         FDRE (Prop_fdre_C_Q)         0.141     1.587 f  LED_Left_reg[0]/Q
                         net (fo=8, routed)           0.161     1.748    LED_Left_reg_n_0_[0]
    SLICE_X12Y36         LUT6 (Prop_lut6_I1_O)        0.045     1.793 r  LED_Left[3]_i_1/O
                         net (fo=1, routed)           0.000     1.793    LED_Left[3]
    SLICE_X12Y36         FDRE                                         r  LED_Left_reg[3]/D
  -------------------------------------------------------------------    -------------------

                         (clock sys_clk_pin rise edge)
                                                      0.000     0.000 r  
    W5                                                0.000     0.000 r  clk (IN)
                         net (fo=0)                   0.000     0.000    clk
    W5                   IBUF (Prop_ibuf_I_O)         0.414     0.414 r  clk_IBUF_inst/O
                         net (fo=1, routed)           0.685     1.099    clk_IBUF
    BUFGCTRL_X0Y0        BUFG (Prop_bufg_I_O)         0.029     1.128 r  clk_IBUF_BUFG_inst/O
                         net (fo=71, routed)          0.831     1.958    clk_IBUF_BUFG
    SLICE_X12Y36         FDRE                                         r  LED_Left_reg[3]/C
                         clock pessimism             -0.498     1.460    
    SLICE_X12Y36         FDRE (Hold_fdre_C_D)         0.121     1.581    LED_Left_reg[3]
  -------------------------------------------------------------------
                         required time                         -1.581    
                         arrival time                           1.793    
  -------------------------------------------------------------------
                         slack                                  0.212    

Slack (MET) :             0.215ns  (arrival time - required time)
  Source:                 LED_Left_reg[0]/C
                            (rising edge-triggered cell FDRE clocked by sys_clk_pin  {rise@0.000ns fall@5.000ns period=10.000ns})
  Destination:            LED_Left_reg[1]/D
                            (rising edge-triggered cell FDRE clocked by sys_clk_pin  {rise@0.000ns fall@5.000ns period=10.000ns})
  Path Group:             sys_clk_pin
  Path Type:              Hold (Min at Fast Process Corner)
  Requirement:            0.000ns  (sys_clk_pin rise@0.000ns - sys_clk_pin rise@0.000ns)
  Data Path Delay:        0.349ns  (logic 0.186ns (53.358%)  route 0.163ns (46.642%))
  Logic Levels:           1  (LUT6=1)
  Clock Path Skew:        0.014ns (DCD - SCD - CPR)
    Destination Clock Delay (DCD):    1.958ns
    Source Clock Delay      (SCD):    1.446ns
    Clock Pessimism Removal (CPR):    0.498ns

    Location             Delay type                Incr(ns)  Path(ns)    Netlist Resource(s)
  -------------------------------------------------------------------    -------------------
                         (clock sys_clk_pin rise edge)
                                                      0.000     0.000 r  
    W5                                                0.000     0.000 r  clk (IN)
                         net (fo=0)                   0.000     0.000    clk
    W5                   IBUF (Prop_ibuf_I_O)         0.226     0.226 r  clk_IBUF_inst/O
                         net (fo=1, routed)           0.631     0.858    clk_IBUF
    BUFGCTRL_X0Y0        BUFG (Prop_bufg_I_O)         0.026     0.884 r  clk_IBUF_BUFG_inst/O
                         net (fo=71, routed)          0.563     1.446    clk_IBUF_BUFG
    SLICE_X13Y37         FDRE                                         r  LED_Left_reg[0]/C
  -------------------------------------------------------------------    -------------------
    SLICE_X13Y37         FDRE (Prop_fdre_C_Q)         0.141     1.587 r  LED_Left_reg[0]/Q
                         net (fo=8, routed)           0.163     1.750    LED_Left_reg_n_0_[0]
    SLICE_X12Y36         LUT6 (Prop_lut6_I1_O)        0.045     1.795 r  LED_Left[1]_i_1/O
                         net (fo=1, routed)           0.000     1.795    LED_Left[1]
    SLICE_X12Y36         FDRE                                         r  LED_Left_reg[1]/D
  -------------------------------------------------------------------    -------------------

                         (clock sys_clk_pin rise edge)
                                                      0.000     0.000 r  
    W5                                                0.000     0.000 r  clk (IN)
                         net (fo=0)                   0.000     0.000    clk
    W5                   IBUF (Prop_ibuf_I_O)         0.414     0.414 r  clk_IBUF_inst/O
                         net (fo=1, routed)           0.685     1.099    clk_IBUF
    BUFGCTRL_X0Y0        BUFG (Prop_bufg_I_O)         0.029     1.128 r  clk_IBUF_BUFG_inst/O
                         net (fo=71, routed)          0.831     1.958    clk_IBUF_BUFG
    SLICE_X12Y36         FDRE                                         r  LED_Left_reg[1]/C
                         clock pessimism             -0.498     1.460    
    SLICE_X12Y36         FDRE (Hold_fdre_C_D)         0.120     1.580    LED_Left_reg[1]
  -------------------------------------------------------------------
                         required time                         -1.580    
                         arrival time                           1.795    
  -------------------------------------------------------------------
                         slack                                  0.215    

Slack (MET) :             0.219ns  (arrival time - required time)
  Source:                 LED_Left_reg[4]/C
                            (rising edge-triggered cell FDRE clocked by sys_clk_pin  {rise@0.000ns fall@5.000ns period=10.000ns})
  Destination:            LED_Left_reg[5]/D
                            (rising edge-triggered cell FDRE clocked by sys_clk_pin  {rise@0.000ns fall@5.000ns period=10.000ns})
  Path Group:             sys_clk_pin
  Path Type:              Hold (Min at Fast Process Corner)
  Requirement:            0.000ns  (sys_clk_pin rise@0.000ns - sys_clk_pin rise@0.000ns)
  Data Path Delay:        0.354ns  (logic 0.186ns (52.509%)  route 0.168ns (47.491%))
  Logic Levels:           1  (LUT6=1)
  Clock Path Skew:        0.014ns (DCD - SCD - CPR)
    Destination Clock Delay (DCD):    1.958ns
    Source Clock Delay      (SCD):    1.446ns
    Clock Pessimism Removal (CPR):    0.498ns

    Location             Delay type                Incr(ns)  Path(ns)    Netlist Resource(s)
  -------------------------------------------------------------------    -------------------
                         (clock sys_clk_pin rise edge)
                                                      0.000     0.000 r  
    W5                                                0.000     0.000 r  clk (IN)
                         net (fo=0)                   0.000     0.000    clk
    W5                   IBUF (Prop_ibuf_I_O)         0.226     0.226 r  clk_IBUF_inst/O
                         net (fo=1, routed)           0.631     0.858    clk_IBUF
    BUFGCTRL_X0Y0        BUFG (Prop_bufg_I_O)         0.026     0.884 r  clk_IBUF_BUFG_inst/O
                         net (fo=71, routed)          0.563     1.446    clk_IBUF_BUFG
    SLICE_X13Y37         FDRE                                         r  LED_Left_reg[4]/C
  -------------------------------------------------------------------    -------------------
    SLICE_X13Y37         FDRE (Prop_fdre_C_Q)         0.141     1.587 r  LED_Left_reg[4]/Q
                         net (fo=8, routed)           0.168     1.755    LED_Left_reg_n_0_[4]
    SLICE_X12Y36         LUT6 (Prop_lut6_I3_O)        0.045     1.800 r  LED_Left[5]_i_2/O
                         net (fo=1, routed)           0.000     1.800    LED_Left[5]
    SLICE_X12Y36         FDRE                                         r  LED_Left_reg[5]/D
  -------------------------------------------------------------------    -------------------

                         (clock sys_clk_pin rise edge)
                                                      0.000     0.000 r  
    W5                                                0.000     0.000 r  clk (IN)
                         net (fo=0)                   0.000     0.000    clk
    W5                   IBUF (Prop_ibuf_I_O)         0.414     0.414 r  clk_IBUF_inst/O
                         net (fo=1, routed)           0.685     1.099    clk_IBUF
    BUFGCTRL_X0Y0        BUFG (Prop_bufg_I_O)         0.029     1.128 r  clk_IBUF_BUFG_inst/O
                         net (fo=71, routed)          0.831     1.958    clk_IBUF_BUFG
    SLICE_X12Y36         FDRE                                         r  LED_Left_reg[5]/C
                         clock pessimism             -0.498     1.460    
    SLICE_X12Y36         FDRE (Hold_fdre_C_D)         0.121     1.581    LED_Left_reg[5]
  -------------------------------------------------------------------
                         required time                         -1.581    
                         arrival time                           1.800    
  -------------------------------------------------------------------
                         slack                                  0.219    

Slack (MET) :             0.226ns  (arrival time - required time)
  Source:                 LED_Right_reg[3]/C
                            (rising edge-triggered cell FDRE clocked by sys_clk_pin  {rise@0.000ns fall@5.000ns period=10.000ns})
  Destination:            LED_Right_reg[4]/D
                            (rising edge-triggered cell FDRE clocked by sys_clk_pin  {rise@0.000ns fall@5.000ns period=10.000ns})
  Path Group:             sys_clk_pin
  Path Type:              Hold (Min at Fast Process Corner)
  Requirement:            0.000ns  (sys_clk_pin rise@0.000ns - sys_clk_pin rise@0.000ns)
  Data Path Delay:        0.359ns  (logic 0.186ns (51.780%)  route 0.173ns (48.220%))
  Logic Levels:           1  (LUT3=1)
  Clock Path Skew:        0.013ns (DCD - SCD - CPR)
    Destination Clock Delay (DCD):    1.958ns
    Source Clock Delay      (SCD):    1.445ns
    Clock Pessimism Removal (CPR):    0.500ns

    Location             Delay type                Incr(ns)  Path(ns)    Netlist Resource(s)
  -------------------------------------------------------------------    -------------------
                         (clock sys_clk_pin rise edge)
                                                      0.000     0.000 r  
    W5                                                0.000     0.000 r  clk (IN)
                         net (fo=0)                   0.000     0.000    clk
    W5                   IBUF (Prop_ibuf_I_O)         0.226     0.226 r  clk_IBUF_inst/O
                         net (fo=1, routed)           0.631     0.858    clk_IBUF
    BUFGCTRL_X0Y0        BUFG (Prop_bufg_I_O)         0.026     0.884 r  clk_IBUF_BUFG_inst/O
                         net (fo=71, routed)          0.562     1.445    clk_IBUF_BUFG
    SLICE_X9Y36          FDRE                                         r  LED_Right_reg[3]/C
  -------------------------------------------------------------------    -------------------
    SLICE_X9Y36          FDRE (Prop_fdre_C_Q)         0.141     1.586 r  LED_Right_reg[3]/Q
                         net (fo=5, routed)           0.173     1.759    LED_Right_reg_n_0_[3]
    SLICE_X8Y36          LUT3 (Prop_lut3_I0_O)        0.045     1.804 r  LED_Right[4]_i_1/O
                         net (fo=1, routed)           0.000     1.804    LED_Right[4]_i_1_n_0
    SLICE_X8Y36          FDRE                                         r  LED_Right_reg[4]/D
  -------------------------------------------------------------------    -------------------

                         (clock sys_clk_pin rise edge)
                                                      0.000     0.000 r  
    W5                                                0.000     0.000 r  clk (IN)
                         net (fo=0)                   0.000     0.000    clk
    W5                   IBUF (Prop_ibuf_I_O)         0.414     0.414 r  clk_IBUF_inst/O
                         net (fo=1, routed)           0.685     1.099    clk_IBUF
    BUFGCTRL_X0Y0        BUFG (Prop_bufg_I_O)         0.029     1.128 r  clk_IBUF_BUFG_inst/O
                         net (fo=71, routed)          0.831     1.958    clk_IBUF_BUFG
    SLICE_X8Y36          FDRE                                         r  LED_Right_reg[4]/C
                         clock pessimism             -0.500     1.458    
    SLICE_X8Y36          FDRE (Hold_fdre_C_D)         0.120     1.578    LED_Right_reg[4]
  -------------------------------------------------------------------
                         required time                         -1.578    
                         arrival time                           1.804    
  -------------------------------------------------------------------
                         slack                                  0.226    

Slack (MET) :             0.236ns  (arrival time - required time)
  Source:                 FSM_onehot_state_reg[2]/C
                            (rising edge-triggered cell FDRE clocked by sys_clk_pin  {rise@0.000ns fall@5.000ns period=10.000ns})
  Destination:            FSM_onehot_state_reg[0]/D
                            (rising edge-triggered cell FDRE clocked by sys_clk_pin  {rise@0.000ns fall@5.000ns period=10.000ns})
  Path Group:             sys_clk_pin
  Path Type:              Hold (Min at Fast Process Corner)
  Requirement:            0.000ns  (sys_clk_pin rise@0.000ns - sys_clk_pin rise@0.000ns)
  Data Path Delay:        0.328ns  (logic 0.227ns (69.264%)  route 0.101ns (30.736%))
  Logic Levels:           1  (LUT3=1)
  Clock Path Skew:        0.000ns (DCD - SCD - CPR)
    Destination Clock Delay (DCD):    1.958ns
    Source Clock Delay      (SCD):    1.445ns
    Clock Pessimism Removal (CPR):    0.513ns

    Location             Delay type                Incr(ns)  Path(ns)    Netlist Resource(s)
  -------------------------------------------------------------------    -------------------
                         (clock sys_clk_pin rise edge)
                                                      0.000     0.000 r  
    W5                                                0.000     0.000 r  clk (IN)
                         net (fo=0)                   0.000     0.000    clk
    W5                   IBUF (Prop_ibuf_I_O)         0.226     0.226 r  clk_IBUF_inst/O
                         net (fo=1, routed)           0.631     0.858    clk_IBUF
    BUFGCTRL_X0Y0        BUFG (Prop_bufg_I_O)         0.026     0.884 r  clk_IBUF_BUFG_inst/O
                         net (fo=71, routed)          0.562     1.445    clk_IBUF_BUFG
    SLICE_X11Y36         FDRE                                         r  FSM_onehot_state_reg[2]/C
  -------------------------------------------------------------------    -------------------
    SLICE_X11Y36         FDRE (Prop_fdre_C_Q)         0.128     1.573 r  FSM_onehot_state_reg[2]/Q
                         net (fo=19, routed)          0.101     1.674    FSM_onehot_state_reg_n_0_[2]
    SLICE_X11Y36         LUT3 (Prop_lut3_I1_O)        0.099     1.773 r  FSM_onehot_state[0]_i_1/O
                         net (fo=1, routed)           0.000     1.773    FSM_onehot_state[0]_i_1_n_0
    SLICE_X11Y36         FDRE                                         r  FSM_onehot_state_reg[0]/D
  -------------------------------------------------------------------    -------------------

                         (clock sys_clk_pin rise edge)
                                                      0.000     0.000 r  
    W5                                                0.000     0.000 r  clk (IN)
                         net (fo=0)                   0.000     0.000    clk
    W5                   IBUF (Prop_ibuf_I_O)         0.414     0.414 r  clk_IBUF_inst/O
                         net (fo=1, routed)           0.685     1.099    clk_IBUF
    BUFGCTRL_X0Y0        BUFG (Prop_bufg_I_O)         0.029     1.128 r  clk_IBUF_BUFG_inst/O
                         net (fo=71, routed)          0.831     1.958    clk_IBUF_BUFG
    SLICE_X11Y36         FDRE                                         r  FSM_onehot_state_reg[0]/C
                         clock pessimism             -0.513     1.445    
    SLICE_X11Y36         FDRE (Hold_fdre_C_D)         0.092     1.537    FSM_onehot_state_reg[0]
  -------------------------------------------------------------------
                         required time                         -1.537    
                         arrival time                           1.773    
  -------------------------------------------------------------------
                         slack                                  0.236    

Slack (MET) :             0.247ns  (arrival time - required time)
  Source:                 LED_Right_reg[7]/C
                            (rising edge-triggered cell FDRE clocked by sys_clk_pin  {rise@0.000ns fall@5.000ns period=10.000ns})
  Destination:            LED_Right_reg[3]/D
                            (rising edge-triggered cell FDRE clocked by sys_clk_pin  {rise@0.000ns fall@5.000ns period=10.000ns})
  Path Group:             sys_clk_pin
  Path Type:              Hold (Min at Fast Process Corner)
  Requirement:            0.000ns  (sys_clk_pin rise@0.000ns - sys_clk_pin rise@0.000ns)
  Data Path Delay:        0.339ns  (logic 0.227ns (66.991%)  route 0.112ns (33.009%))
  Logic Levels:           1  (LUT6=1)
  Clock Path Skew:        0.000ns (DCD - SCD - CPR)
    Destination Clock Delay (DCD):    1.958ns
    Source Clock Delay      (SCD):    1.445ns
    Clock Pessimism Removal (CPR):    0.513ns

    Location             Delay type                Incr(ns)  Path(ns)    Netlist Resource(s)
  -------------------------------------------------------------------    -------------------
                         (clock sys_clk_pin rise edge)
                                                      0.000     0.000 r  
    W5                                                0.000     0.000 r  clk (IN)
                         net (fo=0)                   0.000     0.000    clk
    W5                   IBUF (Prop_ibuf_I_O)         0.226     0.226 r  clk_IBUF_inst/O
                         net (fo=1, routed)           0.631     0.858    clk_IBUF
    BUFGCTRL_X0Y0        BUFG (Prop_bufg_I_O)         0.026     0.884 r  clk_IBUF_BUFG_inst/O
                         net (fo=71, routed)          0.562     1.445    clk_IBUF_BUFG
    SLICE_X9Y36          FDRE                                         r  LED_Right_reg[7]/C
  -------------------------------------------------------------------    -------------------
    SLICE_X9Y36          FDRE (Prop_fdre_C_Q)         0.128     1.573 f  LED_Right_reg[7]/Q
                         net (fo=9, routed)           0.112     1.685    LED_Right_reg_n_0_[7]
    SLICE_X9Y36          LUT6 (Prop_lut6_I4_O)        0.099     1.784 r  LED_Right[3]_i_1/O
                         net (fo=1, routed)           0.000     1.784    LED_Right[3]_i_1_n_0
    SLICE_X9Y36          FDRE                                         r  LED_Right_reg[3]/D
  -------------------------------------------------------------------    -------------------

                         (clock sys_clk_pin rise edge)
                                                      0.000     0.000 r  
    W5                                                0.000     0.000 r  clk (IN)
                         net (fo=0)                   0.000     0.000    clk
    W5                   IBUF (Prop_ibuf_I_O)         0.414     0.414 r  clk_IBUF_inst/O
                         net (fo=1, routed)           0.685     1.099    clk_IBUF
    BUFGCTRL_X0Y0        BUFG (Prop_bufg_I_O)         0.029     1.128 r  clk_IBUF_BUFG_inst/O
                         net (fo=71, routed)          0.831     1.958    clk_IBUF_BUFG
    SLICE_X9Y36          FDRE                                         r  LED_Right_reg[3]/C
                         clock pessimism             -0.513     1.445    
    SLICE_X9Y36          FDRE (Hold_fdre_C_D)         0.092     1.537    LED_Right_reg[3]
  -------------------------------------------------------------------
                         required time                         -1.537    
                         arrival time                           1.784    
  -------------------------------------------------------------------
                         slack                                  0.247    

Slack (MET) :             0.254ns  (arrival time - required time)
  Source:                 LED_Left_reg[2]/C
                            (rising edge-triggered cell FDRE clocked by sys_clk_pin  {rise@0.000ns fall@5.000ns period=10.000ns})
  Destination:            LED_Left_reg[2]/D
                            (rising edge-triggered cell FDRE clocked by sys_clk_pin  {rise@0.000ns fall@5.000ns period=10.000ns})
  Path Group:             sys_clk_pin
  Path Type:              Hold (Min at Fast Process Corner)
  Requirement:            0.000ns  (sys_clk_pin rise@0.000ns - sys_clk_pin rise@0.000ns)
  Data Path Delay:        0.345ns  (logic 0.186ns (53.972%)  route 0.159ns (46.028%))
  Logic Levels:           1  (LUT6=1)
  Clock Path Skew:        0.000ns (DCD - SCD - CPR)
    Destination Clock Delay (DCD):    1.959ns
    Source Clock Delay      (SCD):    1.446ns
    Clock Pessimism Removal (CPR):    0.513ns

    Location             Delay type                Incr(ns)  Path(ns)    Netlist Resource(s)
  -------------------------------------------------------------------    -------------------
                         (clock sys_clk_pin rise edge)
                                                      0.000     0.000 r  
    W5                                                0.000     0.000 r  clk (IN)
                         net (fo=0)                   0.000     0.000    clk
    W5                   IBUF (Prop_ibuf_I_O)         0.226     0.226 r  clk_IBUF_inst/O
                         net (fo=1, routed)           0.631     0.858    clk_IBUF
    BUFGCTRL_X0Y0        BUFG (Prop_bufg_I_O)         0.026     0.884 r  clk_IBUF_BUFG_inst/O
                         net (fo=71, routed)          0.563     1.446    clk_IBUF_BUFG
    SLICE_X13Y37         FDRE                                         r  LED_Left_reg[2]/C
  -------------------------------------------------------------------    -------------------
    SLICE_X13Y37         FDRE (Prop_fdre_C_Q)         0.141     1.587 f  LED_Left_reg[2]/Q
                         net (fo=8, routed)           0.159     1.746    LED_Left_reg_n_0_[2]
    SLICE_X13Y37         LUT6 (Prop_lut6_I0_O)        0.045     1.791 r  LED_Left[2]_i_1/O
                         net (fo=1, routed)           0.000     1.791    LED_Left[2]
    SLICE_X13Y37         FDRE                                         r  LED_Left_reg[2]/D
  -------------------------------------------------------------------    -------------------

                         (clock sys_clk_pin rise edge)
                                                      0.000     0.000 r  
    W5                                                0.000     0.000 r  clk (IN)
                         net (fo=0)                   0.000     0.000    clk
    W5                   IBUF (Prop_ibuf_I_O)         0.414     0.414 r  clk_IBUF_inst/O
                         net (fo=1, routed)           0.685     1.099    clk_IBUF
    BUFGCTRL_X0Y0        BUFG (Prop_bufg_I_O)         0.029     1.128 r  clk_IBUF_BUFG_inst/O
                         net (fo=71, routed)          0.832     1.959    clk_IBUF_BUFG
    SLICE_X13Y37         FDRE                                         r  LED_Left_reg[2]/C
                         clock pessimism             -0.513     1.446    
    SLICE_X13Y37         FDRE (Hold_fdre_C_D)         0.091     1.537    LED_Left_reg[2]
  -------------------------------------------------------------------
                         required time                         -1.537    
                         arrival time                           1.791    
  -------------------------------------------------------------------
                         slack                                  0.254    

Slack (MET) :             0.254ns  (arrival time - required time)
  Source:                 counterfinal/num_reg[6]/C
                            (rising edge-triggered cell FDRE clocked by sys_clk_pin  {rise@0.000ns fall@5.000ns period=10.000ns})
  Destination:            counterfinal/num_reg[6]/D
                            (rising edge-triggered cell FDRE clocked by sys_clk_pin  {rise@0.000ns fall@5.000ns period=10.000ns})
  Path Group:             sys_clk_pin
  Path Type:              Hold (Min at Fast Process Corner)
  Requirement:            0.000ns  (sys_clk_pin rise@0.000ns - sys_clk_pin rise@0.000ns)
  Data Path Delay:        0.388ns  (logic 0.274ns (70.550%)  route 0.114ns (29.450%))
  Logic Levels:           1  (CARRY4=1)
  Clock Path Skew:        0.000ns (DCD - SCD - CPR)
    Destination Clock Delay (DCD):    1.954ns
    Source Clock Delay      (SCD):    1.442ns
    Clock Pessimism Removal (CPR):    0.512ns

    Location             Delay type                Incr(ns)  Path(ns)    Netlist Resource(s)
  -------------------------------------------------------------------    -------------------
                         (clock sys_clk_pin rise edge)
                                                      0.000     0.000 r  
    W5                                                0.000     0.000 r  clk (IN)
                         net (fo=0)                   0.000     0.000    clk
    W5                   IBUF (Prop_ibuf_I_O)         0.226     0.226 r  clk_IBUF_inst/O
                         net (fo=1, routed)           0.631     0.858    clk_IBUF
    BUFGCTRL_X0Y0        BUFG (Prop_bufg_I_O)         0.026     0.884 r  clk_IBUF_BUFG_inst/O
                         net (fo=71, routed)          0.559     1.442    counterfinal/CLK
    SLICE_X10Y31         FDRE                                         r  counterfinal/num_reg[6]/C
  -------------------------------------------------------------------    -------------------
    SLICE_X10Y31         FDRE (Prop_fdre_C_Q)         0.164     1.606 r  counterfinal/num_reg[6]/Q
                         net (fo=1, routed)           0.114     1.721    counterfinal/num_reg_n_0_[6]
    SLICE_X10Y31         CARRY4 (Prop_carry4_S[2]_O[2])
                                                      0.110     1.831 r  counterfinal/num_reg[4]_i_1/O[2]
                         net (fo=1, routed)           0.000     1.831    counterfinal/num_reg[4]_i_1_n_5
    SLICE_X10Y31         FDRE                                         r  counterfinal/num_reg[6]/D
  -------------------------------------------------------------------    -------------------

                         (clock sys_clk_pin rise edge)
                                                      0.000     0.000 r  
    W5                                                0.000     0.000 r  clk (IN)
                         net (fo=0)                   0.000     0.000    clk
    W5                   IBUF (Prop_ibuf_I_O)         0.414     0.414 r  clk_IBUF_inst/O
                         net (fo=1, routed)           0.685     1.099    clk_IBUF
    BUFGCTRL_X0Y0        BUFG (Prop_bufg_I_O)         0.029     1.128 r  clk_IBUF_BUFG_inst/O
                         net (fo=71, routed)          0.827     1.954    counterfinal/CLK
    SLICE_X10Y31         FDRE                                         r  counterfinal/num_reg[6]/C
                         clock pessimism             -0.512     1.442    
    SLICE_X10Y31         FDRE (Hold_fdre_C_D)         0.134     1.576    counterfinal/num_reg[6]
  -------------------------------------------------------------------
                         required time                         -1.576    
                         arrival time                           1.831    
  -------------------------------------------------------------------
                         slack                                  0.254    

Slack (MET) :             0.254ns  (arrival time - required time)
  Source:                 counterfinal/num_reg[10]/C
                            (rising edge-triggered cell FDRE clocked by sys_clk_pin  {rise@0.000ns fall@5.000ns period=10.000ns})
  Destination:            counterfinal/num_reg[10]/D
                            (rising edge-triggered cell FDRE clocked by sys_clk_pin  {rise@0.000ns fall@5.000ns period=10.000ns})
  Path Group:             sys_clk_pin
  Path Type:              Hold (Min at Fast Process Corner)
  Requirement:            0.000ns  (sys_clk_pin rise@0.000ns - sys_clk_pin rise@0.000ns)
  Data Path Delay:        0.388ns  (logic 0.274ns (70.550%)  route 0.114ns (29.450%))
  Logic Levels:           1  (CARRY4=1)
  Clock Path Skew:        0.000ns (DCD - SCD - CPR)
    Destination Clock Delay (DCD):    1.955ns
    Source Clock Delay      (SCD):    1.443ns
    Clock Pessimism Removal (CPR):    0.512ns

    Location             Delay type                Incr(ns)  Path(ns)    Netlist Resource(s)
  -------------------------------------------------------------------    -------------------
                         (clock sys_clk_pin rise edge)
                                                      0.000     0.000 r  
    W5                                                0.000     0.000 r  clk (IN)
                         net (fo=0)                   0.000     0.000    clk
    W5                   IBUF (Prop_ibuf_I_O)         0.226     0.226 r  clk_IBUF_inst/O
                         net (fo=1, routed)           0.631     0.858    clk_IBUF
    BUFGCTRL_X0Y0        BUFG (Prop_bufg_I_O)         0.026     0.884 r  clk_IBUF_BUFG_inst/O
                         net (fo=71, routed)          0.560     1.443    counterfinal/CLK
    SLICE_X10Y32         FDRE                                         r  counterfinal/num_reg[10]/C
  -------------------------------------------------------------------    -------------------
    SLICE_X10Y32         FDRE (Prop_fdre_C_Q)         0.164     1.607 r  counterfinal/num_reg[10]/Q
                         net (fo=1, routed)           0.114     1.722    counterfinal/num_reg_n_0_[10]
    SLICE_X10Y32         CARRY4 (Prop_carry4_S[2]_O[2])
                                                      0.110     1.832 r  counterfinal/num_reg[8]_i_1/O[2]
                         net (fo=1, routed)           0.000     1.832    counterfinal/num_reg[8]_i_1_n_5
    SLICE_X10Y32         FDRE                                         r  counterfinal/num_reg[10]/D
  -------------------------------------------------------------------    -------------------

                         (clock sys_clk_pin rise edge)
                                                      0.000     0.000 r  
    W5                                                0.000     0.000 r  clk (IN)
                         net (fo=0)                   0.000     0.000    clk
    W5                   IBUF (Prop_ibuf_I_O)         0.414     0.414 r  clk_IBUF_inst/O
                         net (fo=1, routed)           0.685     1.099    clk_IBUF
    BUFGCTRL_X0Y0        BUFG (Prop_bufg_I_O)         0.029     1.128 r  clk_IBUF_BUFG_inst/O
                         net (fo=71, routed)          0.828     1.955    counterfinal/CLK
    SLICE_X10Y32         FDRE                                         r  counterfinal/num_reg[10]/C
                         clock pessimism             -0.512     1.443    
    SLICE_X10Y32         FDRE (Hold_fdre_C_D)         0.134     1.577    counterfinal/num_reg[10]
  -------------------------------------------------------------------
                         required time                         -1.577    
                         arrival time                           1.832    
  -------------------------------------------------------------------
                         slack                                  0.254    





Pulse Width Checks
--------------------------------------------------------------------------------------
Clock Name:         sys_clk_pin
Waveform(ns):       { 0.000 5.000 }
Period(ns):         10.000
Sources:            { clk }

Check Type        Corner  Lib Pin  Reference Pin  Required(ns)  Actual(ns)  Slack(ns)  Location       Pin
Min Period        n/a     BUFG/I   n/a            2.155         10.000      7.845      BUFGCTRL_X0Y0  clk_IBUF_BUFG_inst/I
Min Period        n/a     FDRE/C   n/a            1.000         10.000      9.000      SLICE_X11Y36   FSM_onehot_state_reg[0]/C
Min Period        n/a     FDRE/C   n/a            1.000         10.000      9.000      SLICE_X11Y36   FSM_onehot_state_reg[1]/C
Min Period        n/a     FDRE/C   n/a            1.000         10.000      9.000      SLICE_X11Y36   FSM_onehot_state_reg[2]/C
Min Period        n/a     FDRE/C   n/a            1.000         10.000      9.000      SLICE_X13Y37   LED_Left_reg[0]/C
Min Period        n/a     FDRE/C   n/a            1.000         10.000      9.000      SLICE_X12Y36   LED_Left_reg[1]/C
Min Period        n/a     FDRE/C   n/a            1.000         10.000      9.000      SLICE_X13Y37   LED_Left_reg[2]/C
Min Period        n/a     FDRE/C   n/a            1.000         10.000      9.000      SLICE_X12Y36   LED_Left_reg[3]/C
Min Period        n/a     FDRE/C   n/a            1.000         10.000      9.000      SLICE_X13Y37   LED_Left_reg[4]/C
Min Period        n/a     FDRE/C   n/a            1.000         10.000      9.000      SLICE_X12Y36   LED_Left_reg[5]/C
Low Pulse Width   Slow    FDRE/C   n/a            0.500         5.000       4.500      SLICE_X11Y36   FSM_onehot_state_reg[0]/C
Low Pulse Width   Slow    FDRE/C   n/a            0.500         5.000       4.500      SLICE_X11Y36   FSM_onehot_state_reg[1]/C
Low Pulse Width   Slow    FDRE/C   n/a            0.500         5.000       4.500      SLICE_X11Y36   FSM_onehot_state_reg[2]/C
Low Pulse Width   Slow    FDRE/C   n/a            0.500         5.000       4.500      SLICE_X13Y37   LED_Left_reg[0]/C
Low Pulse Width   Slow    FDRE/C   n/a            0.500         5.000       4.500      SLICE_X12Y36   LED_Left_reg[1]/C
Low Pulse Width   Slow    FDRE/C   n/a            0.500         5.000       4.500      SLICE_X13Y37   LED_Left_reg[2]/C
Low Pulse Width   Slow    FDRE/C   n/a            0.500         5.000       4.500      SLICE_X12Y36   LED_Left_reg[3]/C
Low Pulse Width   Slow    FDRE/C   n/a            0.500         5.000       4.500      SLICE_X13Y37   LED_Left_reg[4]/C
Low Pulse Width   Slow    FDRE/C   n/a            0.500         5.000       4.500      SLICE_X12Y36   LED_Left_reg[5]/C
Low Pulse Width   Slow    FDRE/C   n/a            0.500         5.000       4.500      SLICE_X9Y36    LED_Right_reg[1]/C
High Pulse Width  Slow    FDRE/C   n/a            0.500         5.000       4.500      SLICE_X8Y29    counter_half_sec_reg[0]/C
High Pulse Width  Slow    FDRE/C   n/a            0.500         5.000       4.500      SLICE_X8Y31    counter_half_sec_reg[10]/C
High Pulse Width  Slow    FDRE/C   n/a            0.500         5.000       4.500      SLICE_X8Y31    counter_half_sec_reg[11]/C
High Pulse Width  Fast    FDRE/C   n/a            0.500         5.000       4.500      SLICE_X8Y33    counter_half_sec_reg[16]/C
High Pulse Width  Fast    FDRE/C   n/a            0.500         5.000       4.500      SLICE_X8Y33    counter_half_sec_reg[17]/C
High Pulse Width  Fast    FDRE/C   n/a            0.500         5.000       4.500      SLICE_X8Y33    counter_half_sec_reg[18]/C
High Pulse Width  Fast    FDRE/C   n/a            0.500         5.000       4.500      SLICE_X8Y33    counter_half_sec_reg[19]/C
High Pulse Width  Slow    FDRE/C   n/a            0.500         5.000       4.500      SLICE_X8Y29    counter_half_sec_reg[1]/C
High Pulse Width  Slow    FDRE/C   n/a            0.500         5.000       4.500      SLICE_X8Y29    counter_half_sec_reg[2]/C
High Pulse Width  Slow    FDRE/C   n/a            0.500         5.000       4.500      SLICE_X8Y29    counter_half_sec_reg[3]/C



