
*** Running vivado
    with args -log lab3_basic.vdi -applog -m64 -product Vivado -messageDb vivado.pb -mode batch -source lab3_basic.tcl -notrace


****** Vivado v2019.2 (64-bit)
  **** SW Build 2708876 on Wed Nov  6 21:40:23 MST 2019
  **** IP Build 2700528 on Thu Nov  7 00:09:20 MST 2019
    ** Copyright 1986-2019 Xilinx, Inc. All Rights Reserved.

source lab3_basic.tcl -notrace
Command: link_design -top lab3_basic -part xc7a35tcpg236-1
Design is defaulting to srcset: sources_1
Design is defaulting to constrset: constrs_1
INFO: [Device 21-403] Loading part xc7a35tcpg236-1
Netlist sorting complete. Time (s): cpu = 00:00:00 ; elapsed = 00:00:00.001 . Memory (MB): peak = 537.035 ; gain = 0.000
INFO: [Netlist 29-17] Analyzing 14 Unisim elements for replacement
INFO: [Netlist 29-28] Unisim Transformation completed in 0 CPU seconds
INFO: [Project 1-479] Netlist was created with Vivado 2019.2
INFO: [Project 1-570] Preparing netlist for logic optimization
Parsing XDC File [C:/Users/jiang/OneDrive/LabFile/Lab3/Lab/lab3_lab.xdc]
Finished Parsing XDC File [C:/Users/jiang/OneDrive/LabFile/Lab3/Lab/lab3_lab.xdc]
INFO: [Opt 31-138] Pushed 0 inverter(s) to 0 load pin(s).
Netlist sorting complete. Time (s): cpu = 00:00:00 ; elapsed = 00:00:00 . Memory (MB): peak = 656.277 ; gain = 0.000
INFO: [Project 1-111] Unisim Transformation Summary:
No Unisim elements were transformed.

7 Infos, 0 Warnings, 0 Critical Warnings and 0 Errors encountered.
link_design completed successfully
link_design: Time (s): cpu = 00:00:05 ; elapsed = 00:00:06 . Memory (MB): peak = 660.332 ; gain = 361.891
Command: opt_design
Attempting to get a license for feature 'Implementation' and/or device 'xc7a35t'
INFO: [Common 17-349] Got license for feature 'Implementation' and/or device 'xc7a35t'
Running DRC as a precondition to command opt_design

Starting DRC Task
INFO: [DRC 23-27] Running DRC with 2 threads
INFO: [Project 1-461] DRC finished with 0 Errors
INFO: [Project 1-462] Please refer to the DRC report (report_drc) for more information.

Time (s): cpu = 00:00:01 ; elapsed = 00:00:00.572 . Memory (MB): peak = 679.270 ; gain = 18.938

Starting Cache Timing Information Task
INFO: [Timing 38-35] Done setting XDC timing constraints.
Ending Cache Timing Information Task | Checksum: 954a4043

Time (s): cpu = 00:00:09 ; elapsed = 00:00:09 . Memory (MB): peak = 1224.387 ; gain = 545.117

Starting Logic Optimization Task

Phase 1 Retarget
INFO: [Opt 31-138] Pushed 0 inverter(s) to 0 load pin(s).
INFO: [Opt 31-49] Retargeted 0 cell(s).
Phase 1 Retarget | Checksum: 954a4043

Time (s): cpu = 00:00:00 ; elapsed = 00:00:00.019 . Memory (MB): peak = 1418.523 ; gain = 0.000
INFO: [Opt 31-389] Phase Retarget created 0 cells and removed 0 cells

Phase 2 Constant propagation
INFO: [Opt 31-138] Pushed 0 inverter(s) to 0 load pin(s).
Phase 2 Constant propagation | Checksum: 954a4043

Time (s): cpu = 00:00:00 ; elapsed = 00:00:00.021 . Memory (MB): peak = 1418.523 ; gain = 0.000
INFO: [Opt 31-389] Phase Constant propagation created 0 cells and removed 0 cells

Phase 3 Sweep
Phase 3 Sweep | Checksum: 14b61e150

Time (s): cpu = 00:00:00 ; elapsed = 00:00:00.026 . Memory (MB): peak = 1418.523 ; gain = 0.000
INFO: [Opt 31-389] Phase Sweep created 0 cells and removed 0 cells

Phase 4 BUFG optimization
INFO: [Opt 31-1112] Starts optimizing BUFG(s) with a common MMCM/DPLL/XPLL driver.
INFO: [Opt 31-1112] Starts optimizing BUFG(s) with a common driver.
INFO: [Opt 31-1092] Phase BUFG optimization transformed 0 BUFG(s) to MBUFG(s).
Phase 4 BUFG optimization | Checksum: 14b61e150

Time (s): cpu = 00:00:00 ; elapsed = 00:00:00.032 . Memory (MB): peak = 1418.523 ; gain = 0.000
INFO: [Opt 31-662] Phase BUFG optimization created 0 cells of which 0 are BUFGs and removed 0 cells.

Phase 5 Shift Register Optimization
INFO: [Opt 31-1064] SRL Remap converted 0 SRLs to 0 registers and converted 0 registers of register chains to 0 SRLs
Phase 5 Shift Register Optimization | Checksum: 14b61e150

Time (s): cpu = 00:00:00 ; elapsed = 00:00:00.035 . Memory (MB): peak = 1418.523 ; gain = 0.000
INFO: [Opt 31-389] Phase Shift Register Optimization created 0 cells and removed 0 cells

Phase 6 Post Processing Netlist
Phase 6 Post Processing Netlist | Checksum: 14b61e150

Time (s): cpu = 00:00:00 ; elapsed = 00:00:00.036 . Memory (MB): peak = 1418.523 ; gain = 0.000
INFO: [Opt 31-389] Phase Post Processing Netlist created 0 cells and removed 0 cells
Opt_design Change Summary
=========================


-------------------------------------------------------------------------------------------------------------------------
|  Phase                        |  #Cells created  |  #Cells Removed  |  #Constrained objects preventing optimizations  |
-------------------------------------------------------------------------------------------------------------------------
|  Retarget                     |               0  |               0  |                                              0  |
|  Constant propagation         |               0  |               0  |                                              0  |
|  Sweep                        |               0  |               0  |                                              0  |
|  BUFG optimization            |               0  |               0  |                                              0  |
|  Shift Register Optimization  |               0  |               0  |                                              0  |
|  Post Processing Netlist      |               0  |               0  |                                              0  |
-------------------------------------------------------------------------------------------------------------------------



Starting Connectivity Check Task

Time (s): cpu = 00:00:00 ; elapsed = 00:00:00.001 . Memory (MB): peak = 1418.523 ; gain = 0.000
Ending Logic Optimization Task | Checksum: 1f508eee8

Time (s): cpu = 00:00:00 ; elapsed = 00:00:00.046 . Memory (MB): peak = 1418.523 ; gain = 0.000

Starting Power Optimization Task
INFO: [Pwropt 34-132] Skipping clock gating for clocks with a period < 2.00 ns.
Ending Power Optimization Task | Checksum: 1f508eee8

Time (s): cpu = 00:00:00 ; elapsed = 00:00:00.008 . Memory (MB): peak = 1418.523 ; gain = 0.000

Starting Final Cleanup Task
Ending Final Cleanup Task | Checksum: 1f508eee8

Time (s): cpu = 00:00:00 ; elapsed = 00:00:00 . Memory (MB): peak = 1418.523 ; gain = 0.000

Starting Netlist Obfuscation Task
Netlist sorting complete. Time (s): cpu = 00:00:00 ; elapsed = 00:00:00 . Memory (MB): peak = 1418.523 ; gain = 0.000
Ending Netlist Obfuscation Task | Checksum: 1f508eee8

Time (s): cpu = 00:00:00 ; elapsed = 00:00:00 . Memory (MB): peak = 1418.523 ; gain = 0.000
INFO: [Common 17-83] Releasing license: Implementation
27 Infos, 0 Warnings, 0 Critical Warnings and 0 Errors encountered.
opt_design completed successfully
opt_design: Time (s): cpu = 00:00:12 ; elapsed = 00:00:12 . Memory (MB): peak = 1418.523 ; gain = 758.191
Netlist sorting complete. Time (s): cpu = 00:00:00 ; elapsed = 00:00:00 . Memory (MB): peak = 1418.523 ; gain = 0.000
INFO: [Timing 38-480] Writing timing data to binary archive.
Writing placer database...
Writing XDEF routing.
Writing XDEF routing logical nets.
Writing XDEF routing special nets.
Write XDEF Complete: Time (s): cpu = 00:00:00 ; elapsed = 00:00:00.046 . Memory (MB): peak = 1418.523 ; gain = 0.000
INFO: [Common 17-1381] The checkpoint 'C:/Users/jiang/OneDrive/Vivado/Lab3/Lab3/Lab3.runs/impl_1/lab3_basic_opt.dcp' has been generated.
INFO: [runtcl-4] Executing : report_drc -file lab3_basic_drc_opted.rpt -pb lab3_basic_drc_opted.pb -rpx lab3_basic_drc_opted.rpx
Command: report_drc -file lab3_basic_drc_opted.rpt -pb lab3_basic_drc_opted.pb -rpx lab3_basic_drc_opted.rpx
INFO: [IP_Flow 19-234] Refreshing IP repositories
INFO: [IP_Flow 19-1704] No user IP repositories specified
INFO: [IP_Flow 19-2313] Loaded Vivado IP repository 'C:/Xilinx/Vivado/2019.2/data/ip'.
INFO: [DRC 23-27] Running DRC with 2 threads
INFO: [Coretcl 2-168] The results of DRC are in file C:/Users/jiang/OneDrive/Vivado/Lab3/Lab3/Lab3.runs/impl_1/lab3_basic_drc_opted.rpt.
report_drc completed successfully
Command: place_design
Attempting to get a license for feature 'Implementation' and/or device 'xc7a35t'
INFO: [Common 17-349] Got license for feature 'Implementation' and/or device 'xc7a35t'
INFO: [DRC 23-27] Running DRC with 2 threads
INFO: [Vivado_Tcl 4-198] DRC finished with 0 Errors
INFO: [Vivado_Tcl 4-199] Please refer to the DRC report (report_drc) for more information.
Running DRC as a precondition to command place_design
INFO: [DRC 23-27] Running DRC with 2 threads
INFO: [Vivado_Tcl 4-198] DRC finished with 0 Errors
INFO: [Vivado_Tcl 4-199] Please refer to the DRC report (report_drc) for more information.

Starting Placer Task
INFO: [Place 30-611] Multithreading enabled for place_design using a maximum of 2 CPUs

Phase 1 Placer Initialization

Phase 1.1 Placer Initialization Netlist Sorting
Netlist sorting complete. Time (s): cpu = 00:00:00 ; elapsed = 00:00:00 . Memory (MB): peak = 1418.523 ; gain = 0.000
Phase 1.1 Placer Initialization Netlist Sorting | Checksum: 11bd1300a

Time (s): cpu = 00:00:00 ; elapsed = 00:00:00.005 . Memory (MB): peak = 1418.523 ; gain = 0.000
Netlist sorting complete. Time (s): cpu = 00:00:00 ; elapsed = 00:00:00 . Memory (MB): peak = 1418.523 ; gain = 0.000

Phase 1.2 IO Placement/ Clock Placement/ Build Placer Device
INFO: [Timing 38-35] Done setting XDC timing constraints.
Phase 1.2 IO Placement/ Clock Placement/ Build Placer Device | Checksum: 5e25e60e

Time (s): cpu = 00:00:01 ; elapsed = 00:00:00.560 . Memory (MB): peak = 1418.523 ; gain = 0.000

Phase 1.3 Build Placer Netlist Model
Phase 1.3 Build Placer Netlist Model | Checksum: 103fd656a

Time (s): cpu = 00:00:01 ; elapsed = 00:00:00.652 . Memory (MB): peak = 1418.523 ; gain = 0.000

Phase 1.4 Constrain Clocks/Macros
Phase 1.4 Constrain Clocks/Macros | Checksum: 103fd656a

Time (s): cpu = 00:00:01 ; elapsed = 00:00:00.655 . Memory (MB): peak = 1418.523 ; gain = 0.000
Phase 1 Placer Initialization | Checksum: 103fd656a

Time (s): cpu = 00:00:01 ; elapsed = 00:00:00.657 . Memory (MB): peak = 1418.523 ; gain = 0.000

Phase 2 Global Placement

Phase 2.1 Floorplanning
Phase 2.1 Floorplanning | Checksum: fc174ec6

Time (s): cpu = 00:00:01 ; elapsed = 00:00:00.739 . Memory (MB): peak = 1418.523 ; gain = 0.000

Phase 2.2 Global Placement Core

Phase 2.2.1 Physical Synthesis In Placer
INFO: [Physopt 32-775] End 1 Pass. Optimized 0 net or cell. Created 0 new cell, deleted 0 existing cell and moved 0 existing cell
INFO: [Physopt 32-65] No nets found for high-fanout optimization.
INFO: [Physopt 32-232] Optimized 0 net. Created 0 new instance.
INFO: [Physopt 32-775] End 1 Pass. Optimized 0 net or cell. Created 0 new cell, deleted 0 existing cell and moved 0 existing cell
INFO: [Physopt 32-670] No setup violation found.  DSP Register Optimization was not performed.
INFO: [Physopt 32-670] No setup violation found.  Shift Register to Pipeline Optimization was not performed.
INFO: [Physopt 32-670] No setup violation found.  Shift Register Optimization was not performed.
INFO: [Physopt 32-670] No setup violation found.  BRAM Register Optimization was not performed.
INFO: [Physopt 32-949] No candidate nets found for HD net replication
INFO: [Physopt 32-775] End 1 Pass. Optimized 0 net or cell. Created 0 new cell, deleted 0 existing cell and moved 0 existing cell
Netlist sorting complete. Time (s): cpu = 00:00:00 ; elapsed = 00:00:00 . Memory (MB): peak = 1418.523 ; gain = 0.000

Summary of Physical Synthesis Optimizations
============================================


-----------------------------------------------------------------------------------------------------------------------------------------------------------
|  Optimization                                     |  Added Cells  |  Removed Cells  |  Optimized Cells/Nets  |  Dont Touch  |  Iterations  |  Elapsed   |
-----------------------------------------------------------------------------------------------------------------------------------------------------------
|  LUT Combining                                    |            0  |              0  |                     0  |           0  |           1  |  00:00:00  |
|  Very High Fanout                                 |            0  |              0  |                     0  |           0  |           1  |  00:00:00  |
|  DSP Register                                     |            0  |              0  |                     0  |           0  |           0  |  00:00:00  |
|  Shift Register to Pipeline                       |            0  |              0  |                     0  |           0  |           0  |  00:00:00  |
|  Shift Register                                   |            0  |              0  |                     0  |           0  |           0  |  00:00:00  |
|  BRAM Register                                    |            0  |              0  |                     0  |           0  |           0  |  00:00:00  |
|  Dynamic/Static Region Interface Net Replication  |            0  |              0  |                     0  |           0  |           1  |  00:00:00  |
|  Total                                            |            0  |              0  |                     0  |           0  |           3  |  00:00:00  |
-----------------------------------------------------------------------------------------------------------------------------------------------------------


Phase 2.2.1 Physical Synthesis In Placer | Checksum: d251db4a

Time (s): cpu = 00:00:01 ; elapsed = 00:00:01 . Memory (MB): peak = 1418.523 ; gain = 0.000
Phase 2.2 Global Placement Core | Checksum: 1493f368d

Time (s): cpu = 00:00:02 ; elapsed = 00:00:01 . Memory (MB): peak = 1418.523 ; gain = 0.000
Phase 2 Global Placement | Checksum: 1493f368d

Time (s): cpu = 00:00:02 ; elapsed = 00:00:01 . Memory (MB): peak = 1418.523 ; gain = 0.000

Phase 3 Detail Placement

Phase 3.1 Commit Multi Column Macros
Phase 3.1 Commit Multi Column Macros | Checksum: 8f809846

Time (s): cpu = 00:00:02 ; elapsed = 00:00:01 . Memory (MB): peak = 1418.523 ; gain = 0.000

Phase 3.2 Commit Most Macros & LUTRAMs
Phase 3.2 Commit Most Macros & LUTRAMs | Checksum: e331b124

Time (s): cpu = 00:00:02 ; elapsed = 00:00:01 . Memory (MB): peak = 1418.523 ; gain = 0.000

Phase 3.3 Area Swap Optimization
Phase 3.3 Area Swap Optimization | Checksum: 55d832ba

Time (s): cpu = 00:00:02 ; elapsed = 00:00:01 . Memory (MB): peak = 1418.523 ; gain = 0.000

Phase 3.4 Pipeline Register Optimization
Phase 3.4 Pipeline Register Optimization | Checksum: 55d832ba

Time (s): cpu = 00:00:02 ; elapsed = 00:00:01 . Memory (MB): peak = 1418.523 ; gain = 0.000

Phase 3.5 Small Shape Detail Placement
Phase 3.5 Small Shape Detail Placement | Checksum: 10d2b78d7

Time (s): cpu = 00:00:02 ; elapsed = 00:00:01 . Memory (MB): peak = 1418.523 ; gain = 0.000

Phase 3.6 Re-assign LUT pins
Phase 3.6 Re-assign LUT pins | Checksum: 17f4a6407

Time (s): cpu = 00:00:02 ; elapsed = 00:00:01 . Memory (MB): peak = 1418.523 ; gain = 0.000

Phase 3.7 Pipeline Register Optimization
Phase 3.7 Pipeline Register Optimization | Checksum: 17f4a6407

Time (s): cpu = 00:00:02 ; elapsed = 00:00:01 . Memory (MB): peak = 1418.523 ; gain = 0.000
Phase 3 Detail Placement | Checksum: 17f4a6407

Time (s): cpu = 00:00:02 ; elapsed = 00:00:01 . Memory (MB): peak = 1418.523 ; gain = 0.000

Phase 4 Post Placement Optimization and Clean-Up

Phase 4.1 Post Commit Optimization
INFO: [Timing 38-35] Done setting XDC timing constraints.

Phase 4.1.1 Post Placement Optimization
Post Placement Optimization Initialization | Checksum: 2861b40d8

Phase 4.1.1.1 BUFG Insertion
INFO: [Place 46-56] BUFG insertion identified 0 candidate nets. Inserted BUFG: 0, Replicated BUFG Driver: 0, Skipped due to Placement/Routing Conflicts: 0, Skipped due to Timing Degradation: 0, Skipped due to Illegal Netlist: 0.
Phase 4.1.1.1 BUFG Insertion | Checksum: 2861b40d8

Time (s): cpu = 00:00:02 ; elapsed = 00:00:02 . Memory (MB): peak = 1420.273 ; gain = 1.750
INFO: [Place 30-746] Post Placement Timing Summary WNS=5.589. For the most accurate timing information please run report_timing.
Phase 4.1.1 Post Placement Optimization | Checksum: 2d414df3c

Time (s): cpu = 00:00:02 ; elapsed = 00:00:02 . Memory (MB): peak = 1420.273 ; gain = 1.750
Phase 4.1 Post Commit Optimization | Checksum: 2d414df3c

Time (s): cpu = 00:00:02 ; elapsed = 00:00:02 . Memory (MB): peak = 1420.273 ; gain = 1.750

Phase 4.2 Post Placement Cleanup
Phase 4.2 Post Placement Cleanup | Checksum: 2d414df3c

Time (s): cpu = 00:00:02 ; elapsed = 00:00:02 . Memory (MB): peak = 1420.273 ; gain = 1.750

Phase 4.3 Placer Reporting
Phase 4.3 Placer Reporting | Checksum: 2d414df3c

Time (s): cpu = 00:00:02 ; elapsed = 00:00:02 . Memory (MB): peak = 1420.273 ; gain = 1.750

Phase 4.4 Final Placement Cleanup
Netlist sorting complete. Time (s): cpu = 00:00:00 ; elapsed = 00:00:00 . Memory (MB): peak = 1420.273 ; gain = 0.000
Phase 4.4 Final Placement Cleanup | Checksum: 223f34c9d

Time (s): cpu = 00:00:02 ; elapsed = 00:00:02 . Memory (MB): peak = 1420.273 ; gain = 1.750
Phase 4 Post Placement Optimization and Clean-Up | Checksum: 223f34c9d

Time (s): cpu = 00:00:02 ; elapsed = 00:00:02 . Memory (MB): peak = 1420.273 ; gain = 1.750
Ending Placer Task | Checksum: 124ae95ba

Time (s): cpu = 00:00:02 ; elapsed = 00:00:02 . Memory (MB): peak = 1420.273 ; gain = 1.750
INFO: [Common 17-83] Releasing license: Implementation
58 Infos, 0 Warnings, 0 Critical Warnings and 0 Errors encountered.
place_design completed successfully
Netlist sorting complete. Time (s): cpu = 00:00:00 ; elapsed = 00:00:00 . Memory (MB): peak = 1420.273 ; gain = 0.000
INFO: [Timing 38-480] Writing timing data to binary archive.
Writing placer database...
Writing XDEF routing.
Writing XDEF routing logical nets.
Writing XDEF routing special nets.
Write XDEF Complete: Time (s): cpu = 00:00:00 ; elapsed = 00:00:00.067 . Memory (MB): peak = 1420.340 ; gain = 0.066
INFO: [Common 17-1381] The checkpoint 'C:/Users/jiang/OneDrive/Vivado/Lab3/Lab3/Lab3.runs/impl_1/lab3_basic_placed.dcp' has been generated.
INFO: [runtcl-4] Executing : report_io -file lab3_basic_io_placed.rpt
report_io: Time (s): cpu = 00:00:00 ; elapsed = 00:00:00.035 . Memory (MB): peak = 1420.340 ; gain = 0.000
INFO: [runtcl-4] Executing : report_utilization -file lab3_basic_utilization_placed.rpt -pb lab3_basic_utilization_placed.pb
INFO: [runtcl-4] Executing : report_control_sets -verbose -file lab3_basic_control_sets_placed.rpt
report_control_sets: Time (s): cpu = 00:00:00 ; elapsed = 00:00:00.002 . Memory (MB): peak = 1420.340 ; gain = 0.000
Command: phys_opt_design
Attempting to get a license for feature 'Implementation' and/or device 'xc7a35t'
INFO: [Common 17-349] Got license for feature 'Implementation' and/or device 'xc7a35t'
INFO: [Vivado_Tcl 4-383] Design worst setup slack (WNS) is greater than or equal to 0.250 ns. Skipping all physical synthesis optimizations.
INFO: [Vivado_Tcl 4-232] No setup violation found. The netlist was not modified.
INFO: [Common 17-83] Releasing license: Implementation
67 Infos, 0 Warnings, 0 Critical Warnings and 0 Errors encountered.
phys_opt_design completed successfully
Netlist sorting complete. Time (s): cpu = 00:00:00 ; elapsed = 00:00:00 . Memory (MB): peak = 1434.770 ; gain = 0.000
INFO: [Timing 38-480] Writing timing data to binary archive.
Writing placer database...
Writing XDEF routing.
Writing XDEF routing logical nets.
Writing XDEF routing special nets.
Write XDEF Complete: Time (s): cpu = 00:00:00 ; elapsed = 00:00:00.068 . Memory (MB): peak = 1452.660 ; gain = 17.891
INFO: [Common 17-1381] The checkpoint 'C:/Users/jiang/OneDrive/Vivado/Lab3/Lab3/Lab3.runs/impl_1/lab3_basic_physopt.dcp' has been generated.
Command: route_design
Attempting to get a license for feature 'Implementation' and/or device 'xc7a35t'
INFO: [Common 17-349] Got license for feature 'Implementation' and/or device 'xc7a35t'
Running DRC as a precondition to command route_design
INFO: [DRC 23-27] Running DRC with 2 threads
INFO: [Vivado_Tcl 4-198] DRC finished with 0 Errors
INFO: [Vivado_Tcl 4-199] Please refer to the DRC report (report_drc) for more information.


Starting Routing Task
INFO: [Route 35-254] Multithreading enabled for route_design using a maximum of 2 CPUs
Checksum: PlaceDB: f570c85a ConstDB: 0 ShapeSum: 2f3dcd60 RouteDB: 0

Phase 1 Build RT Design
Phase 1 Build RT Design | Checksum: 3b9361af

Time (s): cpu = 00:00:21 ; elapsed = 00:00:20 . Memory (MB): peak = 1541.387 ; gain = 79.688
Post Restoration Checksum: NetGraph: 34a28a12 NumContArr: 6f0d79d Constraints: 0 Timing: 0

Phase 2 Router Initialization

Phase 2.1 Create Timer
Phase 2.1 Create Timer | Checksum: 3b9361af

Time (s): cpu = 00:00:21 ; elapsed = 00:00:20 . Memory (MB): peak = 1541.391 ; gain = 79.691

Phase 2.2 Fix Topology Constraints
Phase 2.2 Fix Topology Constraints | Checksum: 3b9361af

Time (s): cpu = 00:00:21 ; elapsed = 00:00:20 . Memory (MB): peak = 1547.395 ; gain = 85.695

Phase 2.3 Pre Route Cleanup
Phase 2.3 Pre Route Cleanup | Checksum: 3b9361af

Time (s): cpu = 00:00:21 ; elapsed = 00:00:20 . Memory (MB): peak = 1547.395 ; gain = 85.695
 Number of Nodes with overlaps = 0

Phase 2.4 Update Timing
Phase 2.4 Update Timing | Checksum: dd0419c6

Time (s): cpu = 00:00:21 ; elapsed = 00:00:20 . Memory (MB): peak = 1551.734 ; gain = 90.035
INFO: [Route 35-416] Intermediate Timing Summary | WNS=5.590  | TNS=0.000  | WHS=-0.094 | THS=-0.823 |

Phase 2 Router Initialization | Checksum: c8d2b3c2

Time (s): cpu = 00:00:21 ; elapsed = 00:00:20 . Memory (MB): peak = 1551.734 ; gain = 90.035

Router Utilization Summary
  Global Vertical Routing Utilization    = 0 %
  Global Horizontal Routing Utilization  = 0 %
  Routable Net Status*
  *Does not include unroutable nets such as driverless and loadless.
  Run report_route_status for detailed report.
  Number of Failed Nets               = 118
    (Failed Nets is the sum of unrouted and partially routed nets)
  Number of Unrouted Nets             = 118
  Number of Partially Routed Nets     = 0
  Number of Node Overlaps             = 0


Phase 3 Initial Routing
Phase 3 Initial Routing | Checksum: 1bfcb314c

Time (s): cpu = 00:00:21 ; elapsed = 00:00:20 . Memory (MB): peak = 1551.887 ; gain = 90.188

Phase 4 Rip-up And Reroute

Phase 4.1 Global Iteration 0
 Number of Nodes with overlaps = 3
 Number of Nodes with overlaps = 0
INFO: [Route 35-416] Intermediate Timing Summary | WNS=5.223  | TNS=0.000  | WHS=N/A    | THS=N/A    |

Phase 4.1 Global Iteration 0 | Checksum: 21ad98086

Time (s): cpu = 00:00:21 ; elapsed = 00:00:20 . Memory (MB): peak = 1551.887 ; gain = 90.188
Phase 4 Rip-up And Reroute | Checksum: 21ad98086

Time (s): cpu = 00:00:21 ; elapsed = 00:00:20 . Memory (MB): peak = 1551.887 ; gain = 90.188

Phase 5 Delay and Skew Optimization

Phase 5.1 Delay CleanUp
Phase 5.1 Delay CleanUp | Checksum: 21ad98086

Time (s): cpu = 00:00:21 ; elapsed = 00:00:20 . Memory (MB): peak = 1551.887 ; gain = 90.188

Phase 5.2 Clock Skew Optimization
Phase 5.2 Clock Skew Optimization | Checksum: 21ad98086

Time (s): cpu = 00:00:21 ; elapsed = 00:00:20 . Memory (MB): peak = 1551.887 ; gain = 90.188
Phase 5 Delay and Skew Optimization | Checksum: 21ad98086

Time (s): cpu = 00:00:21 ; elapsed = 00:00:20 . Memory (MB): peak = 1551.887 ; gain = 90.188

Phase 6 Post Hold Fix

Phase 6.1 Hold Fix Iter

Phase 6.1.1 Update Timing
Phase 6.1.1 Update Timing | Checksum: 21117c2c0

Time (s): cpu = 00:00:21 ; elapsed = 00:00:20 . Memory (MB): peak = 1551.887 ; gain = 90.188
INFO: [Route 35-416] Intermediate Timing Summary | WNS=5.316  | TNS=0.000  | WHS=0.188  | THS=0.000  |

Phase 6.1 Hold Fix Iter | Checksum: 21117c2c0

Time (s): cpu = 00:00:21 ; elapsed = 00:00:20 . Memory (MB): peak = 1551.887 ; gain = 90.188
Phase 6 Post Hold Fix | Checksum: 21117c2c0

Time (s): cpu = 00:00:21 ; elapsed = 00:00:20 . Memory (MB): peak = 1551.887 ; gain = 90.188

Phase 7 Route finalize

Router Utilization Summary
  Global Vertical Routing Utilization    = 0.0493502 %
  Global Horizontal Routing Utilization  = 0.0501041 %
  Routable Net Status*
  *Does not include unroutable nets such as driverless and loadless.
  Run report_route_status for detailed report.
  Number of Failed Nets               = 0
    (Failed Nets is the sum of unrouted and partially routed nets)
  Number of Unrouted Nets             = 0
  Number of Partially Routed Nets     = 0
  Number of Node Overlaps             = 0

Phase 7 Route finalize | Checksum: 15dbbd149

Time (s): cpu = 00:00:21 ; elapsed = 00:00:20 . Memory (MB): peak = 1551.887 ; gain = 90.188

Phase 8 Verifying routed nets

 Verification completed successfully
Phase 8 Verifying routed nets | Checksum: 15dbbd149

Time (s): cpu = 00:00:21 ; elapsed = 00:00:20 . Memory (MB): peak = 1553.898 ; gain = 92.199

Phase 9 Depositing Routes
Phase 9 Depositing Routes | Checksum: 2034d11c8

Time (s): cpu = 00:00:21 ; elapsed = 00:00:20 . Memory (MB): peak = 1553.898 ; gain = 92.199

Phase 10 Post Router Timing
INFO: [Route 35-57] Estimated Timing Summary | WNS=5.316  | TNS=0.000  | WHS=0.188  | THS=0.000  |

INFO: [Route 35-327] The final timing numbers are based on the router estimated timing analysis. For a complete and accurate timing signoff, please run report_timing_summary.
Phase 10 Post Router Timing | Checksum: 2034d11c8

Time (s): cpu = 00:00:21 ; elapsed = 00:00:20 . Memory (MB): peak = 1553.898 ; gain = 92.199
INFO: [Route 35-16] Router Completed Successfully

Time (s): cpu = 00:00:21 ; elapsed = 00:00:20 . Memory (MB): peak = 1553.898 ; gain = 92.199

Routing Is Done.
INFO: [Common 17-83] Releasing license: Implementation
81 Infos, 0 Warnings, 0 Critical Warnings and 0 Errors encountered.
route_design completed successfully
route_design: Time (s): cpu = 00:00:22 ; elapsed = 00:00:21 . Memory (MB): peak = 1553.898 ; gain = 101.238
Netlist sorting complete. Time (s): cpu = 00:00:00 ; elapsed = 00:00:00 . Memory (MB): peak = 1553.898 ; gain = 0.000
INFO: [Timing 38-480] Writing timing data to binary archive.
Writing placer database...
Writing XDEF routing.
Writing XDEF routing logical nets.
Writing XDEF routing special nets.
Write XDEF Complete: Time (s): cpu = 00:00:01 ; elapsed = 00:00:00.059 . Memory (MB): peak = 1563.801 ; gain = 9.902
INFO: [Common 17-1381] The checkpoint 'C:/Users/jiang/OneDrive/Vivado/Lab3/Lab3/Lab3.runs/impl_1/lab3_basic_routed.dcp' has been generated.
INFO: [runtcl-4] Executing : report_drc -file lab3_basic_drc_routed.rpt -pb lab3_basic_drc_routed.pb -rpx lab3_basic_drc_routed.rpx
Command: report_drc -file lab3_basic_drc_routed.rpt -pb lab3_basic_drc_routed.pb -rpx lab3_basic_drc_routed.rpx
INFO: [IP_Flow 19-1839] IP Catalog is up to date.
INFO: [DRC 23-27] Running DRC with 2 threads
INFO: [Coretcl 2-168] The results of DRC are in file C:/Users/jiang/OneDrive/Vivado/Lab3/Lab3/Lab3.runs/impl_1/lab3_basic_drc_routed.rpt.
report_drc completed successfully
INFO: [runtcl-4] Executing : report_methodology -file lab3_basic_methodology_drc_routed.rpt -pb lab3_basic_methodology_drc_routed.pb -rpx lab3_basic_methodology_drc_routed.rpx
Command: report_methodology -file lab3_basic_methodology_drc_routed.rpt -pb lab3_basic_methodology_drc_routed.pb -rpx lab3_basic_methodology_drc_routed.rpx
INFO: [Timing 38-35] Done setting XDC timing constraints.
INFO: [DRC 23-133] Running Methodology with 2 threads
INFO: [Coretcl 2-1520] The results of Report Methodology are in file C:/Users/jiang/OneDrive/Vivado/Lab3/Lab3/Lab3.runs/impl_1/lab3_basic_methodology_drc_routed.rpt.
report_methodology completed successfully
INFO: [runtcl-4] Executing : report_power -file lab3_basic_power_routed.rpt -pb lab3_basic_power_summary_routed.pb -rpx lab3_basic_power_routed.rpx
Command: report_power -file lab3_basic_power_routed.rpt -pb lab3_basic_power_summary_routed.pb -rpx lab3_basic_power_routed.rpx
INFO: [Timing 38-35] Done setting XDC timing constraints.
Running Vector-less Activity Propagation...

Finished Running Vector-less Activity Propagation
93 Infos, 0 Warnings, 0 Critical Warnings and 0 Errors encountered.
report_power completed successfully
INFO: [runtcl-4] Executing : report_route_status -file lab3_basic_route_status.rpt -pb lab3_basic_route_status.pb
INFO: [runtcl-4] Executing : report_timing_summary -max_paths 10 -file lab3_basic_timing_summary_routed.rpt -pb lab3_basic_timing_summary_routed.pb -rpx lab3_basic_timing_summary_routed.rpx -warn_on_violation 
INFO: [Timing 38-91] UpdateTimingParams: Speed grade: -1, Delay Type: min_max.
INFO: [Timing 38-191] Multithreading enabled for timing update using a maximum of 2 CPUs
INFO: [runtcl-4] Executing : report_incremental_reuse -file lab3_basic_incremental_reuse_routed.rpt
INFO: [Vivado_Tcl 4-1062] Incremental flow is disabled. No incremental reuse Info to report.
INFO: [runtcl-4] Executing : report_clock_utilization -file lab3_basic_clock_utilization_routed.rpt
INFO: [runtcl-4] Executing : report_bus_skew -warn_on_violation -file lab3_basic_bus_skew_routed.rpt -pb lab3_basic_bus_skew_routed.pb -rpx lab3_basic_bus_skew_routed.rpx
INFO: [Timing 38-91] UpdateTimingParams: Speed grade: -1, Delay Type: min_max.
INFO: [Timing 38-191] Multithreading enabled for timing update using a maximum of 2 CPUs
INFO: [Common 17-206] Exiting Vivado at Tue Sep 30 21:19:46 2025...

*** Running vivado
    with args -log lab3_basic.vdi -applog -m64 -product Vivado -messageDb vivado.pb -mode batch -source lab3_basic.tcl -notrace


****** Vivado v2019.2 (64-bit)
  **** SW Build 2708876 on Wed Nov  6 21:40:23 MST 2019
  **** IP Build 2700528 on Thu Nov  7 00:09:20 MST 2019
    ** Copyright 1986-2019 Xilinx, Inc. All Rights Reserved.

source lab3_basic.tcl -notrace
Command: open_checkpoint lab3_basic_routed.dcp

Starting open_checkpoint Task

Time (s): cpu = 00:00:00 ; elapsed = 00:00:00.035 . Memory (MB): peak = 299.070 ; gain = 0.000
INFO: [Device 21-403] Loading part xc7a35tcpg236-1
Netlist sorting complete. Time (s): cpu = 00:00:00 ; elapsed = 00:00:00.001 . Memory (MB): peak = 537.699 ; gain = 0.000
INFO: [Netlist 29-17] Analyzing 14 Unisim elements for replacement
INFO: [Netlist 29-28] Unisim Transformation completed in 0 CPU seconds
INFO: [Project 1-479] Netlist was created with Vivado 2019.2
INFO: [Project 1-570] Preparing netlist for logic optimization
INFO: [Timing 38-478] Restoring timing data from binary archive.
INFO: [Timing 38-479] Binary timing data restore complete.
INFO: [Project 1-856] Restoring constraints from binary archive.
INFO: [Project 1-853] Binary constraint restore complete.
Reading XDEF placement.
Reading placer database...
Reading XDEF routing.
Read XDEF File: Time (s): cpu = 00:00:00 ; elapsed = 00:00:00.113 . Memory (MB): peak = 1224.816 ; gain = 7.059
Restored from archive | CPU: 0.000000 secs | Memory: 0.000000 MB |
Finished XDEF File Restore: Time (s): cpu = 00:00:00 ; elapsed = 00:00:00.113 . Memory (MB): peak = 1224.816 ; gain = 7.059
Netlist sorting complete. Time (s): cpu = 00:00:00 ; elapsed = 00:00:00 . Memory (MB): peak = 1224.816 ; gain = 0.000
INFO: [Project 1-111] Unisim Transformation Summary:
No Unisim elements were transformed.

INFO: [Project 1-604] Checkpoint was created with Vivado v2019.2 (64-bit) build 2708876
open_checkpoint: Time (s): cpu = 00:00:14 ; elapsed = 00:00:16 . Memory (MB): peak = 1224.816 ; gain = 925.746
Command: write_bitstream -force lab3_basic.bit
Attempting to get a license for feature 'Implementation' and/or device 'xc7a35t'
INFO: [Common 17-349] Got license for feature 'Implementation' and/or device 'xc7a35t'
Running DRC as a precondition to command write_bitstream
INFO: [IP_Flow 19-234] Refreshing IP repositories
INFO: [IP_Flow 19-1704] No user IP repositories specified
INFO: [IP_Flow 19-2313] Loaded Vivado IP repository 'C:/Xilinx/Vivado/2019.2/data/ip'.
INFO: [DRC 23-27] Running DRC with 2 threads
INFO: [Vivado 12-3199] DRC finished with 0 Errors
INFO: [Vivado 12-3200] Please refer to the DRC report (report_drc) for more information.
INFO: [Designutils 20-2272] Running write_bitstream with 2 threads.
Loading data files...
Loading site data...
Loading route data...
Processing options...
Creating bitmap...
Creating bitstream...
Writing bitstream ./lab3_basic.bit...
INFO: [Vivado 12-1842] Bitgen Completed Successfully.
INFO: [Project 1-120] WebTalk data collection is mandatory when using a WebPACK part without a full Vivado license. To see the specific WebTalk data collected for your design, open the usage_statistics_webtalk.html or usage_statistics_webtalk.xml file in the implementation directory.
INFO: [Common 17-83] Releasing license: Implementation
22 Infos, 0 Warnings, 0 Critical Warnings and 0 Errors encountered.
write_bitstream completed successfully
write_bitstream: Time (s): cpu = 00:00:13 ; elapsed = 00:00:13 . Memory (MB): peak = 1685.027 ; gain = 460.211
INFO: [Common 17-206] Exiting Vivado at Tue Sep 30 21:22:47 2025...
