
*** Running vivado
    with args -log lab4_1.vds -m64 -product Vivado -mode batch -messageDb vivado.pb -notrace -source lab4_1.tcl


****** Vivado v2019.2 (64-bit)
  **** SW Build 2708876 on Wed Nov  6 21:40:23 MST 2019
  **** IP Build 2700528 on Thu Nov  7 00:09:20 MST 2019
    ** Copyright 1986-2019 Xilinx, Inc. All Rights Reserved.

source lab4_1.tcl -notrace
INFO: [IP_Flow 19-234] Refreshing IP repositories
INFO: [IP_Flow 19-1700] Loaded user IP repository 'c:/Users/jiang/OneDrive/LabFile/Lab4/Advance/Lab4_template/Lab4_1_2_template/ip'.
INFO: [IP_Flow 19-2313] Loaded Vivado IP repository 'C:/Xilinx/Vivado/2019.2/data/ip'.
Command: synth_design -top lab4_1 -part xc7a35tcpg236-1
Starting synth_design
Attempting to get a license for feature 'Synthesis' and/or device 'xc7a35t'
INFO: [Common 17-349] Got license for feature 'Synthesis' and/or device 'xc7a35t'
INFO: [Device 21-403] Loading part xc7a35tcpg236-1
INFO: Launching helper process for spawning children vivado processes
INFO: Helper process launched with PID 10116 
---------------------------------------------------------------------------------
Starting RTL Elaboration : Time (s): cpu = 00:00:04 ; elapsed = 00:00:05 . Memory (MB): peak = 778.648 ; gain = 234.508
---------------------------------------------------------------------------------
INFO: [Synth 8-6157] synthesizing module 'lab4_1' [C:/Users/jiang/OneDrive/LabFile/Lab4/Advance/Lab4_template/Lab4_1_2_template/Lab1/lab3_1.v:1]
INFO: [Synth 8-6157] synthesizing module 'SampleDisplay' [C:/Users/jiang/OneDrive/LabFile/Lab4/Advance/Lab4_template/Lab4_1_2_template/Lab1/SampleDisplay.v:1]
	Parameter KEY_CODES bound to: 180'b001000101000010110000011110000100110000100101000101110000110110000111101000111110001000110001110000001101001001110010001111010001101011001110011001110100001101100001110101001111101 
INFO: [Synth 8-6157] synthesizing module 'SevenSegment' [C:/Users/jiang/OneDrive/LabFile/Lab4/Advance/Lab4_template/Lab4_1_2_template/Lab1/SevenSegment.v:1]
INFO: [Synth 8-6155] done synthesizing module 'SevenSegment' (1#1) [C:/Users/jiang/OneDrive/LabFile/Lab4/Advance/Lab4_template/Lab4_1_2_template/Lab1/SevenSegment.v:1]
INFO: [Synth 8-6157] synthesizing module 'KeyboardDecoder' [C:/Users/jiang/OneDrive/LabFile/Lab4/Advance/Lab4_template/Lab4_1_2_template/Lab1/KeyboardDecoder.v:21]
	Parameter INIT bound to: 2'b00 
	Parameter WAIT_FOR_SIGNAL bound to: 2'b01 
	Parameter GET_SIGNAL_DOWN bound to: 2'b10 
	Parameter WAIT_RELEASE bound to: 2'b11 
	Parameter IS_INIT bound to: 8'b10101010 
	Parameter IS_EXTEND bound to: 8'b11100000 
	Parameter IS_BREAK bound to: 8'b11110000 
INFO: [Synth 8-6157] synthesizing module 'KeyboardCtrl_0' [C:/Users/jiang/OneDrive/Vivado/Lab4/Adv/Adv1/Adv1.runs/synth_1/.Xil/Vivado-19260-LAPTOP-TN84JATT/realtime/KeyboardCtrl_0_stub.v:6]
INFO: [Synth 8-6155] done synthesizing module 'KeyboardCtrl_0' (2#1) [C:/Users/jiang/OneDrive/Vivado/Lab4/Adv/Adv1/Adv1.runs/synth_1/.Xil/Vivado-19260-LAPTOP-TN84JATT/realtime/KeyboardCtrl_0_stub.v:6]
INFO: [Synth 8-6157] synthesizing module 'one_pulse' [C:/Users/jiang/OneDrive/LabFile/Lab4/Advance/Lab4_template/Lab4_1_2_template/Lab1/one_pulse.v:1]
INFO: [Synth 8-6155] done synthesizing module 'one_pulse' (3#1) [C:/Users/jiang/OneDrive/LabFile/Lab4/Advance/Lab4_template/Lab4_1_2_template/Lab1/one_pulse.v:1]
INFO: [Synth 8-226] default block is never used [C:/Users/jiang/OneDrive/LabFile/Lab4/Advance/Lab4_template/Lab4_1_2_template/Lab1/KeyboardDecoder.v:84]
INFO: [Synth 8-6155] done synthesizing module 'KeyboardDecoder' (4#1) [C:/Users/jiang/OneDrive/LabFile/Lab4/Advance/Lab4_template/Lab4_1_2_template/Lab1/KeyboardDecoder.v:21]
WARNING: [Synth 8-6014] Unused sequential element sum_next_reg was removed.  [C:/Users/jiang/OneDrive/LabFile/Lab4/Advance/Lab4_template/Lab4_1_2_template/Lab1/SampleDisplay.v:74]
INFO: [Synth 8-6155] done synthesizing module 'SampleDisplay' (5#1) [C:/Users/jiang/OneDrive/LabFile/Lab4/Advance/Lab4_template/Lab4_1_2_template/Lab1/SampleDisplay.v:1]
INFO: [Synth 8-6155] done synthesizing module 'lab4_1' (6#1) [C:/Users/jiang/OneDrive/LabFile/Lab4/Advance/Lab4_template/Lab4_1_2_template/Lab1/lab3_1.v:1]
---------------------------------------------------------------------------------
Finished RTL Elaboration : Time (s): cpu = 00:00:05 ; elapsed = 00:00:06 . Memory (MB): peak = 851.883 ; gain = 307.742
---------------------------------------------------------------------------------

Report Check Netlist: 
+------+------------------+-------+---------+-------+------------------+
|      |Item              |Errors |Warnings |Status |Description       |
+------+------------------+-------+---------+-------+------------------+
|1     |multi_driven_nets |      0|        0|Passed |Multi driven nets |
+------+------------------+-------+---------+-------+------------------+
---------------------------------------------------------------------------------
Start Handling Custom Attributes
---------------------------------------------------------------------------------
---------------------------------------------------------------------------------
Finished Handling Custom Attributes : Time (s): cpu = 00:00:06 ; elapsed = 00:00:06 . Memory (MB): peak = 851.883 ; gain = 307.742
---------------------------------------------------------------------------------
---------------------------------------------------------------------------------
Finished RTL Optimization Phase 1 : Time (s): cpu = 00:00:06 ; elapsed = 00:00:06 . Memory (MB): peak = 851.883 ; gain = 307.742
---------------------------------------------------------------------------------
Netlist sorting complete. Time (s): cpu = 00:00:00 ; elapsed = 00:00:00.023 . Memory (MB): peak = 851.883 ; gain = 0.000
INFO: [Project 1-570] Preparing netlist for logic optimization

Processing XDC Constraints
Initializing timing engine
Parsing XDC File [c:/Users/jiang/OneDrive/Vivado/Lab4/Adv/Adv1/Adv1.srcs/sources_1/ip/KeyboardCtrl_0/KeyboardCtrl_0/KeyboardCtrl_0_in_context.xdc] for cell 'sample_display_inst/key_de/inst'
Finished Parsing XDC File [c:/Users/jiang/OneDrive/Vivado/Lab4/Adv/Adv1/Adv1.srcs/sources_1/ip/KeyboardCtrl_0/KeyboardCtrl_0/KeyboardCtrl_0_in_context.xdc] for cell 'sample_display_inst/key_de/inst'
Parsing XDC File [C:/Users/jiang/OneDrive/LabFile/Lab4/Advance/Lab4_template/Lab4_1_2_template/Lab1/KeyboardConstraints.xdc]
Finished Parsing XDC File [C:/Users/jiang/OneDrive/LabFile/Lab4/Advance/Lab4_template/Lab4_1_2_template/Lab1/KeyboardConstraints.xdc]
INFO: [Project 1-236] Implementation specific constraints were found while reading constraint file [C:/Users/jiang/OneDrive/LabFile/Lab4/Advance/Lab4_template/Lab4_1_2_template/Lab1/KeyboardConstraints.xdc]. These constraints will be ignored for synthesis but will be used in implementation. Impacted constraints are listed in the file [.Xil/lab4_1_propImpl.xdc].
Resolution: To avoid this warning, move constraints listed in [.Xil/lab4_1_propImpl.xdc] to another XDC file and exclude this new file from synthesis with the used_in_synthesis property (File Properties dialog in GUI) and re-run elaboration/synthesis.
Completed Processing XDC Constraints

Netlist sorting complete. Time (s): cpu = 00:00:00 ; elapsed = 00:00:00 . Memory (MB): peak = 938.961 ; gain = 0.000
INFO: [Project 1-111] Unisim Transformation Summary:
No Unisim elements were transformed.

Constraint Validation Runtime : Time (s): cpu = 00:00:00 ; elapsed = 00:00:00.006 . Memory (MB): peak = 938.961 ; gain = 0.000
---------------------------------------------------------------------------------
Finished Constraint Validation : Time (s): cpu = 00:00:12 ; elapsed = 00:00:13 . Memory (MB): peak = 938.961 ; gain = 394.820
---------------------------------------------------------------------------------
---------------------------------------------------------------------------------
Start Loading Part and Timing Information
---------------------------------------------------------------------------------
Loading part: xc7a35tcpg236-1
---------------------------------------------------------------------------------
Finished Loading Part and Timing Information : Time (s): cpu = 00:00:12 ; elapsed = 00:00:13 . Memory (MB): peak = 938.961 ; gain = 394.820
---------------------------------------------------------------------------------
---------------------------------------------------------------------------------
Start Applying 'set_property' XDC Constraints
---------------------------------------------------------------------------------
Applied set_property IO_BUFFER_TYPE = NONE for PS2_CLK. (constraint file  c:/Users/jiang/OneDrive/Vivado/Lab4/Adv/Adv1/Adv1.srcs/sources_1/ip/KeyboardCtrl_0/KeyboardCtrl_0/KeyboardCtrl_0_in_context.xdc, line 1).
Applied set_property CLOCK_BUFFER_TYPE = NONE for PS2_CLK. (constraint file  c:/Users/jiang/OneDrive/Vivado/Lab4/Adv/Adv1/Adv1.srcs/sources_1/ip/KeyboardCtrl_0/KeyboardCtrl_0/KeyboardCtrl_0_in_context.xdc, line 2).
Applied set_property IO_BUFFER_TYPE = NONE for PS2_DATA. (constraint file  c:/Users/jiang/OneDrive/Vivado/Lab4/Adv/Adv1/Adv1.srcs/sources_1/ip/KeyboardCtrl_0/KeyboardCtrl_0/KeyboardCtrl_0_in_context.xdc, line 3).
Applied set_property CLOCK_BUFFER_TYPE = NONE for PS2_DATA. (constraint file  c:/Users/jiang/OneDrive/Vivado/Lab4/Adv/Adv1/Adv1.srcs/sources_1/ip/KeyboardCtrl_0/KeyboardCtrl_0/KeyboardCtrl_0_in_context.xdc, line 4).
Applied set_property DONT_TOUCH = true for sample_display_inst/key_de/inst. (constraint file  auto generated constraint, line ).
---------------------------------------------------------------------------------
Finished applying 'set_property' XDC Constraints : Time (s): cpu = 00:00:12 ; elapsed = 00:00:13 . Memory (MB): peak = 938.961 ; gain = 394.820
---------------------------------------------------------------------------------
INFO: [Synth 8-802] inferred FSM for state register 'digit_reg' in module 'SevenSegment'
INFO: [Synth 8-5544] ROM "digit" won't be mapped to Block RAM because address size (4) smaller than threshold (5)
INFO: [Synth 8-802] inferred FSM for state register 'state_reg' in module 'KeyboardDecoder'
INFO: [Synth 8-5546] ROM "key_num" won't be mapped to RAM because it is too sparse
---------------------------------------------------------------------------------------------------
                   State |                     New Encoding |                Previous Encoding 
---------------------------------------------------------------------------------------------------
                 iSTATE3 |                              000 |                             1111
*
                  iSTATE |                              001 |                             1110
                 iSTATE0 |                              010 |                             1101
                 iSTATE1 |                              011 |                             1011
                 iSTATE2 |                              100 |                             0111
---------------------------------------------------------------------------------------------------
INFO: [Synth 8-3354] encoded FSM with state register 'digit_reg' using encoding 'sequential' in module 'SevenSegment'
---------------------------------------------------------------------------------------------------
                   State |                     New Encoding |                Previous Encoding 
---------------------------------------------------------------------------------------------------
                    INIT |                               00 |                               00
         WAIT_FOR_SIGNAL |                               01 |                               01
         GET_SIGNAL_DOWN |                               10 |                               10
            WAIT_RELEASE |                               11 |                               11
---------------------------------------------------------------------------------------------------
INFO: [Synth 8-3354] encoded FSM with state register 'state_reg' using encoding 'sequential' in module 'KeyboardDecoder'
---------------------------------------------------------------------------------
Finished RTL Optimization Phase 2 : Time (s): cpu = 00:00:13 ; elapsed = 00:00:14 . Memory (MB): peak = 938.961 ; gain = 394.820
---------------------------------------------------------------------------------

Report RTL Partitions: 
+-+--------------+------------+----------+
| |RTL Partition |Replication |Instances |
+-+--------------+------------+----------+
+-+--------------+------------+----------+
---------------------------------------------------------------------------------
Start RTL Component Statistics 
---------------------------------------------------------------------------------
Detailed RTL Component Info : 
+---Adders : 
	   3 Input      5 Bit       Adders := 1     
	   2 Input      5 Bit       Adders := 2     
+---Registers : 
	              512 Bit    Registers := 1     
	               16 Bit    Registers := 1     
	               10 Bit    Registers := 1     
	                9 Bit    Registers := 1     
	                5 Bit    Registers := 1     
	                4 Bit    Registers := 1     
	                1 Bit    Registers := 7     
+---Muxes : 
	   2 Input    512 Bit        Muxes := 1     
	   4 Input     10 Bit        Muxes := 1     
	  21 Input      5 Bit        Muxes := 1     
	   2 Input      5 Bit        Muxes := 3     
	   5 Input      4 Bit        Muxes := 2     
	   5 Input      3 Bit        Muxes := 1     
	   4 Input      2 Bit        Muxes := 1     
	   2 Input      2 Bit        Muxes := 3     
	   2 Input      1 Bit        Muxes := 11    
	   4 Input      1 Bit        Muxes := 7     
---------------------------------------------------------------------------------
Finished RTL Component Statistics 
---------------------------------------------------------------------------------
---------------------------------------------------------------------------------
Start RTL Hierarchical Component Statistics 
---------------------------------------------------------------------------------
Hierarchical RTL Component report 
Module SevenSegment 
Detailed RTL Component Info : 
+---Registers : 
	                4 Bit    Registers := 1     
+---Muxes : 
	   5 Input      4 Bit        Muxes := 2     
	   5 Input      3 Bit        Muxes := 1     
Module one_pulse 
Detailed RTL Component Info : 
+---Registers : 
	                1 Bit    Registers := 2     
Module KeyboardDecoder 
Detailed RTL Component Info : 
+---Registers : 
	              512 Bit    Registers := 1     
	               10 Bit    Registers := 1     
	                1 Bit    Registers := 4     
+---Muxes : 
	   2 Input    512 Bit        Muxes := 1     
	   4 Input     10 Bit        Muxes := 1     
	   4 Input      2 Bit        Muxes := 1     
	   2 Input      2 Bit        Muxes := 3     
	   2 Input      1 Bit        Muxes := 8     
	   4 Input      1 Bit        Muxes := 7     
Module SampleDisplay 
Detailed RTL Component Info : 
+---Adders : 
	   3 Input      5 Bit       Adders := 1     
	   2 Input      5 Bit       Adders := 2     
+---Registers : 
	               16 Bit    Registers := 1     
	                9 Bit    Registers := 1     
	                5 Bit    Registers := 1     
	                1 Bit    Registers := 1     
+---Muxes : 
	  21 Input      5 Bit        Muxes := 1     
	   2 Input      5 Bit        Muxes := 3     
	   2 Input      1 Bit        Muxes := 3     
---------------------------------------------------------------------------------
Finished RTL Hierarchical Component Statistics
---------------------------------------------------------------------------------
---------------------------------------------------------------------------------
Start Part Resource Summary
---------------------------------------------------------------------------------
Part Resources:
DSPs: 90 (col length:60)
BRAMs: 100 (col length: RAMB18 60 RAMB36 30)
---------------------------------------------------------------------------------
Finished Part Resource Summary
---------------------------------------------------------------------------------
---------------------------------------------------------------------------------
Start Cross Boundary and Area Optimization
---------------------------------------------------------------------------------
Warning: Parallel synthesis criteria is not met 
INFO: [Synth 8-5587] ROM size for "sample_display_inst/key_num" is below threshold of ROM address width. It will be mapped to LUTs
---------------------------------------------------------------------------------
Finished Cross Boundary and Area Optimization : Time (s): cpu = 00:00:24 ; elapsed = 00:00:26 . Memory (MB): peak = 938.961 ; gain = 394.820
---------------------------------------------------------------------------------

Report RTL Partitions: 
+-+--------------+------------+----------+
| |RTL Partition |Replication |Instances |
+-+--------------+------------+----------+
+-+--------------+------------+----------+
---------------------------------------------------------------------------------
Start Applying XDC Timing Constraints
---------------------------------------------------------------------------------
---------------------------------------------------------------------------------
Finished Applying XDC Timing Constraints : Time (s): cpu = 00:00:32 ; elapsed = 00:00:34 . Memory (MB): peak = 938.961 ; gain = 394.820
---------------------------------------------------------------------------------
---------------------------------------------------------------------------------
Start Timing Optimization
---------------------------------------------------------------------------------
---------------------------------------------------------------------------------
Finished Timing Optimization : Time (s): cpu = 00:00:35 ; elapsed = 00:00:37 . Memory (MB): peak = 1014.598 ; gain = 470.457
---------------------------------------------------------------------------------

Report RTL Partitions: 
+-+--------------+------------+----------+
| |RTL Partition |Replication |Instances |
+-+--------------+------------+----------+
+-+--------------+------------+----------+
---------------------------------------------------------------------------------
Start Technology Mapping
---------------------------------------------------------------------------------
---------------------------------------------------------------------------------
Finished Technology Mapping : Time (s): cpu = 00:00:37 ; elapsed = 00:00:39 . Memory (MB): peak = 1025.270 ; gain = 481.129
---------------------------------------------------------------------------------

Report RTL Partitions: 
+-+--------------+------------+----------+
| |RTL Partition |Replication |Instances |
+-+--------------+------------+----------+
+-+--------------+------------+----------+
---------------------------------------------------------------------------------
Start IO Insertion
---------------------------------------------------------------------------------
---------------------------------------------------------------------------------
Start Flattening Before IO Insertion
---------------------------------------------------------------------------------
---------------------------------------------------------------------------------
Finished Flattening Before IO Insertion
---------------------------------------------------------------------------------
---------------------------------------------------------------------------------
Start Final Netlist Cleanup
---------------------------------------------------------------------------------
---------------------------------------------------------------------------------
Finished Final Netlist Cleanup
---------------------------------------------------------------------------------
---------------------------------------------------------------------------------
Finished IO Insertion : Time (s): cpu = 00:00:41 ; elapsed = 00:00:43 . Memory (MB): peak = 1031.086 ; gain = 486.945
---------------------------------------------------------------------------------
---------------------------------------------------------------------------------
Start Renaming Generated Instances
---------------------------------------------------------------------------------
---------------------------------------------------------------------------------
Finished Renaming Generated Instances : Time (s): cpu = 00:00:41 ; elapsed = 00:00:43 . Memory (MB): peak = 1031.086 ; gain = 486.945
---------------------------------------------------------------------------------

Report RTL Partitions: 
+-+--------------+------------+----------+
| |RTL Partition |Replication |Instances |
+-+--------------+------------+----------+
+-+--------------+------------+----------+

Report Check Netlist: 
+------+------------------+-------+---------+-------+------------------+
|      |Item              |Errors |Warnings |Status |Description       |
+------+------------------+-------+---------+-------+------------------+
|1     |multi_driven_nets |      0|        0|Passed |Multi driven nets |
+------+------------------+-------+---------+-------+------------------+
---------------------------------------------------------------------------------
Start Rebuilding User Hierarchy
---------------------------------------------------------------------------------
---------------------------------------------------------------------------------
Finished Rebuilding User Hierarchy : Time (s): cpu = 00:00:42 ; elapsed = 00:00:44 . Memory (MB): peak = 1031.086 ; gain = 486.945
---------------------------------------------------------------------------------
---------------------------------------------------------------------------------
Start Renaming Generated Ports
---------------------------------------------------------------------------------
---------------------------------------------------------------------------------
Finished Renaming Generated Ports : Time (s): cpu = 00:00:42 ; elapsed = 00:00:44 . Memory (MB): peak = 1031.086 ; gain = 486.945
---------------------------------------------------------------------------------
---------------------------------------------------------------------------------
Start Handling Custom Attributes
---------------------------------------------------------------------------------
---------------------------------------------------------------------------------
Finished Handling Custom Attributes : Time (s): cpu = 00:00:42 ; elapsed = 00:00:44 . Memory (MB): peak = 1031.086 ; gain = 486.945
---------------------------------------------------------------------------------
---------------------------------------------------------------------------------
Start Renaming Generated Nets
---------------------------------------------------------------------------------
---------------------------------------------------------------------------------
Finished Renaming Generated Nets : Time (s): cpu = 00:00:42 ; elapsed = 00:00:44 . Memory (MB): peak = 1031.086 ; gain = 486.945
---------------------------------------------------------------------------------
---------------------------------------------------------------------------------
Start Writing Synthesis Report
---------------------------------------------------------------------------------

Report BlackBoxes: 
+------+---------------+----------+
|      |BlackBox name  |Instances |
+------+---------------+----------+
|1     |KeyboardCtrl_0 |         1|
+------+---------------+----------+

Report Cell Usage: 
+------+---------------+------+
|      |Cell           |Count |
+------+---------------+------+
|1     |KeyboardCtrl_0 |     1|
|2     |BUFG           |     1|
|3     |CARRY4         |     4|
|4     |LUT1           |    18|
|5     |LUT2           |    23|
|6     |LUT3           |    10|
|7     |LUT4           |   541|
|8     |LUT5           |    47|
|9     |LUT6           |   301|
|10    |MUXF7          |   144|
|11    |MUXF8          |    68|
|12    |FDCE           |   573|
|13    |FDPE           |    16|
|14    |FDRE           |     2|
|15    |IBUF           |     2|
|16    |OBUF           |    11|
+------+---------------+------+

Report Instance Areas: 
+------+----------------------+----------------+------+
|      |Instance              |Module          |Cells |
+------+----------------------+----------------+------+
|1     |top                   |                |  1773|
|2     |  sample_display_inst |SampleDisplay   |  1759|
|3     |    key_de            |KeyboardDecoder |  1678|
|4     |      op              |one_pulse       |     4|
|5     |    seven_seg         |SevenSegment    |    50|
+------+----------------------+----------------+------+
---------------------------------------------------------------------------------
Finished Writing Synthesis Report : Time (s): cpu = 00:00:42 ; elapsed = 00:00:44 . Memory (MB): peak = 1031.086 ; gain = 486.945
---------------------------------------------------------------------------------
Synthesis finished with 0 errors, 0 critical warnings and 0 warnings.
Synthesis Optimization Runtime : Time (s): cpu = 00:00:34 ; elapsed = 00:00:41 . Memory (MB): peak = 1031.086 ; gain = 399.867
Synthesis Optimization Complete : Time (s): cpu = 00:00:42 ; elapsed = 00:00:44 . Memory (MB): peak = 1031.086 ; gain = 486.945
INFO: [Project 1-571] Translating synthesized netlist
Netlist sorting complete. Time (s): cpu = 00:00:00 ; elapsed = 00:00:00.012 . Memory (MB): peak = 1038.797 ; gain = 0.000
INFO: [Netlist 29-17] Analyzing 216 Unisim elements for replacement
INFO: [Netlist 29-28] Unisim Transformation completed in 0 CPU seconds
WARNING: [Netlist 29-101] Netlist 'lab4_1' is not ideal for floorplanning, since the cellview 'KeyboardDecoder' contains a large number of primitives.  Please consider enabling hierarchy in synthesis if you want to do floorplanning.
INFO: [Project 1-570] Preparing netlist for logic optimization
INFO: [Opt 31-138] Pushed 0 inverter(s) to 0 load pin(s).
Netlist sorting complete. Time (s): cpu = 00:00:00 ; elapsed = 00:00:00 . Memory (MB): peak = 1038.797 ; gain = 0.000
INFO: [Project 1-111] Unisim Transformation Summary:
No Unisim elements were transformed.

INFO: [Common 17-83] Releasing license: Synthesis
35 Infos, 2 Warnings, 0 Critical Warnings and 0 Errors encountered.
synth_design completed successfully
synth_design: Time (s): cpu = 00:00:47 ; elapsed = 00:00:50 . Memory (MB): peak = 1038.797 ; gain = 740.980
Netlist sorting complete. Time (s): cpu = 00:00:00 ; elapsed = 00:00:00.001 . Memory (MB): peak = 1038.797 ; gain = 0.000
WARNING: [Constraints 18-5210] No constraints selected for write.
Resolution: This message can indicate that there are no constraints for the design, or it can indicate that the used_in flags are set such that the constraints are ignored. This later case is used when running synth_design to not write synthesis constraints to the resulting checkpoint. Instead, project constraints are read when the synthesized design is opened.
INFO: [Common 17-1381] The checkpoint 'C:/Users/jiang/OneDrive/Vivado/Lab4/Adv/Adv1/Adv1.runs/synth_1/lab4_1.dcp' has been generated.
INFO: [runtcl-4] Executing : report_utilization -file lab4_1_utilization_synth.rpt -pb lab4_1_utilization_synth.pb
INFO: [Common 17-206] Exiting Vivado at Sat Oct 18 23:42:01 2025...
