Copyright 1986-2019 Xilinx, Inc. All Rights Reserved.
------------------------------------------------------------------------------------
| Tool Version : Vivado v.2019.2 (win64) Build 2708876 Wed Nov  6 21:40:23 MST 2019
| Date         : Sat Oct 18 23:42:47 2025
| Host         : LAPTOP-TN84JATT running 64-bit major release  (build 9200)
| Command      : report_control_sets -verbose -file lab4_1_control_sets_placed.rpt
| Design       : lab4_1
| Device       : xc7a35t
------------------------------------------------------------------------------------

Control Set Information

Table of Contents
-----------------
1. Summary
2. Histogram
3. Flip-Flop Distribution
4. Detailed Control Set Information

1. Summary
----------

+----------------------------------------------------------+-------+
|                          Status                          | Count |
+----------------------------------------------------------+-------+
| Total control sets                                       |    10 |
|    Minimum number of control sets                        |    10 |
|    Addition due to synthesis replication                 |     0 |
|    Addition due to physical synthesis replication        |     0 |
| Unused register locations in slices containing registers |    26 |
+----------------------------------------------------------+-------+
* Control sets can be merged at opt_design using control_set_merge or merge_equivalent_drivers
** Run report_qor_suggestions for automated merging and remapping suggestions


2. Histogram
------------

+--------------------+-------+
|       Fanout       | Count |
+--------------------+-------+
| Total control sets |    10 |
| >= 0 to < 4        |     1 |
| >= 4 to < 6        |     1 |
| >= 6 to < 8        |     1 |
| >= 8 to < 10       |     2 |
| >= 10 to < 12      |     1 |
| >= 12 to < 14      |     0 |
| >= 14 to < 16      |     0 |
| >= 16              |     4 |
+--------------------+-------+
* Control sets can be remapped at either synth_design or opt_design


3. Flip-Flop Distribution
-------------------------

+--------------+-----------------------+------------------------+-----------------+--------------+
| Clock Enable | Synchronous Set/Reset | Asynchronous Set/Reset | Total Registers | Total Slices |
+--------------+-----------------------+------------------------+-----------------+--------------+
| No           | No                    | No                     |               2 |            1 |
| No           | No                    | Yes                    |              86 |           28 |
| No           | Yes                   | No                     |               0 |            0 |
| Yes          | No                    | No                     |               0 |            0 |
| Yes          | No                    | Yes                    |             590 |          168 |
| Yes          | Yes                   | No                     |               0 |            0 |
+--------------+-----------------------+------------------------+-----------------+--------------+


4. Detailed Control Set Information
-----------------------------------

+----------------------------------------------------+-----------------------------------------------------------------------+------------------+------------------+----------------+
|                    Clock Signal                    |                             Enable Signal                             | Set/Reset Signal | Slice Load Count | Bel Load Count |
+----------------------------------------------------+-----------------------------------------------------------------------+------------------+------------------+----------------+
|  clk_IBUF_BUFG                                     |                                                                       |                  |                1 |              2 |
|  clk_IBUF_BUFG                                     | sample_display_inst/key_de/inst/inst/Ps2Interface_i/bits_count        | rst_IBUF         |                1 |              4 |
|  sample_display_inst/seven_seg/clk_divider_reg[15] |                                                                       | rst_IBUF         |                2 |              7 |
|  clk_IBUF_BUFG                                     | sample_display_inst/key_de/inst/inst/Ps2Interface_i/rx_finish         | rst_IBUF         |                2 |              8 |
|  clk_IBUF_BUFG                                     | sample_display_inst/key_de/inst/inst/Ps2Interface_i/rx_valid          | rst_IBUF         |                3 |              8 |
|  clk_IBUF_BUFG                                     | sample_display_inst/key_de/inst/inst/Ps2Interface_i/frame[10]_i_1_n_0 | rst_IBUF         |                2 |             11 |
|  clk_IBUF_BUFG                                     | sample_display_inst/key_de/key                                        | rst_IBUF         |                7 |             17 |
|  clk_IBUF_BUFG                                     | sample_display_inst/key_de/E[0]                                       | rst_IBUF         |               12 |             30 |
|  clk_IBUF_BUFG                                     |                                                                       | rst_IBUF         |               26 |             79 |
|  clk_IBUF_BUFG                                     | sample_display_inst/key_de/op/E[0]                                    | rst_IBUF         |              141 |            512 |
+----------------------------------------------------+-----------------------------------------------------------------------+------------------+------------------+----------------+


