Copyright 1986-2019 Xilinx, Inc. All Rights Reserved.
-----------------------------------------------------------------------------------------------------------------------------------------------------------------------------------------------------
| Tool Version : Vivado v.2019.2 (win64) Build 2708876 Wed Nov  6 21:40:23 MST 2019
| Date         : Tue Oct 14 18:45:05 2025
| Host         : LAPTOP-TN84JATT running 64-bit major release  (build 9200)
| Command      : report_timing_summary -max_paths 10 -file lab4_basic_timing_summary_routed.rpt -pb lab4_basic_timing_summary_routed.pb -rpx lab4_basic_timing_summary_routed.rpx -warn_on_violation
| Design       : lab4_basic
| Device       : 7a35t-cpg236
| Speed File   : -1  PRODUCTION 1.23 2018-06-13
-----------------------------------------------------------------------------------------------------------------------------------------------------------------------------------------------------

Timing Summary Report

------------------------------------------------------------------------------------------------
| Timer Settings
| --------------
------------------------------------------------------------------------------------------------

  Enable Multi Corner Analysis               :  Yes
  Enable Pessimism Removal                   :  Yes
  Pessimism Removal Resolution               :  Nearest Common Node
  Enable Input Delay Default Clock           :  No
  Enable Preset / Clear Arcs                 :  No
  Disable Flight Delays                      :  No
  Ignore I/O Paths                           :  No
  Timing Early Launch at Borrowing Latches   :  No
  Borrow Time for Max Delay Exceptions       :  Yes
  Merge Timing Exceptions                    :  Yes

  Corner  Analyze    Analyze    
  Name    Max Paths  Min Paths  
  ------  ---------  ---------  
  Slow    Yes        Yes        
  Fast    Yes        Yes        



check_timing report

Table of Contents
-----------------
1. checking no_clock
2. checking constant_clock
3. checking pulse_width_clock
4. checking unconstrained_internal_endpoints
5. checking no_input_delay
6. checking no_output_delay
7. checking multiple_clock
8. checking generated_clocks
9. checking loops
10. checking partial_input_delay
11. checking partial_output_delay
12. checking latch_loops

1. checking no_clock
--------------------
 There are 64 register/latch pins with no clock driven by root clock pin: u_clk_div/num_reg[15]/Q (HIGH)


2. checking constant_clock
--------------------------
 There are 0 register/latch pins with constant_clock.


3. checking pulse_width_clock
-----------------------------
 There are 0 register/latch pins which need pulse_width check


4. checking unconstrained_internal_endpoints
--------------------------------------------
 There are 114 pins that are not constrained for maximum delay. (HIGH)

 There are 0 pins that are not constrained for maximum delay due to constant clock.


5. checking no_input_delay
--------------------------
 There are 5 input ports with no input delay specified. (HIGH)

 There are 0 input ports with no input delay but user has a false path constraint.


6. checking no_output_delay
---------------------------
 There are 10 ports with no output delay specified. (HIGH)

 There are 0 ports with no output delay but user has a false path constraint

 There are 0 ports with no output delay but with a timing clock defined on it or propagating through it


7. checking multiple_clock
--------------------------
 There are 0 register/latch pins with multiple clocks.


8. checking generated_clocks
----------------------------
 There are 0 generated clocks that are not connected to a clock source.


9. checking loops
-----------------
 There are 0 combinational loops in the design.


10. checking partial_input_delay
--------------------------------
 There are 0 input ports with partial input delay specified.


11. checking partial_output_delay
---------------------------------
 There are 0 ports with partial output delay specified.


12. checking latch_loops
------------------------
 There are 0 combinational latch loops in the design through latch input



------------------------------------------------------------------------------------------------
| Design Timing Summary
| ---------------------
------------------------------------------------------------------------------------------------

    WNS(ns)      TNS(ns)  TNS Failing Endpoints  TNS Total Endpoints      WHS(ns)      THS(ns)  THS Failing Endpoints  THS Total Endpoints     WPWS(ns)     TPWS(ns)  TPWS Failing Endpoints  TPWS Total Endpoints  
    -------      -------  ---------------------  -------------------      -------      -------  ---------------------  -------------------     --------     --------  ----------------------  --------------------  
      6.667        0.000                      0                   16        0.324        0.000                      0                   16        4.500        0.000                       0                    17  


All user specified timing constraints are met.


------------------------------------------------------------------------------------------------
| Clock Summary
| -------------
------------------------------------------------------------------------------------------------

Clock        Waveform(ns)       Period(ns)      Frequency(MHz)
-----        ------------       ----------      --------------
sys_clk_pin  {0.000 5.000}      10.000          100.000         


------------------------------------------------------------------------------------------------
| Intra Clock Table
| -----------------
------------------------------------------------------------------------------------------------

Clock             WNS(ns)      TNS(ns)  TNS Failing Endpoints  TNS Total Endpoints      WHS(ns)      THS(ns)  THS Failing Endpoints  THS Total Endpoints     WPWS(ns)     TPWS(ns)  TPWS Failing Endpoints  TPWS Total Endpoints  
-----             -------      -------  ---------------------  -------------------      -------      -------  ---------------------  -------------------     --------     --------  ----------------------  --------------------  
sys_clk_pin         6.667        0.000                      0                   16        0.324        0.000                      0                   16        4.500        0.000                       0                    17  


------------------------------------------------------------------------------------------------
| Inter Clock Table
| -----------------
------------------------------------------------------------------------------------------------

From Clock    To Clock          WNS(ns)      TNS(ns)  TNS Failing Endpoints  TNS Total Endpoints      WHS(ns)      THS(ns)  THS Failing Endpoints  THS Total Endpoints  
----------    --------          -------      -------  ---------------------  -------------------      -------      -------  ---------------------  -------------------  


------------------------------------------------------------------------------------------------
| Other Path Groups Table
| -----------------------
------------------------------------------------------------------------------------------------

Path Group    From Clock    To Clock          WNS(ns)      TNS(ns)  TNS Failing Endpoints  TNS Total Endpoints      WHS(ns)      THS(ns)  THS Failing Endpoints  THS Total Endpoints  
----------    ----------    --------          -------      -------  ---------------------  -------------------      -------      -------  ---------------------  -------------------  


------------------------------------------------------------------------------------------------
| Timing Details
| --------------
------------------------------------------------------------------------------------------------


---------------------------------------------------------------------------------------------------
From Clock:  sys_clk_pin
  To Clock:  sys_clk_pin

Setup :            0  Failing Endpoints,  Worst Slack        6.667ns,  Total Violation        0.000ns
Hold  :            0  Failing Endpoints,  Worst Slack        0.324ns,  Total Violation        0.000ns
PW    :            0  Failing Endpoints,  Worst Slack        4.500ns,  Total Violation        0.000ns
---------------------------------------------------------------------------------------------------


Max Delay Paths
--------------------------------------------------------------------------------------
Slack (MET) :             6.667ns  (required time - arrival time)
  Source:                 u_clk_div/num_reg[15]/C
                            (rising edge-triggered cell FDRE clocked by sys_clk_pin  {rise@0.000ns fall@5.000ns period=10.000ns})
  Destination:            u_clk_div/num_reg[15]/D
                            (rising edge-triggered cell FDRE clocked by sys_clk_pin  {rise@0.000ns fall@5.000ns period=10.000ns})
  Path Group:             sys_clk_pin
  Path Type:              Setup (Max at Slow Process Corner)
  Requirement:            10.000ns  (sys_clk_pin rise@10.000ns - sys_clk_pin rise@0.000ns)
  Data Path Delay:        3.360ns  (logic 0.924ns (27.501%)  route 2.436ns (72.499%))
  Logic Levels:           2  (BUFG=1 CARRY4=1)
  Clock Path Skew:        0.000ns (DCD - SCD + CPR)
    Destination Clock Delay (DCD):    4.787ns = ( 14.787 - 10.000 ) 
    Source Clock Delay      (SCD):    5.087ns
    Clock Pessimism Removal (CPR):    0.300ns
  Clock Uncertainty:      0.035ns  ((TSJ^2 + TIJ^2)^1/2 + DJ) / 2 + PE
    Total System Jitter     (TSJ):    0.071ns
    Total Input Jitter      (TIJ):    0.000ns
    Discrete Jitter          (DJ):    0.000ns
    Phase Error              (PE):    0.000ns

    Location             Delay type                Incr(ns)  Path(ns)    Netlist Resource(s)
  -------------------------------------------------------------------    -------------------
                         (clock sys_clk_pin rise edge)
                                                      0.000     0.000 r  
    W5                                                0.000     0.000 r  clk (IN)
                         net (fo=0)                   0.000     0.000    clk
    W5                   IBUF (Prop_ibuf_I_O)         1.458     1.458 r  clk_IBUF_inst/O
                         net (fo=1, routed)           1.967     3.425    clk_IBUF
    BUFGCTRL_X0Y1        BUFG (Prop_bufg_I_O)         0.096     3.521 r  clk_IBUF_BUFG_inst/O
                         net (fo=16, routed)          1.566     5.087    u_clk_div/clk
    SLICE_X36Y47         FDRE                                         r  u_clk_div/num_reg[15]/C
  -------------------------------------------------------------------    -------------------
    SLICE_X36Y47         FDRE (Prop_fdre_C_Q)         0.456     5.543 r  u_clk_div/num_reg[15]/Q
                         net (fo=1, routed)           0.711     6.255    clk_div
    BUFGCTRL_X0Y0        BUFG (Prop_bufg_I_O)         0.096     6.351 r  clk_div_BUFG_inst/O
                         net (fo=65, routed)          1.725     8.075    u_clk_div/CLK
    SLICE_X36Y47         CARRY4 (Prop_carry4_S[3]_O[3])
                                                      0.372     8.447 r  u_clk_div/num_reg[12]_i_1/O[3]
                         net (fo=1, routed)           0.000     8.447    u_clk_div/num_reg[12]_i_1_n_4
    SLICE_X36Y47         FDRE                                         r  u_clk_div/num_reg[15]/D
  -------------------------------------------------------------------    -------------------

                         (clock sys_clk_pin rise edge)
                                                     10.000    10.000 r  
    W5                                                0.000    10.000 r  clk (IN)
                         net (fo=0)                   0.000    10.000    clk
    W5                   IBUF (Prop_ibuf_I_O)         1.388    11.388 r  clk_IBUF_inst/O
                         net (fo=1, routed)           1.862    13.250    clk_IBUF
    BUFGCTRL_X0Y1        BUFG (Prop_bufg_I_O)         0.091    13.341 r  clk_IBUF_BUFG_inst/O
                         net (fo=16, routed)          1.446    14.787    u_clk_div/clk
    SLICE_X36Y47         FDRE                                         r  u_clk_div/num_reg[15]/C
                         clock pessimism              0.300    15.087    
                         clock uncertainty           -0.035    15.052    
    SLICE_X36Y47         FDRE (Setup_fdre_C_D)        0.062    15.114    u_clk_div/num_reg[15]
  -------------------------------------------------------------------
                         required time                         15.114    
                         arrival time                          -8.447    
  -------------------------------------------------------------------
                         slack                                  6.667    

Slack (MET) :             7.599ns  (required time - arrival time)
  Source:                 u_clk_div/num_reg[1]/C
                            (rising edge-triggered cell FDRE clocked by sys_clk_pin  {rise@0.000ns fall@5.000ns period=10.000ns})
  Destination:            u_clk_div/num_reg[13]/D
                            (rising edge-triggered cell FDRE clocked by sys_clk_pin  {rise@0.000ns fall@5.000ns period=10.000ns})
  Path Group:             sys_clk_pin
  Path Type:              Setup (Max at Slow Process Corner)
  Requirement:            10.000ns  (sys_clk_pin rise@10.000ns - sys_clk_pin rise@0.000ns)
  Data Path Delay:        2.404ns  (logic 1.692ns (70.382%)  route 0.712ns (29.618%))
  Logic Levels:           4  (CARRY4=4)
  Clock Path Skew:        -0.024ns (DCD - SCD + CPR)
    Destination Clock Delay (DCD):    4.787ns = ( 14.787 - 10.000 ) 
    Source Clock Delay      (SCD):    5.086ns
    Clock Pessimism Removal (CPR):    0.275ns
  Clock Uncertainty:      0.035ns  ((TSJ^2 + TIJ^2)^1/2 + DJ) / 2 + PE
    Total System Jitter     (TSJ):    0.071ns
    Total Input Jitter      (TIJ):    0.000ns
    Discrete Jitter          (DJ):    0.000ns
    Phase Error              (PE):    0.000ns

    Location             Delay type                Incr(ns)  Path(ns)    Netlist Resource(s)
  -------------------------------------------------------------------    -------------------
                         (clock sys_clk_pin rise edge)
                                                      0.000     0.000 r  
    W5                                                0.000     0.000 r  clk (IN)
                         net (fo=0)                   0.000     0.000    clk
    W5                   IBUF (Prop_ibuf_I_O)         1.458     1.458 r  clk_IBUF_inst/O
                         net (fo=1, routed)           1.967     3.425    clk_IBUF
    BUFGCTRL_X0Y1        BUFG (Prop_bufg_I_O)         0.096     3.521 r  clk_IBUF_BUFG_inst/O
                         net (fo=16, routed)          1.565     5.086    u_clk_div/clk
    SLICE_X36Y44         FDRE                                         r  u_clk_div/num_reg[1]/C
  -------------------------------------------------------------------    -------------------
    SLICE_X36Y44         FDRE (Prop_fdre_C_Q)         0.456     5.542 r  u_clk_div/num_reg[1]/Q
                         net (fo=1, routed)           0.712     6.254    u_clk_div/num_reg_n_0_[1]
    SLICE_X36Y44         CARRY4 (Prop_carry4_S[1]_CO[3])
                                                      0.674     6.928 r  u_clk_div/num_reg[0]_i_1/CO[3]
                         net (fo=1, routed)           0.000     6.928    u_clk_div/num_reg[0]_i_1_n_0
    SLICE_X36Y45         CARRY4 (Prop_carry4_CI_CO[3])
                                                      0.114     7.042 r  u_clk_div/num_reg[4]_i_1/CO[3]
                         net (fo=1, routed)           0.000     7.042    u_clk_div/num_reg[4]_i_1_n_0
    SLICE_X36Y46         CARRY4 (Prop_carry4_CI_CO[3])
                                                      0.114     7.156 r  u_clk_div/num_reg[8]_i_1/CO[3]
                         net (fo=1, routed)           0.000     7.156    u_clk_div/num_reg[8]_i_1_n_0
    SLICE_X36Y47         CARRY4 (Prop_carry4_CI_O[1])
                                                      0.334     7.490 r  u_clk_div/num_reg[12]_i_1/O[1]
                         net (fo=1, routed)           0.000     7.490    u_clk_div/num_reg[12]_i_1_n_6
    SLICE_X36Y47         FDRE                                         r  u_clk_div/num_reg[13]/D
  -------------------------------------------------------------------    -------------------

                         (clock sys_clk_pin rise edge)
                                                     10.000    10.000 r  
    W5                                                0.000    10.000 r  clk (IN)
                         net (fo=0)                   0.000    10.000    clk
    W5                   IBUF (Prop_ibuf_I_O)         1.388    11.388 r  clk_IBUF_inst/O
                         net (fo=1, routed)           1.862    13.250    clk_IBUF
    BUFGCTRL_X0Y1        BUFG (Prop_bufg_I_O)         0.091    13.341 r  clk_IBUF_BUFG_inst/O
                         net (fo=16, routed)          1.446    14.787    u_clk_div/clk
    SLICE_X36Y47         FDRE                                         r  u_clk_div/num_reg[13]/C
                         clock pessimism              0.275    15.062    
                         clock uncertainty           -0.035    15.027    
    SLICE_X36Y47         FDRE (Setup_fdre_C_D)        0.062    15.089    u_clk_div/num_reg[13]
  -------------------------------------------------------------------
                         required time                         15.089    
                         arrival time                          -7.490    
  -------------------------------------------------------------------
                         slack                                  7.599    

Slack (MET) :             7.694ns  (required time - arrival time)
  Source:                 u_clk_div/num_reg[1]/C
                            (rising edge-triggered cell FDRE clocked by sys_clk_pin  {rise@0.000ns fall@5.000ns period=10.000ns})
  Destination:            u_clk_div/num_reg[14]/D
                            (rising edge-triggered cell FDRE clocked by sys_clk_pin  {rise@0.000ns fall@5.000ns period=10.000ns})
  Path Group:             sys_clk_pin
  Path Type:              Setup (Max at Slow Process Corner)
  Requirement:            10.000ns  (sys_clk_pin rise@10.000ns - sys_clk_pin rise@0.000ns)
  Data Path Delay:        2.309ns  (logic 1.597ns (69.164%)  route 0.712ns (30.836%))
  Logic Levels:           4  (CARRY4=4)
  Clock Path Skew:        -0.024ns (DCD - SCD + CPR)
    Destination Clock Delay (DCD):    4.787ns = ( 14.787 - 10.000 ) 
    Source Clock Delay      (SCD):    5.086ns
    Clock Pessimism Removal (CPR):    0.275ns
  Clock Uncertainty:      0.035ns  ((TSJ^2 + TIJ^2)^1/2 + DJ) / 2 + PE
    Total System Jitter     (TSJ):    0.071ns
    Total Input Jitter      (TIJ):    0.000ns
    Discrete Jitter          (DJ):    0.000ns
    Phase Error              (PE):    0.000ns

    Location             Delay type                Incr(ns)  Path(ns)    Netlist Resource(s)
  -------------------------------------------------------------------    -------------------
                         (clock sys_clk_pin rise edge)
                                                      0.000     0.000 r  
    W5                                                0.000     0.000 r  clk (IN)
                         net (fo=0)                   0.000     0.000    clk
    W5                   IBUF (Prop_ibuf_I_O)         1.458     1.458 r  clk_IBUF_inst/O
                         net (fo=1, routed)           1.967     3.425    clk_IBUF
    BUFGCTRL_X0Y1        BUFG (Prop_bufg_I_O)         0.096     3.521 r  clk_IBUF_BUFG_inst/O
                         net (fo=16, routed)          1.565     5.086    u_clk_div/clk
    SLICE_X36Y44         FDRE                                         r  u_clk_div/num_reg[1]/C
  -------------------------------------------------------------------    -------------------
    SLICE_X36Y44         FDRE (Prop_fdre_C_Q)         0.456     5.542 r  u_clk_div/num_reg[1]/Q
                         net (fo=1, routed)           0.712     6.254    u_clk_div/num_reg_n_0_[1]
    SLICE_X36Y44         CARRY4 (Prop_carry4_S[1]_CO[3])
                                                      0.674     6.928 r  u_clk_div/num_reg[0]_i_1/CO[3]
                         net (fo=1, routed)           0.000     6.928    u_clk_div/num_reg[0]_i_1_n_0
    SLICE_X36Y45         CARRY4 (Prop_carry4_CI_CO[3])
                                                      0.114     7.042 r  u_clk_div/num_reg[4]_i_1/CO[3]
                         net (fo=1, routed)           0.000     7.042    u_clk_div/num_reg[4]_i_1_n_0
    SLICE_X36Y46         CARRY4 (Prop_carry4_CI_CO[3])
                                                      0.114     7.156 r  u_clk_div/num_reg[8]_i_1/CO[3]
                         net (fo=1, routed)           0.000     7.156    u_clk_div/num_reg[8]_i_1_n_0
    SLICE_X36Y47         CARRY4 (Prop_carry4_CI_O[2])
                                                      0.239     7.395 r  u_clk_div/num_reg[12]_i_1/O[2]
                         net (fo=1, routed)           0.000     7.395    u_clk_div/num_reg[12]_i_1_n_5
    SLICE_X36Y47         FDRE                                         r  u_clk_div/num_reg[14]/D
  -------------------------------------------------------------------    -------------------

                         (clock sys_clk_pin rise edge)
                                                     10.000    10.000 r  
    W5                                                0.000    10.000 r  clk (IN)
                         net (fo=0)                   0.000    10.000    clk
    W5                   IBUF (Prop_ibuf_I_O)         1.388    11.388 r  clk_IBUF_inst/O
                         net (fo=1, routed)           1.862    13.250    clk_IBUF
    BUFGCTRL_X0Y1        BUFG (Prop_bufg_I_O)         0.091    13.341 r  clk_IBUF_BUFG_inst/O
                         net (fo=16, routed)          1.446    14.787    u_clk_div/clk
    SLICE_X36Y47         FDRE                                         r  u_clk_div/num_reg[14]/C
                         clock pessimism              0.275    15.062    
                         clock uncertainty           -0.035    15.027    
    SLICE_X36Y47         FDRE (Setup_fdre_C_D)        0.062    15.089    u_clk_div/num_reg[14]
  -------------------------------------------------------------------
                         required time                         15.089    
                         arrival time                          -7.395    
  -------------------------------------------------------------------
                         slack                                  7.694    

Slack (MET) :             7.710ns  (required time - arrival time)
  Source:                 u_clk_div/num_reg[1]/C
                            (rising edge-triggered cell FDRE clocked by sys_clk_pin  {rise@0.000ns fall@5.000ns period=10.000ns})
  Destination:            u_clk_div/num_reg[12]/D
                            (rising edge-triggered cell FDRE clocked by sys_clk_pin  {rise@0.000ns fall@5.000ns period=10.000ns})
  Path Group:             sys_clk_pin
  Path Type:              Setup (Max at Slow Process Corner)
  Requirement:            10.000ns  (sys_clk_pin rise@10.000ns - sys_clk_pin rise@0.000ns)
  Data Path Delay:        2.293ns  (logic 1.581ns (68.949%)  route 0.712ns (31.051%))
  Logic Levels:           4  (CARRY4=4)
  Clock Path Skew:        -0.024ns (DCD - SCD + CPR)
    Destination Clock Delay (DCD):    4.787ns = ( 14.787 - 10.000 ) 
    Source Clock Delay      (SCD):    5.086ns
    Clock Pessimism Removal (CPR):    0.275ns
  Clock Uncertainty:      0.035ns  ((TSJ^2 + TIJ^2)^1/2 + DJ) / 2 + PE
    Total System Jitter     (TSJ):    0.071ns
    Total Input Jitter      (TIJ):    0.000ns
    Discrete Jitter          (DJ):    0.000ns
    Phase Error              (PE):    0.000ns

    Location             Delay type                Incr(ns)  Path(ns)    Netlist Resource(s)
  -------------------------------------------------------------------    -------------------
                         (clock sys_clk_pin rise edge)
                                                      0.000     0.000 r  
    W5                                                0.000     0.000 r  clk (IN)
                         net (fo=0)                   0.000     0.000    clk
    W5                   IBUF (Prop_ibuf_I_O)         1.458     1.458 r  clk_IBUF_inst/O
                         net (fo=1, routed)           1.967     3.425    clk_IBUF
    BUFGCTRL_X0Y1        BUFG (Prop_bufg_I_O)         0.096     3.521 r  clk_IBUF_BUFG_inst/O
                         net (fo=16, routed)          1.565     5.086    u_clk_div/clk
    SLICE_X36Y44         FDRE                                         r  u_clk_div/num_reg[1]/C
  -------------------------------------------------------------------    -------------------
    SLICE_X36Y44         FDRE (Prop_fdre_C_Q)         0.456     5.542 r  u_clk_div/num_reg[1]/Q
                         net (fo=1, routed)           0.712     6.254    u_clk_div/num_reg_n_0_[1]
    SLICE_X36Y44         CARRY4 (Prop_carry4_S[1]_CO[3])
                                                      0.674     6.928 r  u_clk_div/num_reg[0]_i_1/CO[3]
                         net (fo=1, routed)           0.000     6.928    u_clk_div/num_reg[0]_i_1_n_0
    SLICE_X36Y45         CARRY4 (Prop_carry4_CI_CO[3])
                                                      0.114     7.042 r  u_clk_div/num_reg[4]_i_1/CO[3]
                         net (fo=1, routed)           0.000     7.042    u_clk_div/num_reg[4]_i_1_n_0
    SLICE_X36Y46         CARRY4 (Prop_carry4_CI_CO[3])
                                                      0.114     7.156 r  u_clk_div/num_reg[8]_i_1/CO[3]
                         net (fo=1, routed)           0.000     7.156    u_clk_div/num_reg[8]_i_1_n_0
    SLICE_X36Y47         CARRY4 (Prop_carry4_CI_O[0])
                                                      0.223     7.379 r  u_clk_div/num_reg[12]_i_1/O[0]
                         net (fo=1, routed)           0.000     7.379    u_clk_div/num_reg[12]_i_1_n_7
    SLICE_X36Y47         FDRE                                         r  u_clk_div/num_reg[12]/D
  -------------------------------------------------------------------    -------------------

                         (clock sys_clk_pin rise edge)
                                                     10.000    10.000 r  
    W5                                                0.000    10.000 r  clk (IN)
                         net (fo=0)                   0.000    10.000    clk
    W5                   IBUF (Prop_ibuf_I_O)         1.388    11.388 r  clk_IBUF_inst/O
                         net (fo=1, routed)           1.862    13.250    clk_IBUF
    BUFGCTRL_X0Y1        BUFG (Prop_bufg_I_O)         0.091    13.341 r  clk_IBUF_BUFG_inst/O
                         net (fo=16, routed)          1.446    14.787    u_clk_div/clk
    SLICE_X36Y47         FDRE                                         r  u_clk_div/num_reg[12]/C
                         clock pessimism              0.275    15.062    
                         clock uncertainty           -0.035    15.027    
    SLICE_X36Y47         FDRE (Setup_fdre_C_D)        0.062    15.089    u_clk_div/num_reg[12]
  -------------------------------------------------------------------
                         required time                         15.089    
                         arrival time                          -7.379    
  -------------------------------------------------------------------
                         slack                                  7.710    

Slack (MET) :             7.712ns  (required time - arrival time)
  Source:                 u_clk_div/num_reg[1]/C
                            (rising edge-triggered cell FDRE clocked by sys_clk_pin  {rise@0.000ns fall@5.000ns period=10.000ns})
  Destination:            u_clk_div/num_reg[9]/D
                            (rising edge-triggered cell FDRE clocked by sys_clk_pin  {rise@0.000ns fall@5.000ns period=10.000ns})
  Path Group:             sys_clk_pin
  Path Type:              Setup (Max at Slow Process Corner)
  Requirement:            10.000ns  (sys_clk_pin rise@10.000ns - sys_clk_pin rise@0.000ns)
  Data Path Delay:        2.290ns  (logic 1.578ns (68.908%)  route 0.712ns (31.092%))
  Logic Levels:           3  (CARRY4=3)
  Clock Path Skew:        -0.025ns (DCD - SCD + CPR)
    Destination Clock Delay (DCD):    4.786ns = ( 14.786 - 10.000 ) 
    Source Clock Delay      (SCD):    5.086ns
    Clock Pessimism Removal (CPR):    0.275ns
  Clock Uncertainty:      0.035ns  ((TSJ^2 + TIJ^2)^1/2 + DJ) / 2 + PE
    Total System Jitter     (TSJ):    0.071ns
    Total Input Jitter      (TIJ):    0.000ns
    Discrete Jitter          (DJ):    0.000ns
    Phase Error              (PE):    0.000ns

    Location             Delay type                Incr(ns)  Path(ns)    Netlist Resource(s)
  -------------------------------------------------------------------    -------------------
                         (clock sys_clk_pin rise edge)
                                                      0.000     0.000 r  
    W5                                                0.000     0.000 r  clk (IN)
                         net (fo=0)                   0.000     0.000    clk
    W5                   IBUF (Prop_ibuf_I_O)         1.458     1.458 r  clk_IBUF_inst/O
                         net (fo=1, routed)           1.967     3.425    clk_IBUF
    BUFGCTRL_X0Y1        BUFG (Prop_bufg_I_O)         0.096     3.521 r  clk_IBUF_BUFG_inst/O
                         net (fo=16, routed)          1.565     5.086    u_clk_div/clk
    SLICE_X36Y44         FDRE                                         r  u_clk_div/num_reg[1]/C
  -------------------------------------------------------------------    -------------------
    SLICE_X36Y44         FDRE (Prop_fdre_C_Q)         0.456     5.542 r  u_clk_div/num_reg[1]/Q
                         net (fo=1, routed)           0.712     6.254    u_clk_div/num_reg_n_0_[1]
    SLICE_X36Y44         CARRY4 (Prop_carry4_S[1]_CO[3])
                                                      0.674     6.928 r  u_clk_div/num_reg[0]_i_1/CO[3]
                         net (fo=1, routed)           0.000     6.928    u_clk_div/num_reg[0]_i_1_n_0
    SLICE_X36Y45         CARRY4 (Prop_carry4_CI_CO[3])
                                                      0.114     7.042 r  u_clk_div/num_reg[4]_i_1/CO[3]
                         net (fo=1, routed)           0.000     7.042    u_clk_div/num_reg[4]_i_1_n_0
    SLICE_X36Y46         CARRY4 (Prop_carry4_CI_O[1])
                                                      0.334     7.376 r  u_clk_div/num_reg[8]_i_1/O[1]
                         net (fo=1, routed)           0.000     7.376    u_clk_div/num_reg[8]_i_1_n_6
    SLICE_X36Y46         FDRE                                         r  u_clk_div/num_reg[9]/D
  -------------------------------------------------------------------    -------------------

                         (clock sys_clk_pin rise edge)
                                                     10.000    10.000 r  
    W5                                                0.000    10.000 r  clk (IN)
                         net (fo=0)                   0.000    10.000    clk
    W5                   IBUF (Prop_ibuf_I_O)         1.388    11.388 r  clk_IBUF_inst/O
                         net (fo=1, routed)           1.862    13.250    clk_IBUF
    BUFGCTRL_X0Y1        BUFG (Prop_bufg_I_O)         0.091    13.341 r  clk_IBUF_BUFG_inst/O
                         net (fo=16, routed)          1.445    14.786    u_clk_div/clk
    SLICE_X36Y46         FDRE                                         r  u_clk_div/num_reg[9]/C
                         clock pessimism              0.275    15.061    
                         clock uncertainty           -0.035    15.026    
    SLICE_X36Y46         FDRE (Setup_fdre_C_D)        0.062    15.088    u_clk_div/num_reg[9]
  -------------------------------------------------------------------
                         required time                         15.088    
                         arrival time                          -7.376    
  -------------------------------------------------------------------
                         slack                                  7.712    

Slack (MET) :             7.733ns  (required time - arrival time)
  Source:                 u_clk_div/num_reg[1]/C
                            (rising edge-triggered cell FDRE clocked by sys_clk_pin  {rise@0.000ns fall@5.000ns period=10.000ns})
  Destination:            u_clk_div/num_reg[11]/D
                            (rising edge-triggered cell FDRE clocked by sys_clk_pin  {rise@0.000ns fall@5.000ns period=10.000ns})
  Path Group:             sys_clk_pin
  Path Type:              Setup (Max at Slow Process Corner)
  Requirement:            10.000ns  (sys_clk_pin rise@10.000ns - sys_clk_pin rise@0.000ns)
  Data Path Delay:        2.269ns  (logic 1.557ns (68.620%)  route 0.712ns (31.380%))
  Logic Levels:           3  (CARRY4=3)
  Clock Path Skew:        -0.025ns (DCD - SCD + CPR)
    Destination Clock Delay (DCD):    4.786ns = ( 14.786 - 10.000 ) 
    Source Clock Delay      (SCD):    5.086ns
    Clock Pessimism Removal (CPR):    0.275ns
  Clock Uncertainty:      0.035ns  ((TSJ^2 + TIJ^2)^1/2 + DJ) / 2 + PE
    Total System Jitter     (TSJ):    0.071ns
    Total Input Jitter      (TIJ):    0.000ns
    Discrete Jitter          (DJ):    0.000ns
    Phase Error              (PE):    0.000ns

    Location             Delay type                Incr(ns)  Path(ns)    Netlist Resource(s)
  -------------------------------------------------------------------    -------------------
                         (clock sys_clk_pin rise edge)
                                                      0.000     0.000 r  
    W5                                                0.000     0.000 r  clk (IN)
                         net (fo=0)                   0.000     0.000    clk
    W5                   IBUF (Prop_ibuf_I_O)         1.458     1.458 r  clk_IBUF_inst/O
                         net (fo=1, routed)           1.967     3.425    clk_IBUF
    BUFGCTRL_X0Y1        BUFG (Prop_bufg_I_O)         0.096     3.521 r  clk_IBUF_BUFG_inst/O
                         net (fo=16, routed)          1.565     5.086    u_clk_div/clk
    SLICE_X36Y44         FDRE                                         r  u_clk_div/num_reg[1]/C
  -------------------------------------------------------------------    -------------------
    SLICE_X36Y44         FDRE (Prop_fdre_C_Q)         0.456     5.542 r  u_clk_div/num_reg[1]/Q
                         net (fo=1, routed)           0.712     6.254    u_clk_div/num_reg_n_0_[1]
    SLICE_X36Y44         CARRY4 (Prop_carry4_S[1]_CO[3])
                                                      0.674     6.928 r  u_clk_div/num_reg[0]_i_1/CO[3]
                         net (fo=1, routed)           0.000     6.928    u_clk_div/num_reg[0]_i_1_n_0
    SLICE_X36Y45         CARRY4 (Prop_carry4_CI_CO[3])
                                                      0.114     7.042 r  u_clk_div/num_reg[4]_i_1/CO[3]
                         net (fo=1, routed)           0.000     7.042    u_clk_div/num_reg[4]_i_1_n_0
    SLICE_X36Y46         CARRY4 (Prop_carry4_CI_O[3])
                                                      0.313     7.355 r  u_clk_div/num_reg[8]_i_1/O[3]
                         net (fo=1, routed)           0.000     7.355    u_clk_div/num_reg[8]_i_1_n_4
    SLICE_X36Y46         FDRE                                         r  u_clk_div/num_reg[11]/D
  -------------------------------------------------------------------    -------------------

                         (clock sys_clk_pin rise edge)
                                                     10.000    10.000 r  
    W5                                                0.000    10.000 r  clk (IN)
                         net (fo=0)                   0.000    10.000    clk
    W5                   IBUF (Prop_ibuf_I_O)         1.388    11.388 r  clk_IBUF_inst/O
                         net (fo=1, routed)           1.862    13.250    clk_IBUF
    BUFGCTRL_X0Y1        BUFG (Prop_bufg_I_O)         0.091    13.341 r  clk_IBUF_BUFG_inst/O
                         net (fo=16, routed)          1.445    14.786    u_clk_div/clk
    SLICE_X36Y46         FDRE                                         r  u_clk_div/num_reg[11]/C
                         clock pessimism              0.275    15.061    
                         clock uncertainty           -0.035    15.026    
    SLICE_X36Y46         FDRE (Setup_fdre_C_D)        0.062    15.088    u_clk_div/num_reg[11]
  -------------------------------------------------------------------
                         required time                         15.088    
                         arrival time                          -7.355    
  -------------------------------------------------------------------
                         slack                                  7.733    

Slack (MET) :             7.807ns  (required time - arrival time)
  Source:                 u_clk_div/num_reg[1]/C
                            (rising edge-triggered cell FDRE clocked by sys_clk_pin  {rise@0.000ns fall@5.000ns period=10.000ns})
  Destination:            u_clk_div/num_reg[10]/D
                            (rising edge-triggered cell FDRE clocked by sys_clk_pin  {rise@0.000ns fall@5.000ns period=10.000ns})
  Path Group:             sys_clk_pin
  Path Type:              Setup (Max at Slow Process Corner)
  Requirement:            10.000ns  (sys_clk_pin rise@10.000ns - sys_clk_pin rise@0.000ns)
  Data Path Delay:        2.195ns  (logic 1.483ns (67.562%)  route 0.712ns (32.438%))
  Logic Levels:           3  (CARRY4=3)
  Clock Path Skew:        -0.025ns (DCD - SCD + CPR)
    Destination Clock Delay (DCD):    4.786ns = ( 14.786 - 10.000 ) 
    Source Clock Delay      (SCD):    5.086ns
    Clock Pessimism Removal (CPR):    0.275ns
  Clock Uncertainty:      0.035ns  ((TSJ^2 + TIJ^2)^1/2 + DJ) / 2 + PE
    Total System Jitter     (TSJ):    0.071ns
    Total Input Jitter      (TIJ):    0.000ns
    Discrete Jitter          (DJ):    0.000ns
    Phase Error              (PE):    0.000ns

    Location             Delay type                Incr(ns)  Path(ns)    Netlist Resource(s)
  -------------------------------------------------------------------    -------------------
                         (clock sys_clk_pin rise edge)
                                                      0.000     0.000 r  
    W5                                                0.000     0.000 r  clk (IN)
                         net (fo=0)                   0.000     0.000    clk
    W5                   IBUF (Prop_ibuf_I_O)         1.458     1.458 r  clk_IBUF_inst/O
                         net (fo=1, routed)           1.967     3.425    clk_IBUF
    BUFGCTRL_X0Y1        BUFG (Prop_bufg_I_O)         0.096     3.521 r  clk_IBUF_BUFG_inst/O
                         net (fo=16, routed)          1.565     5.086    u_clk_div/clk
    SLICE_X36Y44         FDRE                                         r  u_clk_div/num_reg[1]/C
  -------------------------------------------------------------------    -------------------
    SLICE_X36Y44         FDRE (Prop_fdre_C_Q)         0.456     5.542 r  u_clk_div/num_reg[1]/Q
                         net (fo=1, routed)           0.712     6.254    u_clk_div/num_reg_n_0_[1]
    SLICE_X36Y44         CARRY4 (Prop_carry4_S[1]_CO[3])
                                                      0.674     6.928 r  u_clk_div/num_reg[0]_i_1/CO[3]
                         net (fo=1, routed)           0.000     6.928    u_clk_div/num_reg[0]_i_1_n_0
    SLICE_X36Y45         CARRY4 (Prop_carry4_CI_CO[3])
                                                      0.114     7.042 r  u_clk_div/num_reg[4]_i_1/CO[3]
                         net (fo=1, routed)           0.000     7.042    u_clk_div/num_reg[4]_i_1_n_0
    SLICE_X36Y46         CARRY4 (Prop_carry4_CI_O[2])
                                                      0.239     7.281 r  u_clk_div/num_reg[8]_i_1/O[2]
                         net (fo=1, routed)           0.000     7.281    u_clk_div/num_reg[8]_i_1_n_5
    SLICE_X36Y46         FDRE                                         r  u_clk_div/num_reg[10]/D
  -------------------------------------------------------------------    -------------------

                         (clock sys_clk_pin rise edge)
                                                     10.000    10.000 r  
    W5                                                0.000    10.000 r  clk (IN)
                         net (fo=0)                   0.000    10.000    clk
    W5                   IBUF (Prop_ibuf_I_O)         1.388    11.388 r  clk_IBUF_inst/O
                         net (fo=1, routed)           1.862    13.250    clk_IBUF
    BUFGCTRL_X0Y1        BUFG (Prop_bufg_I_O)         0.091    13.341 r  clk_IBUF_BUFG_inst/O
                         net (fo=16, routed)          1.445    14.786    u_clk_div/clk
    SLICE_X36Y46         FDRE                                         r  u_clk_div/num_reg[10]/C
                         clock pessimism              0.275    15.061    
                         clock uncertainty           -0.035    15.026    
    SLICE_X36Y46         FDRE (Setup_fdre_C_D)        0.062    15.088    u_clk_div/num_reg[10]
  -------------------------------------------------------------------
                         required time                         15.088    
                         arrival time                          -7.281    
  -------------------------------------------------------------------
                         slack                                  7.807    

Slack (MET) :             7.823ns  (required time - arrival time)
  Source:                 u_clk_div/num_reg[1]/C
                            (rising edge-triggered cell FDRE clocked by sys_clk_pin  {rise@0.000ns fall@5.000ns period=10.000ns})
  Destination:            u_clk_div/num_reg[8]/D
                            (rising edge-triggered cell FDRE clocked by sys_clk_pin  {rise@0.000ns fall@5.000ns period=10.000ns})
  Path Group:             sys_clk_pin
  Path Type:              Setup (Max at Slow Process Corner)
  Requirement:            10.000ns  (sys_clk_pin rise@10.000ns - sys_clk_pin rise@0.000ns)
  Data Path Delay:        2.179ns  (logic 1.467ns (67.324%)  route 0.712ns (32.676%))
  Logic Levels:           3  (CARRY4=3)
  Clock Path Skew:        -0.025ns (DCD - SCD + CPR)
    Destination Clock Delay (DCD):    4.786ns = ( 14.786 - 10.000 ) 
    Source Clock Delay      (SCD):    5.086ns
    Clock Pessimism Removal (CPR):    0.275ns
  Clock Uncertainty:      0.035ns  ((TSJ^2 + TIJ^2)^1/2 + DJ) / 2 + PE
    Total System Jitter     (TSJ):    0.071ns
    Total Input Jitter      (TIJ):    0.000ns
    Discrete Jitter          (DJ):    0.000ns
    Phase Error              (PE):    0.000ns

    Location             Delay type                Incr(ns)  Path(ns)    Netlist Resource(s)
  -------------------------------------------------------------------    -------------------
                         (clock sys_clk_pin rise edge)
                                                      0.000     0.000 r  
    W5                                                0.000     0.000 r  clk (IN)
                         net (fo=0)                   0.000     0.000    clk
    W5                   IBUF (Prop_ibuf_I_O)         1.458     1.458 r  clk_IBUF_inst/O
                         net (fo=1, routed)           1.967     3.425    clk_IBUF
    BUFGCTRL_X0Y1        BUFG (Prop_bufg_I_O)         0.096     3.521 r  clk_IBUF_BUFG_inst/O
                         net (fo=16, routed)          1.565     5.086    u_clk_div/clk
    SLICE_X36Y44         FDRE                                         r  u_clk_div/num_reg[1]/C
  -------------------------------------------------------------------    -------------------
    SLICE_X36Y44         FDRE (Prop_fdre_C_Q)         0.456     5.542 r  u_clk_div/num_reg[1]/Q
                         net (fo=1, routed)           0.712     6.254    u_clk_div/num_reg_n_0_[1]
    SLICE_X36Y44         CARRY4 (Prop_carry4_S[1]_CO[3])
                                                      0.674     6.928 r  u_clk_div/num_reg[0]_i_1/CO[3]
                         net (fo=1, routed)           0.000     6.928    u_clk_div/num_reg[0]_i_1_n_0
    SLICE_X36Y45         CARRY4 (Prop_carry4_CI_CO[3])
                                                      0.114     7.042 r  u_clk_div/num_reg[4]_i_1/CO[3]
                         net (fo=1, routed)           0.000     7.042    u_clk_div/num_reg[4]_i_1_n_0
    SLICE_X36Y46         CARRY4 (Prop_carry4_CI_O[0])
                                                      0.223     7.265 r  u_clk_div/num_reg[8]_i_1/O[0]
                         net (fo=1, routed)           0.000     7.265    u_clk_div/num_reg[8]_i_1_n_7
    SLICE_X36Y46         FDRE                                         r  u_clk_div/num_reg[8]/D
  -------------------------------------------------------------------    -------------------

                         (clock sys_clk_pin rise edge)
                                                     10.000    10.000 r  
    W5                                                0.000    10.000 r  clk (IN)
                         net (fo=0)                   0.000    10.000    clk
    W5                   IBUF (Prop_ibuf_I_O)         1.388    11.388 r  clk_IBUF_inst/O
                         net (fo=1, routed)           1.862    13.250    clk_IBUF
    BUFGCTRL_X0Y1        BUFG (Prop_bufg_I_O)         0.091    13.341 r  clk_IBUF_BUFG_inst/O
                         net (fo=16, routed)          1.445    14.786    u_clk_div/clk
    SLICE_X36Y46         FDRE                                         r  u_clk_div/num_reg[8]/C
                         clock pessimism              0.275    15.061    
                         clock uncertainty           -0.035    15.026    
    SLICE_X36Y46         FDRE (Setup_fdre_C_D)        0.062    15.088    u_clk_div/num_reg[8]
  -------------------------------------------------------------------
                         required time                         15.088    
                         arrival time                          -7.265    
  -------------------------------------------------------------------
                         slack                                  7.823    

Slack (MET) :             7.826ns  (required time - arrival time)
  Source:                 u_clk_div/num_reg[1]/C
                            (rising edge-triggered cell FDRE clocked by sys_clk_pin  {rise@0.000ns fall@5.000ns period=10.000ns})
  Destination:            u_clk_div/num_reg[5]/D
                            (rising edge-triggered cell FDRE clocked by sys_clk_pin  {rise@0.000ns fall@5.000ns period=10.000ns})
  Path Group:             sys_clk_pin
  Path Type:              Setup (Max at Slow Process Corner)
  Requirement:            10.000ns  (sys_clk_pin rise@10.000ns - sys_clk_pin rise@0.000ns)
  Data Path Delay:        2.176ns  (logic 1.464ns (67.279%)  route 0.712ns (32.721%))
  Logic Levels:           2  (CARRY4=2)
  Clock Path Skew:        -0.025ns (DCD - SCD + CPR)
    Destination Clock Delay (DCD):    4.786ns = ( 14.786 - 10.000 ) 
    Source Clock Delay      (SCD):    5.086ns
    Clock Pessimism Removal (CPR):    0.275ns
  Clock Uncertainty:      0.035ns  ((TSJ^2 + TIJ^2)^1/2 + DJ) / 2 + PE
    Total System Jitter     (TSJ):    0.071ns
    Total Input Jitter      (TIJ):    0.000ns
    Discrete Jitter          (DJ):    0.000ns
    Phase Error              (PE):    0.000ns

    Location             Delay type                Incr(ns)  Path(ns)    Netlist Resource(s)
  -------------------------------------------------------------------    -------------------
                         (clock sys_clk_pin rise edge)
                                                      0.000     0.000 r  
    W5                                                0.000     0.000 r  clk (IN)
                         net (fo=0)                   0.000     0.000    clk
    W5                   IBUF (Prop_ibuf_I_O)         1.458     1.458 r  clk_IBUF_inst/O
                         net (fo=1, routed)           1.967     3.425    clk_IBUF
    BUFGCTRL_X0Y1        BUFG (Prop_bufg_I_O)         0.096     3.521 r  clk_IBUF_BUFG_inst/O
                         net (fo=16, routed)          1.565     5.086    u_clk_div/clk
    SLICE_X36Y44         FDRE                                         r  u_clk_div/num_reg[1]/C
  -------------------------------------------------------------------    -------------------
    SLICE_X36Y44         FDRE (Prop_fdre_C_Q)         0.456     5.542 r  u_clk_div/num_reg[1]/Q
                         net (fo=1, routed)           0.712     6.254    u_clk_div/num_reg_n_0_[1]
    SLICE_X36Y44         CARRY4 (Prop_carry4_S[1]_CO[3])
                                                      0.674     6.928 r  u_clk_div/num_reg[0]_i_1/CO[3]
                         net (fo=1, routed)           0.000     6.928    u_clk_div/num_reg[0]_i_1_n_0
    SLICE_X36Y45         CARRY4 (Prop_carry4_CI_O[1])
                                                      0.334     7.262 r  u_clk_div/num_reg[4]_i_1/O[1]
                         net (fo=1, routed)           0.000     7.262    u_clk_div/num_reg[4]_i_1_n_6
    SLICE_X36Y45         FDRE                                         r  u_clk_div/num_reg[5]/D
  -------------------------------------------------------------------    -------------------

                         (clock sys_clk_pin rise edge)
                                                     10.000    10.000 r  
    W5                                                0.000    10.000 r  clk (IN)
                         net (fo=0)                   0.000    10.000    clk
    W5                   IBUF (Prop_ibuf_I_O)         1.388    11.388 r  clk_IBUF_inst/O
                         net (fo=1, routed)           1.862    13.250    clk_IBUF
    BUFGCTRL_X0Y1        BUFG (Prop_bufg_I_O)         0.091    13.341 r  clk_IBUF_BUFG_inst/O
                         net (fo=16, routed)          1.445    14.786    u_clk_div/clk
    SLICE_X36Y45         FDRE                                         r  u_clk_div/num_reg[5]/C
                         clock pessimism              0.275    15.061    
                         clock uncertainty           -0.035    15.026    
    SLICE_X36Y45         FDRE (Setup_fdre_C_D)        0.062    15.088    u_clk_div/num_reg[5]
  -------------------------------------------------------------------
                         required time                         15.088    
                         arrival time                          -7.262    
  -------------------------------------------------------------------
                         slack                                  7.826    

Slack (MET) :             7.847ns  (required time - arrival time)
  Source:                 u_clk_div/num_reg[1]/C
                            (rising edge-triggered cell FDRE clocked by sys_clk_pin  {rise@0.000ns fall@5.000ns period=10.000ns})
  Destination:            u_clk_div/num_reg[7]/D
                            (rising edge-triggered cell FDRE clocked by sys_clk_pin  {rise@0.000ns fall@5.000ns period=10.000ns})
  Path Group:             sys_clk_pin
  Path Type:              Setup (Max at Slow Process Corner)
  Requirement:            10.000ns  (sys_clk_pin rise@10.000ns - sys_clk_pin rise@0.000ns)
  Data Path Delay:        2.155ns  (logic 1.443ns (66.960%)  route 0.712ns (33.040%))
  Logic Levels:           2  (CARRY4=2)
  Clock Path Skew:        -0.025ns (DCD - SCD + CPR)
    Destination Clock Delay (DCD):    4.786ns = ( 14.786 - 10.000 ) 
    Source Clock Delay      (SCD):    5.086ns
    Clock Pessimism Removal (CPR):    0.275ns
  Clock Uncertainty:      0.035ns  ((TSJ^2 + TIJ^2)^1/2 + DJ) / 2 + PE
    Total System Jitter     (TSJ):    0.071ns
    Total Input Jitter      (TIJ):    0.000ns
    Discrete Jitter          (DJ):    0.000ns
    Phase Error              (PE):    0.000ns

    Location             Delay type                Incr(ns)  Path(ns)    Netlist Resource(s)
  -------------------------------------------------------------------    -------------------
                         (clock sys_clk_pin rise edge)
                                                      0.000     0.000 r  
    W5                                                0.000     0.000 r  clk (IN)
                         net (fo=0)                   0.000     0.000    clk
    W5                   IBUF (Prop_ibuf_I_O)         1.458     1.458 r  clk_IBUF_inst/O
                         net (fo=1, routed)           1.967     3.425    clk_IBUF
    BUFGCTRL_X0Y1        BUFG (Prop_bufg_I_O)         0.096     3.521 r  clk_IBUF_BUFG_inst/O
                         net (fo=16, routed)          1.565     5.086    u_clk_div/clk
    SLICE_X36Y44         FDRE                                         r  u_clk_div/num_reg[1]/C
  -------------------------------------------------------------------    -------------------
    SLICE_X36Y44         FDRE (Prop_fdre_C_Q)         0.456     5.542 r  u_clk_div/num_reg[1]/Q
                         net (fo=1, routed)           0.712     6.254    u_clk_div/num_reg_n_0_[1]
    SLICE_X36Y44         CARRY4 (Prop_carry4_S[1]_CO[3])
                                                      0.674     6.928 r  u_clk_div/num_reg[0]_i_1/CO[3]
                         net (fo=1, routed)           0.000     6.928    u_clk_div/num_reg[0]_i_1_n_0
    SLICE_X36Y45         CARRY4 (Prop_carry4_CI_O[3])
                                                      0.313     7.241 r  u_clk_div/num_reg[4]_i_1/O[3]
                         net (fo=1, routed)           0.000     7.241    u_clk_div/num_reg[4]_i_1_n_4
    SLICE_X36Y45         FDRE                                         r  u_clk_div/num_reg[7]/D
  -------------------------------------------------------------------    -------------------

                         (clock sys_clk_pin rise edge)
                                                     10.000    10.000 r  
    W5                                                0.000    10.000 r  clk (IN)
                         net (fo=0)                   0.000    10.000    clk
    W5                   IBUF (Prop_ibuf_I_O)         1.388    11.388 r  clk_IBUF_inst/O
                         net (fo=1, routed)           1.862    13.250    clk_IBUF
    BUFGCTRL_X0Y1        BUFG (Prop_bufg_I_O)         0.091    13.341 r  clk_IBUF_BUFG_inst/O
                         net (fo=16, routed)          1.445    14.786    u_clk_div/clk
    SLICE_X36Y45         FDRE                                         r  u_clk_div/num_reg[7]/C
                         clock pessimism              0.275    15.061    
                         clock uncertainty           -0.035    15.026    
    SLICE_X36Y45         FDRE (Setup_fdre_C_D)        0.062    15.088    u_clk_div/num_reg[7]
  -------------------------------------------------------------------
                         required time                         15.088    
                         arrival time                          -7.241    
  -------------------------------------------------------------------
                         slack                                  7.847    





Min Delay Paths
--------------------------------------------------------------------------------------
Slack (MET) :             0.324ns  (arrival time - required time)
  Source:                 u_clk_div/num_reg[0]/C
                            (rising edge-triggered cell FDRE clocked by sys_clk_pin  {rise@0.000ns fall@5.000ns period=10.000ns})
  Destination:            u_clk_div/num_reg[0]/D
                            (rising edge-triggered cell FDRE clocked by sys_clk_pin  {rise@0.000ns fall@5.000ns period=10.000ns})
  Path Group:             sys_clk_pin
  Path Type:              Hold (Min at Fast Process Corner)
  Requirement:            0.000ns  (sys_clk_pin rise@0.000ns - sys_clk_pin rise@0.000ns)
  Data Path Delay:        0.429ns  (logic 0.256ns (59.730%)  route 0.173ns (40.270%))
  Logic Levels:           2  (CARRY4=1 LUT1=1)
  Clock Path Skew:        0.000ns (DCD - SCD - CPR)
    Destination Clock Delay (DCD):    1.959ns
    Source Clock Delay      (SCD):    1.446ns
    Clock Pessimism Removal (CPR):    0.513ns

    Location             Delay type                Incr(ns)  Path(ns)    Netlist Resource(s)
  -------------------------------------------------------------------    -------------------
                         (clock sys_clk_pin rise edge)
                                                      0.000     0.000 r  
    W5                                                0.000     0.000 r  clk (IN)
                         net (fo=0)                   0.000     0.000    clk
    W5                   IBUF (Prop_ibuf_I_O)         0.226     0.226 r  clk_IBUF_inst/O
                         net (fo=1, routed)           0.631     0.858    clk_IBUF
    BUFGCTRL_X0Y1        BUFG (Prop_bufg_I_O)         0.026     0.884 r  clk_IBUF_BUFG_inst/O
                         net (fo=16, routed)          0.563     1.446    u_clk_div/clk
    SLICE_X36Y44         FDRE                                         r  u_clk_div/num_reg[0]/C
  -------------------------------------------------------------------    -------------------
    SLICE_X36Y44         FDRE (Prop_fdre_C_Q)         0.141     1.587 f  u_clk_div/num_reg[0]/Q
                         net (fo=1, routed)           0.173     1.760    u_clk_div/num_reg_n_0_[0]
    SLICE_X36Y44         LUT1 (Prop_lut1_I0_O)        0.045     1.805 r  u_clk_div/num[0]_i_2/O
                         net (fo=1, routed)           0.000     1.805    u_clk_div/num[0]_i_2_n_0
    SLICE_X36Y44         CARRY4 (Prop_carry4_S[0]_O[0])
                                                      0.070     1.875 r  u_clk_div/num_reg[0]_i_1/O[0]
                         net (fo=1, routed)           0.000     1.875    u_clk_div/num_reg[0]_i_1_n_7
    SLICE_X36Y44         FDRE                                         r  u_clk_div/num_reg[0]/D
  -------------------------------------------------------------------    -------------------

                         (clock sys_clk_pin rise edge)
                                                      0.000     0.000 r  
    W5                                                0.000     0.000 r  clk (IN)
                         net (fo=0)                   0.000     0.000    clk
    W5                   IBUF (Prop_ibuf_I_O)         0.414     0.414 r  clk_IBUF_inst/O
                         net (fo=1, routed)           0.685     1.099    clk_IBUF
    BUFGCTRL_X0Y1        BUFG (Prop_bufg_I_O)         0.029     1.128 r  clk_IBUF_BUFG_inst/O
                         net (fo=16, routed)          0.832     1.959    u_clk_div/clk
    SLICE_X36Y44         FDRE                                         r  u_clk_div/num_reg[0]/C
                         clock pessimism             -0.513     1.446    
    SLICE_X36Y44         FDRE (Hold_fdre_C_D)         0.105     1.551    u_clk_div/num_reg[0]
  -------------------------------------------------------------------
                         required time                         -1.551    
                         arrival time                           1.875    
  -------------------------------------------------------------------
                         slack                                  0.324    

Slack (MET) :             0.327ns  (arrival time - required time)
  Source:                 u_clk_div/num_reg[11]/C
                            (rising edge-triggered cell FDRE clocked by sys_clk_pin  {rise@0.000ns fall@5.000ns period=10.000ns})
  Destination:            u_clk_div/num_reg[11]/D
                            (rising edge-triggered cell FDRE clocked by sys_clk_pin  {rise@0.000ns fall@5.000ns period=10.000ns})
  Path Group:             sys_clk_pin
  Path Type:              Hold (Min at Fast Process Corner)
  Requirement:            0.000ns  (sys_clk_pin rise@0.000ns - sys_clk_pin rise@0.000ns)
  Data Path Delay:        0.432ns  (logic 0.249ns (57.658%)  route 0.183ns (42.342%))
  Logic Levels:           1  (CARRY4=1)
  Clock Path Skew:        0.000ns (DCD - SCD - CPR)
    Destination Clock Delay (DCD):    1.959ns
    Source Clock Delay      (SCD):    1.446ns
    Clock Pessimism Removal (CPR):    0.513ns

    Location             Delay type                Incr(ns)  Path(ns)    Netlist Resource(s)
  -------------------------------------------------------------------    -------------------
                         (clock sys_clk_pin rise edge)
                                                      0.000     0.000 r  
    W5                                                0.000     0.000 r  clk (IN)
                         net (fo=0)                   0.000     0.000    clk
    W5                   IBUF (Prop_ibuf_I_O)         0.226     0.226 r  clk_IBUF_inst/O
                         net (fo=1, routed)           0.631     0.858    clk_IBUF
    BUFGCTRL_X0Y1        BUFG (Prop_bufg_I_O)         0.026     0.884 r  clk_IBUF_BUFG_inst/O
                         net (fo=16, routed)          0.563     1.446    u_clk_div/clk
    SLICE_X36Y46         FDRE                                         r  u_clk_div/num_reg[11]/C
  -------------------------------------------------------------------    -------------------
    SLICE_X36Y46         FDRE (Prop_fdre_C_Q)         0.141     1.587 r  u_clk_div/num_reg[11]/Q
                         net (fo=1, routed)           0.183     1.770    u_clk_div/num_reg_n_0_[11]
    SLICE_X36Y46         CARRY4 (Prop_carry4_S[3]_O[3])
                                                      0.108     1.878 r  u_clk_div/num_reg[8]_i_1/O[3]
                         net (fo=1, routed)           0.000     1.878    u_clk_div/num_reg[8]_i_1_n_4
    SLICE_X36Y46         FDRE                                         r  u_clk_div/num_reg[11]/D
  -------------------------------------------------------------------    -------------------

                         (clock sys_clk_pin rise edge)
                                                      0.000     0.000 r  
    W5                                                0.000     0.000 r  clk (IN)
                         net (fo=0)                   0.000     0.000    clk
    W5                   IBUF (Prop_ibuf_I_O)         0.414     0.414 r  clk_IBUF_inst/O
                         net (fo=1, routed)           0.685     1.099    clk_IBUF
    BUFGCTRL_X0Y1        BUFG (Prop_bufg_I_O)         0.029     1.128 r  clk_IBUF_BUFG_inst/O
                         net (fo=16, routed)          0.832     1.959    u_clk_div/clk
    SLICE_X36Y46         FDRE                                         r  u_clk_div/num_reg[11]/C
                         clock pessimism             -0.513     1.446    
    SLICE_X36Y46         FDRE (Hold_fdre_C_D)         0.105     1.551    u_clk_div/num_reg[11]
  -------------------------------------------------------------------
                         required time                         -1.551    
                         arrival time                           1.878    
  -------------------------------------------------------------------
                         slack                                  0.327    

Slack (MET) :             0.327ns  (arrival time - required time)
  Source:                 u_clk_div/num_reg[3]/C
                            (rising edge-triggered cell FDRE clocked by sys_clk_pin  {rise@0.000ns fall@5.000ns period=10.000ns})
  Destination:            u_clk_div/num_reg[3]/D
                            (rising edge-triggered cell FDRE clocked by sys_clk_pin  {rise@0.000ns fall@5.000ns period=10.000ns})
  Path Group:             sys_clk_pin
  Path Type:              Hold (Min at Fast Process Corner)
  Requirement:            0.000ns  (sys_clk_pin rise@0.000ns - sys_clk_pin rise@0.000ns)
  Data Path Delay:        0.432ns  (logic 0.249ns (57.658%)  route 0.183ns (42.342%))
  Logic Levels:           1  (CARRY4=1)
  Clock Path Skew:        0.000ns (DCD - SCD - CPR)
    Destination Clock Delay (DCD):    1.959ns
    Source Clock Delay      (SCD):    1.446ns
    Clock Pessimism Removal (CPR):    0.513ns

    Location             Delay type                Incr(ns)  Path(ns)    Netlist Resource(s)
  -------------------------------------------------------------------    -------------------
                         (clock sys_clk_pin rise edge)
                                                      0.000     0.000 r  
    W5                                                0.000     0.000 r  clk (IN)
                         net (fo=0)                   0.000     0.000    clk
    W5                   IBUF (Prop_ibuf_I_O)         0.226     0.226 r  clk_IBUF_inst/O
                         net (fo=1, routed)           0.631     0.858    clk_IBUF
    BUFGCTRL_X0Y1        BUFG (Prop_bufg_I_O)         0.026     0.884 r  clk_IBUF_BUFG_inst/O
                         net (fo=16, routed)          0.563     1.446    u_clk_div/clk
    SLICE_X36Y44         FDRE                                         r  u_clk_div/num_reg[3]/C
  -------------------------------------------------------------------    -------------------
    SLICE_X36Y44         FDRE (Prop_fdre_C_Q)         0.141     1.587 r  u_clk_div/num_reg[3]/Q
                         net (fo=1, routed)           0.183     1.770    u_clk_div/num_reg_n_0_[3]
    SLICE_X36Y44         CARRY4 (Prop_carry4_S[3]_O[3])
                                                      0.108     1.878 r  u_clk_div/num_reg[0]_i_1/O[3]
                         net (fo=1, routed)           0.000     1.878    u_clk_div/num_reg[0]_i_1_n_4
    SLICE_X36Y44         FDRE                                         r  u_clk_div/num_reg[3]/D
  -------------------------------------------------------------------    -------------------

                         (clock sys_clk_pin rise edge)
                                                      0.000     0.000 r  
    W5                                                0.000     0.000 r  clk (IN)
                         net (fo=0)                   0.000     0.000    clk
    W5                   IBUF (Prop_ibuf_I_O)         0.414     0.414 r  clk_IBUF_inst/O
                         net (fo=1, routed)           0.685     1.099    clk_IBUF
    BUFGCTRL_X0Y1        BUFG (Prop_bufg_I_O)         0.029     1.128 r  clk_IBUF_BUFG_inst/O
                         net (fo=16, routed)          0.832     1.959    u_clk_div/clk
    SLICE_X36Y44         FDRE                                         r  u_clk_div/num_reg[3]/C
                         clock pessimism             -0.513     1.446    
    SLICE_X36Y44         FDRE (Hold_fdre_C_D)         0.105     1.551    u_clk_div/num_reg[3]
  -------------------------------------------------------------------
                         required time                         -1.551    
                         arrival time                           1.878    
  -------------------------------------------------------------------
                         slack                                  0.327    

Slack (MET) :             0.327ns  (arrival time - required time)
  Source:                 u_clk_div/num_reg[12]/C
                            (rising edge-triggered cell FDRE clocked by sys_clk_pin  {rise@0.000ns fall@5.000ns period=10.000ns})
  Destination:            u_clk_div/num_reg[12]/D
                            (rising edge-triggered cell FDRE clocked by sys_clk_pin  {rise@0.000ns fall@5.000ns period=10.000ns})
  Path Group:             sys_clk_pin
  Path Type:              Hold (Min at Fast Process Corner)
  Requirement:            0.000ns  (sys_clk_pin rise@0.000ns - sys_clk_pin rise@0.000ns)
  Data Path Delay:        0.432ns  (logic 0.256ns (59.199%)  route 0.176ns (40.801%))
  Logic Levels:           1  (CARRY4=1)
  Clock Path Skew:        0.000ns (DCD - SCD - CPR)
    Destination Clock Delay (DCD):    1.960ns
    Source Clock Delay      (SCD):    1.447ns
    Clock Pessimism Removal (CPR):    0.513ns

    Location             Delay type                Incr(ns)  Path(ns)    Netlist Resource(s)
  -------------------------------------------------------------------    -------------------
                         (clock sys_clk_pin rise edge)
                                                      0.000     0.000 r  
    W5                                                0.000     0.000 r  clk (IN)
                         net (fo=0)                   0.000     0.000    clk
    W5                   IBUF (Prop_ibuf_I_O)         0.226     0.226 r  clk_IBUF_inst/O
                         net (fo=1, routed)           0.631     0.858    clk_IBUF
    BUFGCTRL_X0Y1        BUFG (Prop_bufg_I_O)         0.026     0.884 r  clk_IBUF_BUFG_inst/O
                         net (fo=16, routed)          0.564     1.447    u_clk_div/clk
    SLICE_X36Y47         FDRE                                         r  u_clk_div/num_reg[12]/C
  -------------------------------------------------------------------    -------------------
    SLICE_X36Y47         FDRE (Prop_fdre_C_Q)         0.141     1.588 r  u_clk_div/num_reg[12]/Q
                         net (fo=1, routed)           0.176     1.765    u_clk_div/num_reg_n_0_[12]
    SLICE_X36Y47         CARRY4 (Prop_carry4_S[0]_O[0])
                                                      0.115     1.880 r  u_clk_div/num_reg[12]_i_1/O[0]
                         net (fo=1, routed)           0.000     1.880    u_clk_div/num_reg[12]_i_1_n_7
    SLICE_X36Y47         FDRE                                         r  u_clk_div/num_reg[12]/D
  -------------------------------------------------------------------    -------------------

                         (clock sys_clk_pin rise edge)
                                                      0.000     0.000 r  
    W5                                                0.000     0.000 r  clk (IN)
                         net (fo=0)                   0.000     0.000    clk
    W5                   IBUF (Prop_ibuf_I_O)         0.414     0.414 r  clk_IBUF_inst/O
                         net (fo=1, routed)           0.685     1.099    clk_IBUF
    BUFGCTRL_X0Y1        BUFG (Prop_bufg_I_O)         0.029     1.128 r  clk_IBUF_BUFG_inst/O
                         net (fo=16, routed)          0.833     1.960    u_clk_div/clk
    SLICE_X36Y47         FDRE                                         r  u_clk_div/num_reg[12]/C
                         clock pessimism             -0.513     1.447    
    SLICE_X36Y47         FDRE (Hold_fdre_C_D)         0.105     1.552    u_clk_div/num_reg[12]
  -------------------------------------------------------------------
                         required time                         -1.552    
                         arrival time                           1.880    
  -------------------------------------------------------------------
                         slack                                  0.327    

Slack (MET) :             0.327ns  (arrival time - required time)
  Source:                 u_clk_div/num_reg[4]/C
                            (rising edge-triggered cell FDRE clocked by sys_clk_pin  {rise@0.000ns fall@5.000ns period=10.000ns})
  Destination:            u_clk_div/num_reg[4]/D
                            (rising edge-triggered cell FDRE clocked by sys_clk_pin  {rise@0.000ns fall@5.000ns period=10.000ns})
  Path Group:             sys_clk_pin
  Path Type:              Hold (Min at Fast Process Corner)
  Requirement:            0.000ns  (sys_clk_pin rise@0.000ns - sys_clk_pin rise@0.000ns)
  Data Path Delay:        0.432ns  (logic 0.256ns (59.199%)  route 0.176ns (40.801%))
  Logic Levels:           1  (CARRY4=1)
  Clock Path Skew:        0.000ns (DCD - SCD - CPR)
    Destination Clock Delay (DCD):    1.959ns
    Source Clock Delay      (SCD):    1.446ns
    Clock Pessimism Removal (CPR):    0.513ns

    Location             Delay type                Incr(ns)  Path(ns)    Netlist Resource(s)
  -------------------------------------------------------------------    -------------------
                         (clock sys_clk_pin rise edge)
                                                      0.000     0.000 r  
    W5                                                0.000     0.000 r  clk (IN)
                         net (fo=0)                   0.000     0.000    clk
    W5                   IBUF (Prop_ibuf_I_O)         0.226     0.226 r  clk_IBUF_inst/O
                         net (fo=1, routed)           0.631     0.858    clk_IBUF
    BUFGCTRL_X0Y1        BUFG (Prop_bufg_I_O)         0.026     0.884 r  clk_IBUF_BUFG_inst/O
                         net (fo=16, routed)          0.563     1.446    u_clk_div/clk
    SLICE_X36Y45         FDRE                                         r  u_clk_div/num_reg[4]/C
  -------------------------------------------------------------------    -------------------
    SLICE_X36Y45         FDRE (Prop_fdre_C_Q)         0.141     1.587 r  u_clk_div/num_reg[4]/Q
                         net (fo=1, routed)           0.176     1.764    u_clk_div/num_reg_n_0_[4]
    SLICE_X36Y45         CARRY4 (Prop_carry4_S[0]_O[0])
                                                      0.115     1.879 r  u_clk_div/num_reg[4]_i_1/O[0]
                         net (fo=1, routed)           0.000     1.879    u_clk_div/num_reg[4]_i_1_n_7
    SLICE_X36Y45         FDRE                                         r  u_clk_div/num_reg[4]/D
  -------------------------------------------------------------------    -------------------

                         (clock sys_clk_pin rise edge)
                                                      0.000     0.000 r  
    W5                                                0.000     0.000 r  clk (IN)
                         net (fo=0)                   0.000     0.000    clk
    W5                   IBUF (Prop_ibuf_I_O)         0.414     0.414 r  clk_IBUF_inst/O
                         net (fo=1, routed)           0.685     1.099    clk_IBUF
    BUFGCTRL_X0Y1        BUFG (Prop_bufg_I_O)         0.029     1.128 r  clk_IBUF_BUFG_inst/O
                         net (fo=16, routed)          0.832     1.959    u_clk_div/clk
    SLICE_X36Y45         FDRE                                         r  u_clk_div/num_reg[4]/C
                         clock pessimism             -0.513     1.446    
    SLICE_X36Y45         FDRE (Hold_fdre_C_D)         0.105     1.551    u_clk_div/num_reg[4]
  -------------------------------------------------------------------
                         required time                         -1.551    
                         arrival time                           1.879    
  -------------------------------------------------------------------
                         slack                                  0.327    

Slack (MET) :             0.360ns  (arrival time - required time)
  Source:                 u_clk_div/num_reg[0]/C
                            (rising edge-triggered cell FDRE clocked by sys_clk_pin  {rise@0.000ns fall@5.000ns period=10.000ns})
  Destination:            u_clk_div/num_reg[1]/D
                            (rising edge-triggered cell FDRE clocked by sys_clk_pin  {rise@0.000ns fall@5.000ns period=10.000ns})
  Path Group:             sys_clk_pin
  Path Type:              Hold (Min at Fast Process Corner)
  Requirement:            0.000ns  (sys_clk_pin rise@0.000ns - sys_clk_pin rise@0.000ns)
  Data Path Delay:        0.465ns  (logic 0.292ns (62.850%)  route 0.173ns (37.150%))
  Logic Levels:           2  (CARRY4=1 LUT1=1)
  Clock Path Skew:        0.000ns (DCD - SCD - CPR)
    Destination Clock Delay (DCD):    1.959ns
    Source Clock Delay      (SCD):    1.446ns
    Clock Pessimism Removal (CPR):    0.513ns

    Location             Delay type                Incr(ns)  Path(ns)    Netlist Resource(s)
  -------------------------------------------------------------------    -------------------
                         (clock sys_clk_pin rise edge)
                                                      0.000     0.000 r  
    W5                                                0.000     0.000 r  clk (IN)
                         net (fo=0)                   0.000     0.000    clk
    W5                   IBUF (Prop_ibuf_I_O)         0.226     0.226 r  clk_IBUF_inst/O
                         net (fo=1, routed)           0.631     0.858    clk_IBUF
    BUFGCTRL_X0Y1        BUFG (Prop_bufg_I_O)         0.026     0.884 r  clk_IBUF_BUFG_inst/O
                         net (fo=16, routed)          0.563     1.446    u_clk_div/clk
    SLICE_X36Y44         FDRE                                         r  u_clk_div/num_reg[0]/C
  -------------------------------------------------------------------    -------------------
    SLICE_X36Y44         FDRE (Prop_fdre_C_Q)         0.141     1.587 f  u_clk_div/num_reg[0]/Q
                         net (fo=1, routed)           0.173     1.760    u_clk_div/num_reg_n_0_[0]
    SLICE_X36Y44         LUT1 (Prop_lut1_I0_O)        0.045     1.805 r  u_clk_div/num[0]_i_2/O
                         net (fo=1, routed)           0.000     1.805    u_clk_div/num[0]_i_2_n_0
    SLICE_X36Y44         CARRY4 (Prop_carry4_S[0]_O[1])
                                                      0.106     1.911 r  u_clk_div/num_reg[0]_i_1/O[1]
                         net (fo=1, routed)           0.000     1.911    u_clk_div/num_reg[0]_i_1_n_6
    SLICE_X36Y44         FDRE                                         r  u_clk_div/num_reg[1]/D
  -------------------------------------------------------------------    -------------------

                         (clock sys_clk_pin rise edge)
                                                      0.000     0.000 r  
    W5                                                0.000     0.000 r  clk (IN)
                         net (fo=0)                   0.000     0.000    clk
    W5                   IBUF (Prop_ibuf_I_O)         0.414     0.414 r  clk_IBUF_inst/O
                         net (fo=1, routed)           0.685     1.099    clk_IBUF
    BUFGCTRL_X0Y1        BUFG (Prop_bufg_I_O)         0.029     1.128 r  clk_IBUF_BUFG_inst/O
                         net (fo=16, routed)          0.832     1.959    u_clk_div/clk
    SLICE_X36Y44         FDRE                                         r  u_clk_div/num_reg[1]/C
                         clock pessimism             -0.513     1.446    
    SLICE_X36Y44         FDRE (Hold_fdre_C_D)         0.105     1.551    u_clk_div/num_reg[1]
  -------------------------------------------------------------------
                         required time                         -1.551    
                         arrival time                           1.911    
  -------------------------------------------------------------------
                         slack                                  0.360    

Slack (MET) :             0.363ns  (arrival time - required time)
  Source:                 u_clk_div/num_reg[12]/C
                            (rising edge-triggered cell FDRE clocked by sys_clk_pin  {rise@0.000ns fall@5.000ns period=10.000ns})
  Destination:            u_clk_div/num_reg[13]/D
                            (rising edge-triggered cell FDRE clocked by sys_clk_pin  {rise@0.000ns fall@5.000ns period=10.000ns})
  Path Group:             sys_clk_pin
  Path Type:              Hold (Min at Fast Process Corner)
  Requirement:            0.000ns  (sys_clk_pin rise@0.000ns - sys_clk_pin rise@0.000ns)
  Data Path Delay:        0.468ns  (logic 0.292ns (62.334%)  route 0.176ns (37.666%))
  Logic Levels:           1  (CARRY4=1)
  Clock Path Skew:        0.000ns (DCD - SCD - CPR)
    Destination Clock Delay (DCD):    1.960ns
    Source Clock Delay      (SCD):    1.447ns
    Clock Pessimism Removal (CPR):    0.513ns

    Location             Delay type                Incr(ns)  Path(ns)    Netlist Resource(s)
  -------------------------------------------------------------------    -------------------
                         (clock sys_clk_pin rise edge)
                                                      0.000     0.000 r  
    W5                                                0.000     0.000 r  clk (IN)
                         net (fo=0)                   0.000     0.000    clk
    W5                   IBUF (Prop_ibuf_I_O)         0.226     0.226 r  clk_IBUF_inst/O
                         net (fo=1, routed)           0.631     0.858    clk_IBUF
    BUFGCTRL_X0Y1        BUFG (Prop_bufg_I_O)         0.026     0.884 r  clk_IBUF_BUFG_inst/O
                         net (fo=16, routed)          0.564     1.447    u_clk_div/clk
    SLICE_X36Y47         FDRE                                         r  u_clk_div/num_reg[12]/C
  -------------------------------------------------------------------    -------------------
    SLICE_X36Y47         FDRE (Prop_fdre_C_Q)         0.141     1.588 r  u_clk_div/num_reg[12]/Q
                         net (fo=1, routed)           0.176     1.765    u_clk_div/num_reg_n_0_[12]
    SLICE_X36Y47         CARRY4 (Prop_carry4_S[0]_O[1])
                                                      0.151     1.916 r  u_clk_div/num_reg[12]_i_1/O[1]
                         net (fo=1, routed)           0.000     1.916    u_clk_div/num_reg[12]_i_1_n_6
    SLICE_X36Y47         FDRE                                         r  u_clk_div/num_reg[13]/D
  -------------------------------------------------------------------    -------------------

                         (clock sys_clk_pin rise edge)
                                                      0.000     0.000 r  
    W5                                                0.000     0.000 r  clk (IN)
                         net (fo=0)                   0.000     0.000    clk
    W5                   IBUF (Prop_ibuf_I_O)         0.414     0.414 r  clk_IBUF_inst/O
                         net (fo=1, routed)           0.685     1.099    clk_IBUF
    BUFGCTRL_X0Y1        BUFG (Prop_bufg_I_O)         0.029     1.128 r  clk_IBUF_BUFG_inst/O
                         net (fo=16, routed)          0.833     1.960    u_clk_div/clk
    SLICE_X36Y47         FDRE                                         r  u_clk_div/num_reg[13]/C
                         clock pessimism             -0.513     1.447    
    SLICE_X36Y47         FDRE (Hold_fdre_C_D)         0.105     1.552    u_clk_div/num_reg[13]
  -------------------------------------------------------------------
                         required time                         -1.552    
                         arrival time                           1.916    
  -------------------------------------------------------------------
                         slack                                  0.363    

Slack (MET) :             0.363ns  (arrival time - required time)
  Source:                 u_clk_div/num_reg[4]/C
                            (rising edge-triggered cell FDRE clocked by sys_clk_pin  {rise@0.000ns fall@5.000ns period=10.000ns})
  Destination:            u_clk_div/num_reg[5]/D
                            (rising edge-triggered cell FDRE clocked by sys_clk_pin  {rise@0.000ns fall@5.000ns period=10.000ns})
  Path Group:             sys_clk_pin
  Path Type:              Hold (Min at Fast Process Corner)
  Requirement:            0.000ns  (sys_clk_pin rise@0.000ns - sys_clk_pin rise@0.000ns)
  Data Path Delay:        0.468ns  (logic 0.292ns (62.334%)  route 0.176ns (37.666%))
  Logic Levels:           1  (CARRY4=1)
  Clock Path Skew:        0.000ns (DCD - SCD - CPR)
    Destination Clock Delay (DCD):    1.959ns
    Source Clock Delay      (SCD):    1.446ns
    Clock Pessimism Removal (CPR):    0.513ns

    Location             Delay type                Incr(ns)  Path(ns)    Netlist Resource(s)
  -------------------------------------------------------------------    -------------------
                         (clock sys_clk_pin rise edge)
                                                      0.000     0.000 r  
    W5                                                0.000     0.000 r  clk (IN)
                         net (fo=0)                   0.000     0.000    clk
    W5                   IBUF (Prop_ibuf_I_O)         0.226     0.226 r  clk_IBUF_inst/O
                         net (fo=1, routed)           0.631     0.858    clk_IBUF
    BUFGCTRL_X0Y1        BUFG (Prop_bufg_I_O)         0.026     0.884 r  clk_IBUF_BUFG_inst/O
                         net (fo=16, routed)          0.563     1.446    u_clk_div/clk
    SLICE_X36Y45         FDRE                                         r  u_clk_div/num_reg[4]/C
  -------------------------------------------------------------------    -------------------
    SLICE_X36Y45         FDRE (Prop_fdre_C_Q)         0.141     1.587 r  u_clk_div/num_reg[4]/Q
                         net (fo=1, routed)           0.176     1.764    u_clk_div/num_reg_n_0_[4]
    SLICE_X36Y45         CARRY4 (Prop_carry4_S[0]_O[1])
                                                      0.151     1.915 r  u_clk_div/num_reg[4]_i_1/O[1]
                         net (fo=1, routed)           0.000     1.915    u_clk_div/num_reg[4]_i_1_n_6
    SLICE_X36Y45         FDRE                                         r  u_clk_div/num_reg[5]/D
  -------------------------------------------------------------------    -------------------

                         (clock sys_clk_pin rise edge)
                                                      0.000     0.000 r  
    W5                                                0.000     0.000 r  clk (IN)
                         net (fo=0)                   0.000     0.000    clk
    W5                   IBUF (Prop_ibuf_I_O)         0.414     0.414 r  clk_IBUF_inst/O
                         net (fo=1, routed)           0.685     1.099    clk_IBUF
    BUFGCTRL_X0Y1        BUFG (Prop_bufg_I_O)         0.029     1.128 r  clk_IBUF_BUFG_inst/O
                         net (fo=16, routed)          0.832     1.959    u_clk_div/clk
    SLICE_X36Y45         FDRE                                         r  u_clk_div/num_reg[5]/C
                         clock pessimism             -0.513     1.446    
    SLICE_X36Y45         FDRE (Hold_fdre_C_D)         0.105     1.551    u_clk_div/num_reg[5]
  -------------------------------------------------------------------
                         required time                         -1.551    
                         arrival time                           1.915    
  -------------------------------------------------------------------
                         slack                                  0.363    

Slack (MET) :             0.372ns  (arrival time - required time)
  Source:                 u_clk_div/num_reg[7]/C
                            (rising edge-triggered cell FDRE clocked by sys_clk_pin  {rise@0.000ns fall@5.000ns period=10.000ns})
  Destination:            u_clk_div/num_reg[7]/D
                            (rising edge-triggered cell FDRE clocked by sys_clk_pin  {rise@0.000ns fall@5.000ns period=10.000ns})
  Path Group:             sys_clk_pin
  Path Type:              Hold (Min at Fast Process Corner)
  Requirement:            0.000ns  (sys_clk_pin rise@0.000ns - sys_clk_pin rise@0.000ns)
  Data Path Delay:        0.477ns  (logic 0.249ns (52.216%)  route 0.228ns (47.784%))
  Logic Levels:           1  (CARRY4=1)
  Clock Path Skew:        0.000ns (DCD - SCD - CPR)
    Destination Clock Delay (DCD):    1.959ns
    Source Clock Delay      (SCD):    1.446ns
    Clock Pessimism Removal (CPR):    0.513ns

    Location             Delay type                Incr(ns)  Path(ns)    Netlist Resource(s)
  -------------------------------------------------------------------    -------------------
                         (clock sys_clk_pin rise edge)
                                                      0.000     0.000 r  
    W5                                                0.000     0.000 r  clk (IN)
                         net (fo=0)                   0.000     0.000    clk
    W5                   IBUF (Prop_ibuf_I_O)         0.226     0.226 r  clk_IBUF_inst/O
                         net (fo=1, routed)           0.631     0.858    clk_IBUF
    BUFGCTRL_X0Y1        BUFG (Prop_bufg_I_O)         0.026     0.884 r  clk_IBUF_BUFG_inst/O
                         net (fo=16, routed)          0.563     1.446    u_clk_div/clk
    SLICE_X36Y45         FDRE                                         r  u_clk_div/num_reg[7]/C
  -------------------------------------------------------------------    -------------------
    SLICE_X36Y45         FDRE (Prop_fdre_C_Q)         0.141     1.587 r  u_clk_div/num_reg[7]/Q
                         net (fo=1, routed)           0.228     1.815    u_clk_div/num_reg_n_0_[7]
    SLICE_X36Y45         CARRY4 (Prop_carry4_S[3]_O[3])
                                                      0.108     1.923 r  u_clk_div/num_reg[4]_i_1/O[3]
                         net (fo=1, routed)           0.000     1.923    u_clk_div/num_reg[4]_i_1_n_4
    SLICE_X36Y45         FDRE                                         r  u_clk_div/num_reg[7]/D
  -------------------------------------------------------------------    -------------------

                         (clock sys_clk_pin rise edge)
                                                      0.000     0.000 r  
    W5                                                0.000     0.000 r  clk (IN)
                         net (fo=0)                   0.000     0.000    clk
    W5                   IBUF (Prop_ibuf_I_O)         0.414     0.414 r  clk_IBUF_inst/O
                         net (fo=1, routed)           0.685     1.099    clk_IBUF
    BUFGCTRL_X0Y1        BUFG (Prop_bufg_I_O)         0.029     1.128 r  clk_IBUF_BUFG_inst/O
                         net (fo=16, routed)          0.832     1.959    u_clk_div/clk
    SLICE_X36Y45         FDRE                                         r  u_clk_div/num_reg[7]/C
                         clock pessimism             -0.513     1.446    
    SLICE_X36Y45         FDRE (Hold_fdre_C_D)         0.105     1.551    u_clk_div/num_reg[7]
  -------------------------------------------------------------------
                         required time                         -1.551    
                         arrival time                           1.923    
  -------------------------------------------------------------------
                         slack                                  0.372    

Slack (MET) :             0.373ns  (arrival time - required time)
  Source:                 u_clk_div/num_reg[8]/C
                            (rising edge-triggered cell FDRE clocked by sys_clk_pin  {rise@0.000ns fall@5.000ns period=10.000ns})
  Destination:            u_clk_div/num_reg[8]/D
                            (rising edge-triggered cell FDRE clocked by sys_clk_pin  {rise@0.000ns fall@5.000ns period=10.000ns})
  Path Group:             sys_clk_pin
  Path Type:              Hold (Min at Fast Process Corner)
  Requirement:            0.000ns  (sys_clk_pin rise@0.000ns - sys_clk_pin rise@0.000ns)
  Data Path Delay:        0.478ns  (logic 0.256ns (53.516%)  route 0.222ns (46.484%))
  Logic Levels:           1  (CARRY4=1)
  Clock Path Skew:        0.000ns (DCD - SCD - CPR)
    Destination Clock Delay (DCD):    1.959ns
    Source Clock Delay      (SCD):    1.446ns
    Clock Pessimism Removal (CPR):    0.513ns

    Location             Delay type                Incr(ns)  Path(ns)    Netlist Resource(s)
  -------------------------------------------------------------------    -------------------
                         (clock sys_clk_pin rise edge)
                                                      0.000     0.000 r  
    W5                                                0.000     0.000 r  clk (IN)
                         net (fo=0)                   0.000     0.000    clk
    W5                   IBUF (Prop_ibuf_I_O)         0.226     0.226 r  clk_IBUF_inst/O
                         net (fo=1, routed)           0.631     0.858    clk_IBUF
    BUFGCTRL_X0Y1        BUFG (Prop_bufg_I_O)         0.026     0.884 r  clk_IBUF_BUFG_inst/O
                         net (fo=16, routed)          0.563     1.446    u_clk_div/clk
    SLICE_X36Y46         FDRE                                         r  u_clk_div/num_reg[8]/C
  -------------------------------------------------------------------    -------------------
    SLICE_X36Y46         FDRE (Prop_fdre_C_Q)         0.141     1.587 r  u_clk_div/num_reg[8]/Q
                         net (fo=1, routed)           0.222     1.809    u_clk_div/num_reg_n_0_[8]
    SLICE_X36Y46         CARRY4 (Prop_carry4_S[0]_O[0])
                                                      0.115     1.924 r  u_clk_div/num_reg[8]_i_1/O[0]
                         net (fo=1, routed)           0.000     1.924    u_clk_div/num_reg[8]_i_1_n_7
    SLICE_X36Y46         FDRE                                         r  u_clk_div/num_reg[8]/D
  -------------------------------------------------------------------    -------------------

                         (clock sys_clk_pin rise edge)
                                                      0.000     0.000 r  
    W5                                                0.000     0.000 r  clk (IN)
                         net (fo=0)                   0.000     0.000    clk
    W5                   IBUF (Prop_ibuf_I_O)         0.414     0.414 r  clk_IBUF_inst/O
                         net (fo=1, routed)           0.685     1.099    clk_IBUF
    BUFGCTRL_X0Y1        BUFG (Prop_bufg_I_O)         0.029     1.128 r  clk_IBUF_BUFG_inst/O
                         net (fo=16, routed)          0.832     1.959    u_clk_div/clk
    SLICE_X36Y46         FDRE                                         r  u_clk_div/num_reg[8]/C
                         clock pessimism             -0.513     1.446    
    SLICE_X36Y46         FDRE (Hold_fdre_C_D)         0.105     1.551    u_clk_div/num_reg[8]
  -------------------------------------------------------------------
                         required time                         -1.551    
                         arrival time                           1.924    
  -------------------------------------------------------------------
                         slack                                  0.373    





Pulse Width Checks
--------------------------------------------------------------------------------------
Clock Name:         sys_clk_pin
Waveform(ns):       { 0.000 5.000 }
Period(ns):         10.000
Sources:            { clk }

Check Type        Corner  Lib Pin  Reference Pin  Required(ns)  Actual(ns)  Slack(ns)  Location       Pin
Min Period        n/a     BUFG/I   n/a            2.155         10.000      7.845      BUFGCTRL_X0Y1  clk_IBUF_BUFG_inst/I
Min Period        n/a     FDRE/C   n/a            1.000         10.000      9.000      SLICE_X36Y44   u_clk_div/num_reg[0]/C
Min Period        n/a     FDRE/C   n/a            1.000         10.000      9.000      SLICE_X36Y46   u_clk_div/num_reg[10]/C
Min Period        n/a     FDRE/C   n/a            1.000         10.000      9.000      SLICE_X36Y46   u_clk_div/num_reg[11]/C
Min Period        n/a     FDRE/C   n/a            1.000         10.000      9.000      SLICE_X36Y47   u_clk_div/num_reg[12]/C
Min Period        n/a     FDRE/C   n/a            1.000         10.000      9.000      SLICE_X36Y47   u_clk_div/num_reg[13]/C
Min Period        n/a     FDRE/C   n/a            1.000         10.000      9.000      SLICE_X36Y47   u_clk_div/num_reg[14]/C
Min Period        n/a     FDRE/C   n/a            1.000         10.000      9.000      SLICE_X36Y47   u_clk_div/num_reg[15]/C
Min Period        n/a     FDRE/C   n/a            1.000         10.000      9.000      SLICE_X36Y44   u_clk_div/num_reg[1]/C
Min Period        n/a     FDRE/C   n/a            1.000         10.000      9.000      SLICE_X36Y44   u_clk_div/num_reg[2]/C
Low Pulse Width   Slow    FDRE/C   n/a            0.500         5.000       4.500      SLICE_X36Y44   u_clk_div/num_reg[0]/C
Low Pulse Width   Slow    FDRE/C   n/a            0.500         5.000       4.500      SLICE_X36Y46   u_clk_div/num_reg[10]/C
Low Pulse Width   Slow    FDRE/C   n/a            0.500         5.000       4.500      SLICE_X36Y46   u_clk_div/num_reg[11]/C
Low Pulse Width   Slow    FDRE/C   n/a            0.500         5.000       4.500      SLICE_X36Y47   u_clk_div/num_reg[12]/C
Low Pulse Width   Slow    FDRE/C   n/a            0.500         5.000       4.500      SLICE_X36Y47   u_clk_div/num_reg[13]/C
Low Pulse Width   Slow    FDRE/C   n/a            0.500         5.000       4.500      SLICE_X36Y47   u_clk_div/num_reg[14]/C
Low Pulse Width   Slow    FDRE/C   n/a            0.500         5.000       4.500      SLICE_X36Y47   u_clk_div/num_reg[15]/C
Low Pulse Width   Slow    FDRE/C   n/a            0.500         5.000       4.500      SLICE_X36Y44   u_clk_div/num_reg[1]/C
Low Pulse Width   Slow    FDRE/C   n/a            0.500         5.000       4.500      SLICE_X36Y44   u_clk_div/num_reg[2]/C
Low Pulse Width   Slow    FDRE/C   n/a            0.500         5.000       4.500      SLICE_X36Y44   u_clk_div/num_reg[3]/C
High Pulse Width  Fast    FDRE/C   n/a            0.500         5.000       4.500      SLICE_X36Y44   u_clk_div/num_reg[0]/C
High Pulse Width  Fast    FDRE/C   n/a            0.500         5.000       4.500      SLICE_X36Y46   u_clk_div/num_reg[10]/C
High Pulse Width  Fast    FDRE/C   n/a            0.500         5.000       4.500      SLICE_X36Y46   u_clk_div/num_reg[11]/C
High Pulse Width  Fast    FDRE/C   n/a            0.500         5.000       4.500      SLICE_X36Y44   u_clk_div/num_reg[1]/C
High Pulse Width  Fast    FDRE/C   n/a            0.500         5.000       4.500      SLICE_X36Y44   u_clk_div/num_reg[2]/C
High Pulse Width  Fast    FDRE/C   n/a            0.500         5.000       4.500      SLICE_X36Y44   u_clk_div/num_reg[3]/C
High Pulse Width  Fast    FDRE/C   n/a            0.500         5.000       4.500      SLICE_X36Y45   u_clk_div/num_reg[4]/C
High Pulse Width  Fast    FDRE/C   n/a            0.500         5.000       4.500      SLICE_X36Y45   u_clk_div/num_reg[5]/C
High Pulse Width  Fast    FDRE/C   n/a            0.500         5.000       4.500      SLICE_X36Y45   u_clk_div/num_reg[6]/C
High Pulse Width  Fast    FDRE/C   n/a            0.500         5.000       4.500      SLICE_X36Y45   u_clk_div/num_reg[7]/C



